09-24 10:09:30.588  2990  3133 D dalvikvm: DexOpt: --- END 'ads786616703.jar' (success) ---
09-24 10:09:30.588  2990  3133 D dalvikvm: DEX prep '/data/data/andrei.brusentcov.eyecheck.free/cache/ads786616703.jar': unzip in 0ms, rewrite 248ms
09-24 10:09:30.868   728   744 I ActivityManager: Displayed andrei.brusentcov.eyecheck.free/andrei.brusentcov.eyecheck.MainActivity: +802ms
09-24 10:09:30.868   728   744 I Timeline: Timeline: Activity_windows_visible id: ActivityRecord{41ad84d0 u0 andrei.brusentcov.eyecheck.free/andrei.brusentcov.eyecheck.MainActivity t21} time:1791439
09-24 10:09:31.058  2990  2990 I Timeline: Timeline: Activity_idle id: android.os.BinderProxy@41ec4be0 time:1791622
09-24 10:09:31.368  2990  3143 W chromium: [WARNING:proxy_service.cc(890)] PAC support disabled because there is no system implementation
09-24 10:09:31.709  2990  3182 W chromium: [WARNING:simple_index_file.cc(338)] Could not map Simple Index file.
09-24 10:09:31.709  2990  3182 I chromium: [INFO:simple_index_file.cc(437)] Simple Cache Index is being restored from disk.
09-24 10:09:32.249  2990  2990 I chromium: [INFO:CONSOLE(7)] "Creating Application Cache with manifest https://googleads.g.doubleclick.net/mads/static/mad/sdk/native/sdk-core-v40.appcache", source: https://googleads.g.doubleclick.net/mads/static/mad/sdk/native/sdk-core-v40.html (7)
09-24 10:09:32.259  2990  2990 I chromium: [INFO:CONSOLE(7)] "Application Cache Checking event", source: https://googleads.g.doubleclick.net/mads/static/mad/sdk/native/sdk-core-v40.html (7)
09-24 10:09:32.349  2990  3183 W chromium: [WARNING:simple_index_file.cc(338)] Could not map Simple Index file.
09-24 10:09:32.349  2990  3183 I chromium: [INFO:simple_index_file.cc(437)] Simple Cache Index is being restored from disk.
09-24 10:09:32.359  2990  2990 I chromium: [INFO:CONSOLE(0)] "Application Cache Downloading event", source: https://googleads.g.doubleclick.net/mads/static/mad/sdk/native/sdk-core-v40.html (0)
09-24 10:09:32.499  2990  2990 I chromium: [INFO:CONSOLE(0)] "Application Cache Progress event (0 of 2) https://googleads.g.doubleclick.net/mads/static/mad/sdk/native/sdk-core-v40.js", source: https://googleads.g.doubleclick.net/mads/static/mad/sdk/native/sdk-core-v40.html (0)
09-24 10:09:32.499  2990  2990 I chromium: [INFO:CONSOLE(0)] "Application Cache Progress event (1 of 2) https://googleads.g.doubleclick.net/mads/static/mad/sdk/native/production/sdk-core-v40-impl.js", source: https://googleads.g.doubleclick.net/mads/static/mad/sdk/native/sdk-core-v40.html (0)
09-24 10:09:32.920  2990  2990 I chromium: [INFO:CONSOLE(0)] "Application Cache Progress event (2 of 2) ", source: https://googleads.g.doubleclick.net/mads/static/mad/sdk/native/sdk-core-v40.html (0)
09-24 10:09:32.920  2990  2990 I chromium: [INFO:CONSOLE(0)] "Application Cache Cached event", source: https://googleads.g.doubleclick.net/mads/static/mad/sdk/native/sdk-core-v40.html (0)
09-24 10:09:34.762  3265  3265 D AndroidRuntime: 
09-24 10:09:34.762  3265  3265 D AndroidRuntime: >>>>>> AndroidRuntime START com.android.internal.os.RuntimeInit <<<<<<
09-24 10:09:34.762  3265  3265 D AndroidRuntime: CheckJNI is OFF
09-24 10:09:34.782  3265  3265 D dalvikvm: Trying to load lib libjavacore.so 0x0
09-24 10:09:34.792  3265  3265 D dalvikvm: Added shared lib libjavacore.so 0x0
09-24 10:09:34.792  3265  3265 D dalvikvm: Trying to load lib libnativehelper.so 0x0
09-24 10:09:34.792  3265  3265 D dalvikvm: Added shared lib libnativehelper.so 0x0
09-24 10:09:34.792  3265  3265 D dalvikvm: No JNI_OnLoad found in libnativehelper.so 0x0, skipping init
09-24 10:09:34.842  3265  3265 D dalvikvm: Note: class Landroid/app/ActivityManagerNative; has 180 unimplemented (abstract) methods
09-24 10:09:35.162  3265  3265 D AndroidRuntime: Calling main entry com.android.commands.input.Input
09-24 10:09:35.162  3265  3265 I Input   : injectKeyEvent: KeyEvent { action=ACTION_DOWN, keyCode=KEYCODE_BACK, scanCode=0, metaState=0, flags=0x0, repeatCount=0, eventTime=1795728, downTime=1795728, deviceId=-1, source=0x101 }
09-24 10:09:35.182  3265  3265 I Input   : injectKeyEvent: KeyEvent { action=ACTION_UP, keyCode=KEYCODE_BACK, scanCode=0, metaState=0, flags=0x0, repeatCount=0, eventTime=1795728, downTime=1795728, deviceId=-1, source=0x101 }
09-24 10:09:35.332  3265  3265 D AndroidRuntime: Shutting down VM
09-24 10:09:35.522  1176  1176 I Timeline: Timeline: Activity_idle id: android.os.BinderProxy@419e5be0 time:1796086
09-24 10:09:35.823   728   744 I Timeline: Timeline: Activity_windows_visible id: ActivityRecord{41ad2430 u0 com.cyanogenmod.trebuchet/org.cyanogenmod.trebuchet.CustomHomeLauncher t1} time:1796386
09-24 10:09:35.823   728   747 I ActivityManager: Killing 2134:com.android.documentsui/u0a35 (adj 15): empty #17
09-24 10:09:36.884  1089  1089 D GooglePlay: activate
09-24 10:09:36.884  1396  1396 D GooglePlay: wakeup
09-24 10:09:36.884  1396  1396 D GooglePlay: wakeup
09-24 10:09:36.994  1154  2492 E ActivityThread: Failed to find provider info for com.tencent.wifimanager.fore.ForePluginContentProvider
09-24 10:09:37.064  1154  2488 E ActivityThread: Failed to find provider info for com.tencent.wifimanager.fore.ForePluginContentProvider
09-24 10:09:37.064  1154  2488 W System.err: java.lang.IllegalArgumentException: Unknown URL content://com.tencent.wifimanager.fore.ForePluginContentProvider/SpProvider/sk/String
09-24 10:09:37.064  1154  2488 W System.err: 	at android.content.ContentResolver.insert(ContentResolver.java:1186)
09-24 10:09:37.064  1154  2488 W System.err: 	at com.tencent.qqpimsecure.storage.h.kr(SourceFile:261)
09-24 10:09:37.064  1154  2488 W System.err: 	at com.tencent.qqpimsecure.storage.h.V(SourceFile:278)
09-24 10:09:37.064  1154  2488 W System.err: 	at com.tencent.qqpimsecure.dao.j.a(SourceFile:1069)
09-24 10:09:37.064  1154  2488 W System.err: 	at com.tencent.qqpimsecure.model.k.b(SourceFile:222)
09-24 10:09:37.064  1154  2488 W System.err: 	at tcs.pv.a(SourceFile:259)
09-24 10:09:37.064  1154  2488 W System.err: 	at tcs.agp.a(SourceFile:1368)
09-24 10:09:37.064  1154  2488 W System.err: 	at tcs.agp.a(SourceFile:49)
09-24 10:09:37.064  1154  2488 W System.err: 	at tcs.agp$6.a(SourceFile:816)
09-24 10:09:37.064  1154  2488 W System.err: 	at tcs.agq.b(SourceFile:680)
09-24 10:09:37.064  1154  2488 W System.err: 	at tcs.agq.b(SourceFile:640)
09-24 10:09:37.064  1154  2488 W System.err: 	at tcs.agp.a(SourceFile:1161)
09-24 10:09:37.064  1154  2488 W System.err: 	at tcs.agp.a(SourceFile:1294)
09-24 10:09:37.064  1154  2488 W System.err: 	at tcs.agp.a(SourceFile:49)
09-24 10:09:37.064  1154  2488 W System.err: 	at tcs.agp$1.a(SourceFile:197)
09-24 10:09:37.064  1154  2488 W System.err: 	at tcs.ajb.i(SourceFile:1234)
09-24 10:09:37.064  1154  2488 W System.err: 	at tmsdk.common.module.sdknetpool.tcpnetwork.g$2.run(SourceFile:421)
09-24 10:09:37.064  1154  2488 W System.err: 	at tcs.oi$a.run(SourceFile:1059)
09-24 10:09:37.064  1154  2488 W System.err: 	at java.util.concurrent.ThreadPoolExecutor.runWorker(ThreadPoolExecutor.java:1112)
09-24 10:09:37.064  1154  2488 W System.err: 	at java.util.concurrent.ThreadPoolExecutor$Worker.run(ThreadPoolExecutor.java:587)
09-24 10:09:37.064  1154  2488 W System.err: 	at java.lang.Thread.run(Thread.java:841)
09-24 10:09:37.064  1154  2488 E ActivityThread: Failed to find provider info for com.tencent.wifimanager.fore.ForePluginContentProvider
09-24 10:09:37.114  1154  2492 E ActivityThread: Failed to find provider info for com.tencent.wifimanager.fore.ForePluginContentProvider
09-24 10:09:37.124  1154  2492 E ActivityThread: Failed to find provider info for com.tencent.wifimanager.fore.ForePluginContentProvider
09-24 10:09:38.615  1176  1176 W ResourceType: No package identifier when getting name for resource number 0x00000006
09-24 10:09:38.615  1176  1176 W ResourceType: No package identifier when getting name for resource number 0x00000007
09-24 10:09:38.615  1176  1176 W ResourceType: No package identifier when getting name for resource number 0x0000000a
09-24 10:09:38.615  1176  1176 W ResourceType: No package identifier when getting name for resource number 0x00000008
09-24 10:09:38.615  1176  1176 W ResourceType: No package identifier when getting name for resource number 0x00000009
09-24 10:09:38.615  1176  1176 W ResourceType: No package identifier when getting name for resource number 0x0000000b
09-24 10:09:38.615  1176  1176 W ResourceType: No package identifier when getting name for resource number 0x00000001
09-24 10:09:38.615  1176  1176 W ResourceType: No package identifier when getting name for resource number 0x00000002
09-24 10:09:38.615  1176  1176 W ResourceType: No package identifier when getting name for resource number 0x00000003
09-24 10:09:38.615  1176  1176 W ResourceType: No package identifier when getting name for resource number 0x00000004
09-24 10:09:38.615  1176  1176 W ResourceType: No package identifier when getting name for resource number 0x00000005
09-24 10:09:38.615  1176  1176 W ResourceType: No package identifier when getting name for resource number 0x00000014
09-24 10:09:38.615  1176  1176 W ResourceType: No package identifier when getting name for resource number 0x00000015
09-24 10:09:38.625  1176  1176 W ResourceType: No package identifier when getting name for resource number 0x00000016
09-24 10:09:38.625  1176  1176 W ResourceType: No package identifier when getting name for resource number 0x00000017
09-24 10:09:38.625  1176  1176 W ResourceType: No package identifier when getting name for resource number 0x00000001
09-24 10:09:38.625  1176  1176 W ResourceType: No package identifier when getting name for resource number 0x00000002
09-24 10:09:38.625  1176  1176 W ResourceType: No package identifier when getting name for resource number 0x00000003
09-24 10:09:38.625  1176  1176 W ResourceType: No package identifier when getting name for resource number 0x00000004
09-24 10:09:38.625  1176  1176 W ResourceType: No package identifier when getting name for resource number 0x00000005
09-24 10:09:38.625  1176  1176 W ResourceType: No package identifier when getting name for resource number 0x00000006
09-24 10:09:38.625  1176  1176 W ResourceType: No package identifier when getting name for resource number 0x00000007
09-24 10:09:38.625  1176  1176 W ResourceType: No package identifier when getting name for resource number 0x00000008
09-24 10:09:38.625  1176  1176 W ResourceType: No package identifier when getting name for resource number 0x00000009
09-24 10:09:38.625  1176  1176 W ResourceType: No package identifier when getting name for resource number 0x0000000a
09-24 10:09:38.625  1176  1176 W ResourceType: No package identifier when getting name for resource number 0x0000000b
09-24 10:09:38.625  1176  1176 W ResourceType: No package identifier when getting name for resource number 0x0000000c
09-24 10:09:38.625  1176  1176 W ResourceType: No package identifier when getting name for resource number 0x0000000d
09-24 10:09:38.625  1176  1176 W ResourceType: No package identifier when getting name for resource number 0x0000000e
09-24 10:09:38.625  1176  1176 W ResourceType: No package identifier when getting name for resource number 0x0000000f
09-24 10:09:38.625  1176  1176 W ResourceType: No package identifier when getting name for resource number 0x00000010
09-24 10:09:38.625  1176  1176 W ResourceType: No package identifier when getting name for resource number 0x00000011
09-24 10:09:38.625  1176  1176 W ResourceType: No package identifier when getting name for resource number 0x00000012
09-24 10:09:38.625  1176  1176 W ResourceType: No package identifier when getting name for resource number 0x00000013
09-24 10:09:38.776  1176  1176 W ResourceType: No package identifier when getting name for resource number 0x00000006
09-24 10:09:38.776  1176  1176 W ResourceType: No package identifier when getting name for resource number 0x00000007
09-24 10:09:38.776  1176  1176 W ResourceType: No package identifier when getting name for resource number 0x0000000a
09-24 10:09:38.776  1176  1176 W ResourceType: No package identifier when getting name for resource number 0x00000008
09-24 10:09:38.776  1176  1176 W ResourceType: No package identifier when getting name for resource number 0x00000009
09-24 10:09:38.776  1176  1176 W ResourceType: No package identifier when getting name for resource number 0x0000000b
09-24 10:09:38.776  1176  1176 W ResourceType: No package identifier when getting name for resource number 0x00000001
09-24 10:09:38.776  1176  1176 W ResourceType: No package identifier when getting name for resource number 0x00000002
09-24 10:09:38.776  1176  1176 W ResourceType: No package identifier when getting name for resource number 0x00000003
09-24 10:09:38.776  1176  1176 W ResourceType: No package identifier when getting name for resource number 0x00000004
09-24 10:09:38.776  1176  1176 W ResourceType: No package identifier when getting name for resource number 0x00000005
09-24 10:09:38.786  1176  1176 W ResourceType: No package identifier when getting name for resource number 0x00000014
09-24 10:09:38.786  1176  1176 W ResourceType: No package identifier when getting name for resource number 0x00000015
09-24 10:09:38.786  1176  1176 W ResourceType: No package identifier when getting name for resource number 0x00000016
09-24 10:09:38.786  1176  1176 W ResourceType: No package identifier when getting name for resource number 0x00000017
09-24 10:09:38.786  1176  1176 W ResourceType: No package identifier when getting name for resource number 0x00000001
09-24 10:09:38.786  1176  1176 W ResourceType: No package identifier when getting name for resource number 0x00000002
09-24 10:09:38.786  1176  1176 W ResourceType: No package identifier when getting name for resource number 0x00000003
09-24 10:09:38.786  1176  1176 W ResourceType: No package identifier when getting name for resource number 0x00000004
09-24 10:09:38.786  1176  1176 W ResourceType: No package identifier when getting name for resource number 0x00000005
09-24 10:09:38.786  1176  1176 W ResourceType: No package identifier when getting name for resource number 0x00000006
09-24 10:09:38.786  1176  1176 W ResourceType: No package identifier when getting name for resource number 0x00000007
09-24 10:09:38.786  1176  1176 W ResourceType: No package identifier when getting name for resource number 0x00000008
09-24 10:09:38.786  1176  1176 W ResourceType: No package identifier when getting name for resource number 0x00000009
09-24 10:09:38.786  1176  1176 W ResourceType: No package identifier when getting name for resource number 0x0000000a
09-24 10:09:38.786  1176  1176 W ResourceType: No package identifier when getting name for resource number 0x0000000b
09-24 10:09:38.786  1176  1176 W ResourceType: No package identifier when getting name for resource number 0x0000000c
09-24 10:09:38.786  1176  1176 W ResourceType: No package identifier when getting name for resource number 0x0000000d
09-24 10:09:38.786  1176  1176 W ResourceType: No package identifier when getting name for resource number 0x0000000e
09-24 10:09:38.786  1176  1176 W ResourceType: No package identifier when getting name for resource number 0x0000000f
09-24 10:09:38.786  1176  1176 W ResourceType: No package identifier when getting name for resource number 0x00000010
09-24 10:09:38.786  1176  1176 W ResourceType: No package identifier when getting name for resource number 0x00000011
09-24 10:09:38.796  1176  1176 W ResourceType: No package identifier when getting name for resource number 0x00000012
09-24 10:09:38.796  1176  1176 W ResourceType: No package identifier when getting name for resource number 0x00000013
09-24 10:09:38.986  1176  1176 W ResourceType: No package identifier when getting name for resource number 0x00000006
09-24 10:09:38.986  1176  1176 W ResourceType: No package identifier when getting name for resource number 0x00000007
09-24 10:09:38.986  1176  1176 W ResourceType: No package identifier when getting name for resource number 0x0000000a
09-24 10:09:38.986  1176  1176 W ResourceType: No package identifier when getting name for resource number 0x00000008
09-24 10:09:38.986  1176  1176 W ResourceType: No package identifier when getting name for resource number 0x00000009
09-24 10:09:38.986  1176  1176 W ResourceType: No package identifier when getting name for resource number 0x0000000b
09-24 10:09:38.996  1176  1176 W ResourceType: No package identifier when getting name for resource number 0x00000001
09-24 10:09:38.996  1176  1176 W ResourceType: No package identifier when getting name for resource number 0x00000002
09-24 10:09:38.996  1176  1176 W ResourceType: No package identifier when getting name for resource number 0x00000003
09-24 10:09:38.996  1176  1176 W ResourceType: No package identifier when getting name for resource number 0x00000004
09-24 10:09:38.996  1176  1176 W ResourceType: No package identifier when getting name for resource number 0x00000005
09-24 10:09:39.006  1176  1176 W ResourceType: No package identifier when getting name for resource number 0x00000014
09-24 10:09:39.006  1176  1176 W ResourceType: No package identifier when getting name for resource number 0x00000015
09-24 10:09:39.006  1176  1176 W ResourceType: No package identifier when getting name for resource number 0x00000016
09-24 10:09:39.006  1176  1176 W ResourceType: No package identifier when getting name for resource number 0x00000017
09-24 10:09:39.006  1176  1176 W ResourceType: No package identifier when getting name for resource number 0x00000001
09-24 10:09:39.006  1176  1176 W ResourceType: No package identifier when getting name for resource number 0x00000002
09-24 10:09:39.006  1176  1176 W ResourceType: No package identifier when getting name for resource number 0x00000003
09-24 10:09:39.006  1176  1176 W ResourceType: No package identifier when getting name for resource number 0x00000004
09-24 10:09:39.006  1176  1176 W ResourceType: No package identifier when getting name for resource number 0x00000005
09-24 10:09:39.006  1176  1176 W ResourceType: No package identifier when getting name for resource number 0x00000006
09-24 10:09:39.006  1176  1176 W ResourceType: No package identifier when getting name for resource number 0x00000007
09-24 10:09:39.006  1176  1176 W ResourceType: No package identifier when getting name for resource number 0x00000008
09-24 10:09:39.006  1176  1176 W ResourceType: No package identifier when getting name for resource number 0x00000009
09-24 10:09:39.006  1176  1176 W ResourceType: No package identifier when getting name for resource number 0x0000000a
09-24 10:09:39.006  1176  1176 W ResourceType: No package identifier when getting name for resource number 0x0000000b
09-24 10:09:39.006  1176  1176 W ResourceType: No package identifier when getting name for resource number 0x0000000c
09-24 10:09:39.006  1176  1176 W ResourceType: No package identifier when getting name for resource number 0x0000000d
09-24 10:09:39.006  1176  1176 W ResourceType: No package identifier when getting name for resource number 0x0000000e
09-24 10:09:39.006  1176  1176 W ResourceType: No package identifier when getting name for resource number 0x0000000f
09-24 10:09:39.006  1176  1176 W ResourceType: No package identifier when getting name for resource number 0x00000010
09-24 10:09:39.006  1176  1176 W ResourceType: No package identifier when getting name for resource number 0x00000011
09-24 10:09:39.006  1176  1176 W ResourceType: No package identifier when getting name for resource number 0x00000012
09-24 10:09:39.006  1176  1176 W ResourceType: No package identifier when getting name for resource number 0x00000013
09-24 10:09:39.166  1176  1176 W ResourceType: No package identifier when getting name for resource number 0x00000006
09-24 10:09:39.166  1176  1176 W ResourceType: No package identifier when getting name for resource number 0x00000007
09-24 10:09:39.166  1176  1176 W ResourceType: No package identifier when getting name for resource number 0x0000000a
09-24 10:09:39.166  1176  1176 W ResourceType: No package identifier when getting name for resource number 0x00000008
09-24 10:09:39.166  1176  1176 W ResourceType: No package identifier when getting name for resource number 0x00000009
09-24 10:09:39.166  1176  1176 W ResourceType: No package identifier when getting name for resource number 0x0000000b
09-24 10:09:39.166  1176  1176 W ResourceType: No package identifier when getting name for resource number 0x00000001
09-24 10:09:39.166  1176  1176 W ResourceType: No package identifier when getting name for resource number 0x00000002
09-24 10:09:39.166  1176  1176 W ResourceType: No package identifier when getting name for resource number 0x00000003
09-24 10:09:39.166  1176  1176 W ResourceType: No package identifier when getting name for resource number 0x00000004
09-24 10:09:39.166  1176  1176 W ResourceType: No package identifier when getting name for resource number 0x00000005
09-24 10:09:39.176  1176  1176 W ResourceType: No package identifier when getting name for resource number 0x00000014
09-24 10:09:39.176  1176  1176 W ResourceType: No package identifier when getting name for resource number 0x00000015
09-24 10:09:39.176  1176  1176 W ResourceType: No package identifier when getting name for resource number 0x00000016
09-24 10:09:39.176  1176  1176 W ResourceType: No package identifier when getting name for resource number 0x00000017
09-24 10:09:39.176  1176  1176 W ResourceType: No package identifier when getting name for resource number 0x00000001
09-24 10:09:39.176  1176  1176 W ResourceType: No package identifier when getting name for resource number 0x00000002
09-24 10:09:39.176  1176  1176 W ResourceType: No package identifier when getting name for resource number 0x00000003
09-24 10:09:39.176  1176  1176 W ResourceType: No package identifier when getting name for resource number 0x00000004
09-24 10:09:39.176  1176  1176 W ResourceType: No package identifier when getting name for resource number 0x00000005
09-24 10:09:39.176  1176  1176 W ResourceType: No package identifier when getting name for resource number 0x00000006
09-24 10:09:39.176  1176  1176 W ResourceType: No package identifier when getting name for resource number 0x00000007
09-24 10:09:39.176  1176  1176 W ResourceType: No package identifier when getting name for resource number 0x00000008
09-24 10:09:39.176  1176  1176 W ResourceType: No package identifier when getting name for resource number 0x00000009
09-24 10:09:39.176  1176  1176 W ResourceType: No package identifier when getting name for resource number 0x0000000a
09-24 10:09:39.176  1176  1176 W ResourceType: No package identifier when getting name for resource number 0x0000000b
09-24 10:09:39.176  1176  1176 W ResourceType: No package identifier when getting name for resource number 0x0000000c
09-24 10:09:39.176  1176  1176 W ResourceType: No package identifier when getting name for resource number 0x0000000d
09-24 10:09:39.176  1176  1176 W ResourceType: No package identifier when getting name for resource number 0x0000000e
09-24 10:09:39.176  1176  1176 W ResourceType: No package identifier when getting name for resource number 0x0000000f
09-24 10:09:39.176  1176  1176 W ResourceType: No package identifier when getting name for resource number 0x00000010
09-24 10:09:39.176  1176  1176 W ResourceType: No package identifier when getting name for resource number 0x00000011
09-24 10:09:39.176  1176  1176 W ResourceType: No package identifier when getting name for resource number 0x00000012
09-24 10:09:39.176  1176  1176 W ResourceType: No package identifier when getting name for resource number 0x00000013
09-24 10:09:39.356  1176  1176 W ResourceType: No package identifier when getting name for resource number 0x00000006
09-24 10:09:39.366  1176  1176 W ResourceType: No package identifier when getting name for resource number 0x00000007
09-24 10:09:39.366  1176  1176 W ResourceType: No package identifier when getting name for resource number 0x0000000a
09-24 10:09:39.366  1176  1176 W ResourceType: No package identifier when getting name for resource number 0x00000008
09-24 10:09:39.366  1176  1176 W ResourceType: No package identifier when getting name for resource number 0x00000009
09-24 10:09:39.366  1176  1176 W ResourceType: No package identifier when getting name for resource number 0x0000000b
09-24 10:09:39.366  1176  1176 W ResourceType: No package identifier when getting name for resource number 0x00000001
09-24 10:09:39.366  1176  1176 W ResourceType: No package identifier when getting name for resource number 0x00000002
09-24 10:09:39.366  1176  1176 W ResourceType: No package identifier when getting name for resource number 0x00000003
09-24 10:09:39.366  1176  1176 W ResourceType: No package identifier when getting name for resource number 0x00000004
09-24 10:09:39.366  1176  1176 W ResourceType: No package identifier when getting name for resource number 0x00000005
09-24 10:09:39.366  1176  1176 W ResourceType: No package identifier when getting name for resource number 0x00000014
09-24 10:09:39.366  1176  1176 W ResourceType: No package identifier when getting name for resource number 0x00000015
09-24 10:09:39.366  1176  1176 W ResourceType: No package identifier when getting name for resource number 0x00000016
09-24 10:09:39.366  1176  1176 W ResourceType: No package identifier when getting name for resource number 0x00000017
09-24 10:09:39.376  1176  1176 W ResourceType: No package identifier when getting name for resource number 0x00000001
09-24 10:09:39.376  1176  1176 W ResourceType: No package identifier when getting name for resource number 0x00000002
09-24 10:09:39.376  1176  1176 W ResourceType: No package identifier when getting name for resource number 0x00000003
09-24 10:09:39.376  1176  1176 W ResourceType: No package identifier when getting name for resource number 0x00000004
09-24 10:09:39.376  1176  1176 W ResourceType: No package identifier when getting name for resource number 0x00000005
09-24 10:09:39.376  1176  1176 W ResourceType: No package identifier when getting name for resource number 0x00000006
09-24 10:09:39.376  1176  1176 W ResourceType: No package identifier when getting name for resource number 0x00000007
09-24 10:09:39.376  1176  1176 W ResourceType: No package identifier when getting name for resource number 0x00000008
09-24 10:09:39.376  1176  1176 W ResourceType: No package identifier when getting name for resource number 0x00000009
09-24 10:09:39.376  1176  1176 W ResourceType: No package identifier when getting name for resource number 0x0000000a
09-24 10:09:39.376  1176  1176 W ResourceType: No package identifier when getting name for resource number 0x0000000b
09-24 10:09:39.376  1176  1176 W ResourceType: No package identifier when getting name for resource number 0x0000000c
09-24 10:09:39.376  1176  1176 W ResourceType: No package identifier when getting name for resource number 0x0000000d
09-24 10:09:39.376  1176  1176 W ResourceType: No package identifier when getting name for resource number 0x0000000e
09-24 10:09:39.376  1176  1176 W ResourceType: No package identifier when getting name for resource number 0x0000000f
09-24 10:09:39.376  1176  1176 W ResourceType: No package identifier when getting name for resource number 0x00000010
09-24 10:09:39.376  1176  1176 W ResourceType: No package identifier when getting name for resource number 0x00000011
09-24 10:09:39.376  1176  1176 W ResourceType: No package identifier when getting name for resource number 0x00000012
09-24 10:09:39.376  1176  1176 W ResourceType: No package identifier when getting name for resource number 0x00000013
09-24 10:09:39.536  1176  1176 W ResourceType: No package identifier when getting name for resource number 0x00000006
09-24 10:09:39.536  1176  1176 W ResourceType: No package identifier when getting name for resource number 0x00000007
09-24 10:09:39.536  1176  1176 W ResourceType: No package identifier when getting name for resource number 0x0000000a
09-24 10:09:39.546  1176  1176 W ResourceType: No package identifier when getting name for resource number 0x00000008
09-24 10:09:39.546  1176  1176 W ResourceType: No package identifier when getting name for resource number 0x00000009
09-24 10:09:39.546  1176  1176 W ResourceType: No package identifier when getting name for resource number 0x0000000b
09-24 10:09:39.546  1176  1176 W ResourceType: No package identifier when getting name for resource number 0x00000001
09-24 10:09:39.546  1176  1176 W ResourceType: No package identifier when getting name for resource number 0x00000002
09-24 10:09:39.546  1176  1176 W ResourceType: No package identifier when getting name for resource number 0x00000003
09-24 10:09:39.546  1176  1176 W ResourceType: No package identifier when getting name for resource number 0x00000004
09-24 10:09:39.546  1176  1176 W ResourceType: No package identifier when getting name for resource number 0x00000005
09-24 10:09:39.546  1176  1176 W ResourceType: No package identifier when getting name for resource number 0x00000014
09-24 10:09:39.546  1176  1176 W ResourceType: No package identifier when getting name for resource number 0x00000015
09-24 10:09:39.546  1176  1176 W ResourceType: No package identifier when getting name for resource number 0x00000016
09-24 10:09:39.546  1176  1176 W ResourceType: No package identifier when getting name for resource number 0x00000017
09-24 10:09:39.546  1176  1176 W ResourceType: No package identifier when getting name for resource number 0x00000001
09-24 10:09:39.546  1176  1176 W ResourceType: No package identifier when getting name for resource number 0x00000002
09-24 10:09:39.546  1176  1176 W ResourceType: No package identifier when getting name for resource number 0x00000003
09-24 10:09:39.546  1176  1176 W ResourceType: No package identifier when getting name for resource number 0x00000004
09-24 10:09:39.546  1176  1176 W ResourceType: No package identifier when getting name for resource number 0x00000005
09-24 10:09:39.546  1176  1176 W ResourceType: No package identifier when getting name for resource number 0x00000006
09-24 10:09:39.556  1176  1176 W ResourceType: No package identifier when getting name for resource number 0x00000007
09-24 10:09:39.556  1176  1176 W ResourceType: No package identifier when getting name for resource number 0x00000008
09-24 10:09:39.556  1176  1176 W ResourceType: No package identifier when getting name for resource number 0x00000009
09-24 10:09:39.556  1176  1176 W ResourceType: No package identifier when getting name for resource number 0x0000000a
09-24 10:09:39.556  1176  1176 W ResourceType: No package identifier when getting name for resource number 0x0000000b
09-24 10:09:39.556  1176  1176 W ResourceType: No package identifier when getting name for resource number 0x0000000c
09-24 10:09:39.556  1176  1176 W ResourceType: No package identifier when getting name for resource number 0x0000000d
09-24 10:09:39.556  1176  1176 W ResourceType: No package identifier when getting name for resource number 0x0000000e
09-24 10:09:39.556  1176  1176 W ResourceType: No package identifier when getting name for resource number 0x0000000f
09-24 10:09:39.556  1176  1176 W ResourceType: No package identifier when getting name for resource number 0x00000010
09-24 10:09:39.556  1176  1176 W ResourceType: No package identifier when getting name for resource number 0x00000011
09-24 10:09:39.556  1176  1176 W ResourceType: No package identifier when getting name for resource number 0x00000012
09-24 10:09:39.556  1176  1176 W ResourceType: No package identifier when getting name for resource number 0x00000013
09-24 10:09:40.057  3389  3389 D AndroidRuntime: 
09-24 10:09:40.057  3389  3389 D AndroidRuntime: >>>>>> AndroidRuntime START com.android.internal.os.RuntimeInit <<<<<<
09-24 10:09:40.057  3389  3389 D AndroidRuntime: CheckJNI is OFF
09-24 10:09:40.077  3389  3389 D dalvikvm: Trying to load lib libjavacore.so 0x0
09-24 10:09:40.077  3389  3389 D dalvikvm: Added shared lib libjavacore.so 0x0
09-24 10:09:40.077  3389  3389 D dalvikvm: Trying to load lib libnativehelper.so 0x0
09-24 10:09:40.087  3389  3389 D dalvikvm: Added shared lib libnativehelper.so 0x0
09-24 10:09:40.087  3389  3389 D dalvikvm: No JNI_OnLoad found in libnativehelper.so 0x0, skipping init
09-24 10:09:40.127  3389  3389 D dalvikvm: Note: class Landroid/app/ActivityManagerNative; has 180 unimplemented (abstract) methods
09-24 10:09:40.387  3389  3389 D AndroidRuntime: Calling main entry com.android.commands.am.Am
09-24 10:09:40.407   728  1104 I ActivityManager: START u0 {act=android.intent.action.MAIN cat=[android.intent.category.LAUNCHER] flg=0x10000000 cmp=andrei.brusentcov.eyecheck.free/andrei.brusentcov.eyecheck.BootActivity} from pid 3389
09-24 10:09:40.487  3389  3389 D AndroidRuntime: Shutting down VM
09-24 10:09:40.737   728   744 I ActivityManager: Displayed andrei.brusentcov.eyecheck.free/andrei.brusentcov.eyecheck.BootActivity: +246ms
09-24 10:09:40.737  2990  2990 I Timeline: Timeline: Activity_idle id: android.os.BinderProxy@421f86a0 time:1801296
09-24 10:09:40.868   728   744 I Timeline: Timeline: Activity_windows_visible id: ActivityRecord{41be8c60 u0 andrei.brusentcov.eyecheck.free/andrei.brusentcov.eyecheck.BootActivity t22} time:1801428
09-24 10:09:45.632  3490  3490 D AndroidRuntime: 
09-24 10:09:45.632  3490  3490 D AndroidRuntime: >>>>>> AndroidRuntime START com.android.internal.os.RuntimeInit <<<<<<
09-24 10:09:45.632  3490  3490 D AndroidRuntime: CheckJNI is OFF
09-24 10:09:45.652  3490  3490 D dalvikvm: Trying to load lib libjavacore.so 0x0
09-24 10:09:45.652  3490  3490 D dalvikvm: Added shared lib libjavacore.so 0x0
09-24 10:09:45.662  3490  3490 D dalvikvm: Trying to load lib libnativehelper.so 0x0
09-24 10:09:45.662  3490  3490 D dalvikvm: Added shared lib libnativehelper.so 0x0
09-24 10:09:45.662  3490  3490 D dalvikvm: No JNI_OnLoad found in libnativehelper.so 0x0, skipping init
09-24 10:09:45.682  2990  2990 I Timeline: Timeline: Activity_launch_request id:andrei.brusentcov.eyecheck.free time:1806240
09-24 10:09:45.682   728 17665 I ActivityManager: START u0 {cmp=andrei.brusentcov.eyecheck.free/andrei.brusentcov.eyecheck.MainActivity} from pid 2990
09-24 10:09:45.682   728 17665 W ActivityManager: startActivity called from finishing ActivityRecord{41be8c60 u0 andrei.brusentcov.eyecheck.free/andrei.brusentcov.eyecheck.BootActivity t22 f}; forcing Intent.FLAG_ACTIVITY_NEW_TASK for: Intent { cmp=andrei.brusentcov.eyecheck.free/andrei.brusentcov.eyecheck.MainActivity }
09-24 10:09:45.712  3490  3490 D dalvikvm: Note: class Landroid/app/ActivityManagerNative; has 180 unimplemented (abstract) methods
09-24 10:09:45.862  2990  2990 W GooglePlayServicesUtil: Google Play services is missing.
09-24 10:09:45.862  2990  2990 I Ads     : Starting ad request.
09-24 10:09:45.862  2990  2990 I Ads     : Use AdRequest.Builder.addTestDevice("883C217BFBF4488E8C7BFD5FA7ED7767") to get test ads on this device.
09-24 10:09:46.013  3490  3490 D AndroidRuntime: Calling main entry com.android.commands.input.Input
09-24 10:09:46.023  3490  3490 I Input   : injectMotionEvent: MotionEvent { action=ACTION_DOWN, id[0]=0, x[0]=384.0, y[0]=1111.0, toolType[0]=TOOL_TYPE_UNKNOWN, buttonState=0, metaState=0, flags=0x0, edgeFlags=0x0, pointerCount=1, historySize=0, eventTime=1806580, downTime=1806580, deviceId=0, source=0x1002 }
09-24 10:09:46.033  3490  3490 I Input   : injectMotionEvent: MotionEvent { action=ACTION_MOVE, id[0]=0, x[0]=384.0, y[0]=1111.0, toolType[0]=TOOL_TYPE_UNKNOWN, buttonState=0, metaState=0, flags=0x0, edgeFlags=0x0, pointerCount=1, historySize=0, eventTime=1806580, downTime=1806580, deviceId=0, source=0x1002 }
09-24 10:09:46.113   728   744 I ActivityManager: Displayed andrei.brusentcov.eyecheck.free/andrei.brusentcov.eyecheck.MainActivity: +427ms
09-24 10:09:46.133  3490  3490 I Input   : injectMotionEvent: MotionEvent { action=ACTION_MOVE, id[0]=0, x[0]=384.0, y[0]=1111.0, toolType[0]=TOOL_TYPE_UNKNOWN, buttonState=0, metaState=0, flags=0x0, edgeFlags=0x0, pointerCount=1, historySize=0, eventTime=1806697, downTime=1806697, deviceId=0, source=0x1002 }
09-24 10:09:46.193  3490  3490 I Input   : injectMotionEvent: MotionEvent { action=ACTION_MOVE, id[0]=0, x[0]=384.0, y[0]=1111.0, toolType[0]=TOOL_TYPE_UNKNOWN, buttonState=0, metaState=0, flags=0x0, edgeFlags=0x0, pointerCount=1, historySize=0, eventTime=1806752, downTime=1806752, deviceId=0, source=0x1002 }
09-24 10:09:46.223  3490  3490 I Input   : injectMotionEvent: MotionEvent { action=ACTION_UP, id[0]=0, x[0]=384.0, y[0]=1111.0, toolType[0]=TOOL_TYPE_UNKNOWN, buttonState=0, metaState=0, flags=0x0, edgeFlags=0x0, pointerCount=1, historySize=0, eventTime=1806788, downTime=1806788, deviceId=0, source=0x1002 }
09-24 10:09:46.263  3490  3490 D AndroidRuntime: Shutting down VM
09-24 10:09:46.493  2990  2990 I chromium: [INFO:CONSOLE(0)] "Document was loaded from Application Cache with manifest https://googleads.g.doubleclick.net/mads/static/mad/sdk/native/sdk-core-v40.appcache", source: https://googleads.g.doubleclick.net/mads/static/mad/sdk/native/sdk-core-v40.html (0)
09-24 10:09:46.493  2990  2990 I chromium: [INFO:CONSOLE(0)] "Application Cache Checking event", source: https://googleads.g.doubleclick.net/mads/static/mad/sdk/native/sdk-core-v40.html (0)
09-24 10:09:46.493  2990  2990 I chromium: [INFO:CONSOLE(0)] "Application Cache Checking event", source: https://googleads.g.doubleclick.net/mads/static/mad/sdk/native/sdk-core-v40.html (0)
09-24 10:09:46.493  2990  2990 I chromium: [INFO:CONSOLE(0)] "Application Cache NoUpdate event", source: https://googleads.g.doubleclick.net/mads/static/mad/sdk/native/sdk-core-v40.html (0)
09-24 10:09:46.493  2990  2990 I chromium: [INFO:CONSOLE(0)] "Application Cache NoUpdate event", source: https://googleads.g.doubleclick.net/mads/static/mad/sdk/native/sdk-core-v40.html (0)
09-24 10:09:46.523  2990  2990 I Timeline: Timeline: Activity_idle id: android.os.BinderProxy@41ffc770 time:1807088
09-24 10:09:46.583   728   744 I Timeline: Timeline: Activity_windows_visible id: ActivityRecord{41a1b688 u0 andrei.brusentcov.eyecheck.free/andrei.brusentcov.eyecheck.MainActivity t23} time:1807147
09-24 10:09:47.274  1154  2486 E ActivityThread: Failed to find provider info for com.tencent.wifimanager.fore.ForePluginContentProvider
09-24 10:09:47.274  1154  2486 E ActivityThread: Failed to find provider info for com.tencent.wifimanager.fore.ForePluginContentProvider
09-24 10:09:47.274  1154  2486 W System.err: java.lang.IllegalArgumentException: Unknown URL content://com.tencent.wifimanager.fore.ForePluginContentProvider/MeriExtProvider/insert?day_conn_info
09-24 10:09:47.274  1154  2486 W System.err: 	at android.content.ContentResolver.insert(ContentResolver.java:1186)
09-24 10:09:47.274  1154  2486 W System.err: 	at com.tencent.qqpimsecure.storage.g.a(SourceFile:74)
09-24 10:09:47.274  1154  2486 W System.err: 	at com.tencent.qqpimsecure.storage.l.c(SourceFile:88)
09-24 10:09:47.274  1154  2486 W System.err: 	at com.tencent.qqpimsecure.dao.c.a(SourceFile:258)
09-24 10:09:47.274  1154  2486 W System.err: 	at com.tencent.qqpimsecure.dao.c.b(SourceFile:286)
09-24 10:09:47.274  1154  2486 W System.err: 	at com.tencent.qqpimsecure.dao.c.a(SourceFile:50)
09-24 10:09:47.274  1154  2486 W System.err: 	at com.tencent.qqpimsecure.dao.c$1$1.run(SourceFile:240)
09-24 10:09:47.274  1154  2486 E ActivityThread: Failed to find provider info for com.tencent.wifimanager.fore.ForePluginContentProvider
09-24 10:09:47.284  1154  2486 W System.err: 	at tcs.oi$a.run(SourceFile:1059)
09-24 10:09:47.284  1154  2486 W System.err: 	at java.util.concurrent.ThreadPoolExecutor.runWorker(ThreadPoolExecutor.java:1112)
09-24 10:09:47.284  1154  2486 W System.err: 	at java.util.concurrent.ThreadPoolExecutor$Worker.run(ThreadPoolExecutor.java:587)
09-24 10:09:47.284  1154  2486 W System.err: 	at java.lang.Thread.run(Thread.java:841)
09-24 10:09:47.284  1154  3523 E ActivityThread: Failed to find provider info for com.tencent.wifimanager.fore.ForePluginContentProvider
09-24 10:09:47.284  1154  3523 E ActivityThread: Failed to find provider info for com.tencent.wifimanager.fore.ForePluginContentProvider
09-24 10:09:47.324  1154  1411 E ActivityThread: Failed to find provider info for com.tencent.wifimanager.fore.ForePluginContentProvider
09-24 10:09:47.324  1154  1411 W System.err: java.lang.IllegalArgumentException: Unknown URL content://com.tencent.wifimanager.fore.ForePluginContentProvider/SpProvider/meri_config/Int
09-24 10:09:47.324  1154  1411 W System.err: 	at android.content.ContentResolver.insert(ContentResolver.java:1186)
09-24 10:09:47.324  1154  1411 W System.err: 	at com.tencent.qqpimsecure.storage.h.kr(SourceFile:261)
09-24 10:09:47.324  1154  1411 W System.err: 	at com.tencent.qqpimsecure.storage.h.C(SourceFile:306)
09-24 10:09:47.324  1154  1411 W System.err: 	at com.tencent.server.base.n.C(SourceFile:156)
09-24 10:09:47.324  1154  1411 W System.err: 	at com.meri.service.feature.a.gG(SourceFile:1356)
09-24 10:09:47.324  1154  1411 W System.err: 	at com.meri.service.feature.a.bb(SourceFile:1367)
09-24 10:09:47.324  1154  1411 W System.err: 	at com.meri.service.feature.a.bf(SourceFile:106)
09-24 10:09:47.324  1154  1411 W System.err: 	at com.meri.service.feature.a$b.handleMessage(SourceFile:660)
09-24 10:09:47.324  1154  1411 W System.err: 	at android.os.Handler.dispatchMessage(Handler.java:102)
09-24 10:09:47.324  1154  1411 W System.err: 	at tcs.amy.dispatchMessage(SourceFile:48)
09-24 10:09:47.324  1154  1411 W System.err: 	at android.os.Looper.loop(Looper.java:136)
09-24 10:09:47.324  1154  1411 W System.err: 	at android.os.HandlerThread.run(HandlerThread.java:61)
09-24 10:09:47.324  1154  1411 W System.err: 	at tcs.oj.run(SourceFile:79)
09-24 10:09:47.324  1154  1411 E ActivityThread: Failed to find provider info for com.tencent.wifimanager.fore.ForePluginContentProvider
09-24 10:09:47.344  1154  1411 E ActivityThread: Failed to find provider info for com.tencent.wifimanager.fore.ForePluginContentProvider
09-24 10:09:47.344  1154  1411 E ActivityThread: Failed to find provider info for com.tencent.wifimanager.fore.ForePluginContentProvider
09-24 10:09:47.344  1154  1411 E ActivityThread: Failed to find provider info for com.tencent.wifimanager.fore.ForePluginContentProvider
09-24 10:09:47.344  1154  1411 E ActivityThread: Failed to find provider info for com.tencent.wifimanager.fore.ForePluginContentProvider
09-24 10:09:47.354  1154  1411 E ActivityThread: Failed to find provider info for com.tencent.wifimanager.fore.ForePluginContentProvider
09-24 10:09:48.775   882   882 I wpa_supplicant: wlan0: WPA: Group rekeying completed with bc:5f:f6:14:78:7e [GTK=TKIP]
09-24 10:09:50.717   728   747 W ProcessCpuTracker: Skipping unknown process pid 3570
09-24 10:09:50.717   728   747 W ProcessCpuTracker: Skipping unknown process pid 3571
09-24 10:09:50.717   728   747 W ProcessCpuTracker: Skipping unknown process pid 3572
09-24 10:09:50.717   728   747 W ProcessCpuTracker: Skipping unknown process pid 3575
09-24 10:09:50.727   728   747 W ProcessCpuTracker: Skipping unknown process pid 3576
09-24 10:09:50.727   728   747 W ProcessCpuTracker: Skipping unknown process pid 3600
09-24 10:09:50.727   728   747 W ProcessCpuTracker: Skipping unknown process pid 3603
09-24 10:09:51.558  3651  3651 D AndroidRuntime: 
09-24 10:09:51.558  3651  3651 D AndroidRuntime: >>>>>> AndroidRuntime START com.android.internal.os.RuntimeInit <<<<<<
09-24 10:09:51.558  3651  3651 D AndroidRuntime: CheckJNI is OFF
09-24 10:09:51.578  3651  3651 D dalvikvm: Trying to load lib libjavacore.so 0x0
09-24 10:09:51.578  3651  3651 D dalvikvm: Added shared lib libjavacore.so 0x0
09-24 10:09:51.578  3651  3651 D dalvikvm: Trying to load lib libnativehelper.so 0x0
09-24 10:09:51.578  3651  3651 D dalvikvm: Added shared lib libnativehelper.so 0x0
09-24 10:09:51.578  3651  3651 D dalvikvm: No JNI_OnLoad found in libnativehelper.so 0x0, skipping init
09-24 10:09:51.628  3651  3651 D dalvikvm: Note: class Landroid/app/ActivityManagerNative; has 180 unimplemented (abstract) methods
09-24 10:09:51.898  3651  3651 D AndroidRuntime: Calling main entry com.android.commands.input.Input
09-24 10:09:51.898  3651  3651 I Input   : injectMotionEvent: MotionEvent { action=ACTION_DOWN, id[0]=0, x[0]=384.0, y[0]=1031.0, toolType[0]=TOOL_TYPE_UNKNOWN, buttonState=0, metaState=0, flags=0x0, edgeFlags=0x0, pointerCount=1, historySize=0, eventTime=1812466, downTime=1812466, deviceId=0, source=0x1002 }
09-24 10:09:51.908  3651  3651 I Input   : injectMotionEvent: MotionEvent { action=ACTION_MOVE, id[0]=0, x[0]=384.0, y[0]=1031.0, toolType[0]=TOOL_TYPE_UNKNOWN, buttonState=0, metaState=0, flags=0x0, edgeFlags=0x0, pointerCount=1, historySize=0, eventTime=1812466, downTime=1812466, deviceId=0, source=0x1002 }
09-24 10:09:51.918  3651  3651 I Input   : injectMotionEvent: MotionEvent { action=ACTION_MOVE, id[0]=0, x[0]=384.0, y[0]=1031.0, toolType[0]=TOOL_TYPE_UNKNOWN, buttonState=0, metaState=0, flags=0x0, edgeFlags=0x0, pointerCount=1, historySize=0, eventTime=1812484, downTime=1812484, deviceId=0, source=0x1002 }
09-24 10:09:51.938  3651  3651 I Input   : injectMotionEvent: MotionEvent { action=ACTION_MOVE, id[0]=0, x[0]=384.0, y[0]=1031.0, toolType[0]=TOOL_TYPE_UNKNOWN, buttonState=0, metaState=0, flags=0x0, edgeFlags=0x0, pointerCount=1, historySize=0, eventTime=1812501, downTime=1812501, deviceId=0, source=0x1002 }
09-24 10:09:51.948  3651  3651 I Input   : injectMotionEvent: MotionEvent { action=ACTION_MOVE, id[0]=0, x[0]=384.0, y[0]=1031.0, toolType[0]=TOOL_TYPE_UNKNOWN, buttonState=0, metaState=0, flags=0x0, edgeFlags=0x0, pointerCount=1, historySize=0, eventTime=1812518, downTime=1812518, deviceId=0, source=0x1002 }
09-24 10:09:51.968  3651  3651 I Input   : injectMotionEvent: MotionEvent { action=ACTION_MOVE, id[0]=0, x[0]=384.0, y[0]=1031.0, toolType[0]=TOOL_TYPE_UNKNOWN, buttonState=0, metaState=0, flags=0x0, edgeFlags=0x0, pointerCount=1, historySize=0, eventTime=1812534, downTime=1812534, deviceId=0, source=0x1002 }
09-24 10:09:51.988  3651  3651 I Input   : injectMotionEvent: MotionEvent { action=ACTION_MOVE, id[0]=0, x[0]=384.0, y[0]=1031.0, toolType[0]=TOOL_TYPE_UNKNOWN, buttonState=0, metaState=0, flags=0x0, edgeFlags=0x0, pointerCount=1, historySize=0, eventTime=1812556, downTime=1812556, deviceId=0, source=0x1002 }
09-24 10:09:52.008  3651  3651 I Input   : injectMotionEvent: MotionEvent { action=ACTION_MOVE, id[0]=0, x[0]=384.0, y[0]=1031.0, toolType[0]=TOOL_TYPE_UNKNOWN, buttonState=0, metaState=0, flags=0x0, edgeFlags=0x0, pointerCount=1, historySize=0, eventTime=1812575, downTime=1812575, deviceId=0, source=0x1002 }
09-24 10:09:52.018  3651  3651 I Input   : injectMotionEvent: MotionEvent { action=ACTION_MOVE, id[0]=0, x[0]=384.0, y[0]=1031.0, toolType[0]=TOOL_TYPE_UNKNOWN, buttonState=0, metaState=0, flags=0x0, edgeFlags=0x0, pointerCount=1, historySize=0, eventTime=1812585, downTime=1812585, deviceId=0, source=0x1002 }
09-24 10:09:52.038  3651  3651 I Input   : injectMotionEvent: MotionEvent { action=ACTION_MOVE, id[0]=0, x[0]=384.0, y[0]=1031.0, toolType[0]=TOOL_TYPE_UNKNOWN, buttonState=0, metaState=0, flags=0x0, edgeFlags=0x0, pointerCount=1, historySize=0, eventTime=1812600, downTime=1812600, deviceId=0, source=0x1002 }
09-24 10:09:52.048  3651  3651 I Input   : injectMotionEvent: MotionEvent { action=ACTION_MOVE, id[0]=0, x[0]=384.0, y[0]=1031.0, toolType[0]=TOOL_TYPE_UNKNOWN, buttonState=0, metaState=0, flags=0x0, edgeFlags=0x0, pointerCount=1, historySize=0, eventTime=1812617, downTime=1812617, deviceId=0, source=0x1002 }
09-24 10:09:52.068  3651  3651 I Input   : injectMotionEvent: MotionEvent { action=ACTION_MOVE, id[0]=0, x[0]=384.0, y[0]=1031.0, toolType[0]=TOOL_TYPE_UNKNOWN, buttonState=0, metaState=0, flags=0x0, edgeFlags=0x0, pointerCount=1, historySize=0, eventTime=1812634, downTime=1812634, deviceId=0, source=0x1002 }
09-24 10:09:52.089  3651  3651 I Input   : injectMotionEvent: MotionEvent { action=ACTION_MOVE, id[0]=0, x[0]=384.0, y[0]=1031.0, toolType[0]=TOOL_TYPE_UNKNOWN, buttonState=0, metaState=0, flags=0x0, edgeFlags=0x0, pointerCount=1, historySize=0, eventTime=1812650, downTime=1812650, deviceId=0, source=0x1002 }
09-24 10:09:52.099  3651  3651 I Input   : injectMotionEvent: MotionEvent { action=ACTION_UP, id[0]=0, x[0]=384.0, y[0]=1031.0, toolType[0]=TOOL_TYPE_UNKNOWN, buttonState=0, metaState=0, flags=0x0, edgeFlags=0x0, pointerCount=1, historySize=0, eventTime=1812668, downTime=1812668, deviceId=0, source=0x1002 }
09-24 10:09:52.109   196   881 D AudioPolicyManagerBase: getOutput() device 2, stream 1, samplingRate 0, format 0, channelMask 3, flags 0
09-24 10:09:52.109   196   881 D AudioPolicyManagerBase: getOutput() returns output 2
09-24 10:09:52.109   196   890 D AudioPolicyManagerBase: getOutput() device 2, stream 1, samplingRate 0, format 0, channelMask 3, flags 0
09-24 10:09:52.109   196   890 D AudioPolicyManagerBase: getOutput() returns output 2
09-24 10:09:52.109   196   196 D AudioPolicyManagerBase: getOutput() device 2, stream 1, samplingRate 48000, format 1, channelMask 3, flags 4
09-24 10:09:52.109   196   196 D AudioPolicyManagerBase: getOutput() returns output 2
09-24 10:09:52.109  3651  3651 D AndroidRuntime: Shutting down VM
09-24 10:09:52.109   196   881 D AudioFlinger: start(4099), calling pid 728 session 49
09-24 10:09:52.109   196   881 D AudioFlinger: ? => ACTIVE (4099) on thread 0xb8834998
09-24 10:09:52.109   196   881 D AudioPolicyManagerBase: startOutput() output 2, stream 1, session 49
09-24 10:09:52.129   196   876 V audio_hw_primary: start_output_stream: enter: usecase(1: low-latency-playback) devices(0x2)
09-24 10:09:52.129   196   876 D audio_hw_primary: select_devices: out_snd_device(2: speaker) in_snd_device(0: )
