09-24 10:11:12.307  1176  1176 W ResourceType: No package identifier when getting name for resource number 0x00000013
09-24 10:11:12.767  5496  5496 D AndroidRuntime: 
09-24 10:11:12.767  5496  5496 D AndroidRuntime: >>>>>> AndroidRuntime START com.android.internal.os.RuntimeInit <<<<<<
09-24 10:11:12.767  5496  5496 D AndroidRuntime: CheckJNI is OFF
09-24 10:11:12.787  5496  5496 D dalvikvm: Trying to load lib libjavacore.so 0x0
09-24 10:11:12.787  5496  5496 D dalvikvm: Added shared lib libjavacore.so 0x0
09-24 10:11:12.797  5496  5496 D dalvikvm: Trying to load lib libnativehelper.so 0x0
09-24 10:11:12.797  5496  5496 D dalvikvm: Added shared lib libnativehelper.so 0x0
09-24 10:11:12.797  5496  5496 D dalvikvm: No JNI_OnLoad found in libnativehelper.so 0x0, skipping init
09-24 10:11:12.837  5496  5496 D dalvikvm: Note: class Landroid/app/ActivityManagerNative; has 180 unimplemented (abstract) methods
09-24 10:11:13.088  5496  5496 D AndroidRuntime: Calling main entry com.android.commands.am.Am
09-24 10:11:13.108   728   739 I ActivityManager: START u0 {act=android.intent.action.MAIN cat=[android.intent.category.LAUNCHER] flg=0x10000000 cmp=andrei.brusentcov.eyecheck.free/andrei.brusentcov.eyecheck.BootActivity} from pid 5496
09-24 10:11:13.188  5496  5496 D AndroidRuntime: Shutting down VM
09-24 10:11:13.608   728   744 I ActivityManager: Displayed andrei.brusentcov.eyecheck.free/andrei.brusentcov.eyecheck.BootActivity: +434ms
09-24 10:11:13.648   728   744 I Timeline: Timeline: Activity_windows_visible id: ActivityRecord{41a02710 u0 andrei.brusentcov.eyecheck.free/andrei.brusentcov.eyecheck.BootActivity t24} time:1894216
09-24 10:11:13.678  2990  2990 I Timeline: Timeline: Activity_idle id: android.os.BinderProxy@423a3900 time:1894249
09-24 10:11:18.273   728   747 W ProcessCpuTracker: Skipping unknown process pid 5584
09-24 10:11:18.393  2990  2990 I Timeline: Timeline: Activity_launch_request id:andrei.brusentcov.eyecheck.free time:1898958
09-24 10:11:18.393   728  1163 I ActivityManager: START u0 {cmp=andrei.brusentcov.eyecheck.free/andrei.brusentcov.eyecheck.MainActivity} from pid 2990
09-24 10:11:18.393   728  1163 W ActivityManager: startActivity called from finishing ActivityRecord{41a02710 u0 andrei.brusentcov.eyecheck.free/andrei.brusentcov.eyecheck.BootActivity t24 f}; forcing Intent.FLAG_ACTIVITY_NEW_TASK for: Intent { cmp=andrei.brusentcov.eyecheck.free/andrei.brusentcov.eyecheck.MainActivity }
09-24 10:11:18.403  5596  5596 D AndroidRuntime: 
09-24 10:11:18.403  5596  5596 D AndroidRuntime: >>>>>> AndroidRuntime START com.android.internal.os.RuntimeInit <<<<<<
09-24 10:11:18.403  5596  5596 D AndroidRuntime: CheckJNI is OFF
09-24 10:11:18.423  5596  5596 D dalvikvm: Trying to load lib libjavacore.so 0x0
09-24 10:11:18.423  5596  5596 D dalvikvm: Added shared lib libjavacore.so 0x0
09-24 10:11:18.423  5596  5596 D dalvikvm: Trying to load lib libnativehelper.so 0x0
09-24 10:11:18.433  5596  5596 D dalvikvm: Added shared lib libnativehelper.so 0x0
09-24 10:11:18.433  5596  5596 D dalvikvm: No JNI_OnLoad found in libnativehelper.so 0x0, skipping init
09-24 10:11:18.473  5596  5596 D dalvikvm: Note: class Landroid/app/ActivityManagerNative; has 180 unimplemented (abstract) methods
09-24 10:11:18.493  2990  2990 W GooglePlayServicesUtil: Google Play services is missing.
09-24 10:11:18.493  2990  2990 I Ads     : Starting ad request.
09-24 10:11:18.493  2990  2990 I Ads     : Use AdRequest.Builder.addTestDevice("883C217BFBF4488E8C7BFD5FA7ED7767") to get test ads on this device.
09-24 10:11:18.683   728   744 I ActivityManager: Displayed andrei.brusentcov.eyecheck.free/andrei.brusentcov.eyecheck.MainActivity: +279ms
09-24 10:11:18.763  5596  5596 D AndroidRuntime: Calling main entry com.android.commands.input.Input
09-24 10:11:18.763  5596  5596 I Input   : injectMotionEvent: MotionEvent { action=ACTION_DOWN, id[0]=0, x[0]=384.0, y[0]=1030.0, toolType[0]=TOOL_TYPE_UNKNOWN, buttonState=0, metaState=0, flags=0x0, edgeFlags=0x0, pointerCount=1, historySize=0, eventTime=1899322, downTime=1899322, deviceId=0, source=0x1002 }
09-24 10:11:18.803  5596  5596 I Input   : injectMotionEvent: MotionEvent { action=ACTION_MOVE, id[0]=0, x[0]=384.0, y[0]=1030.0, toolType[0]=TOOL_TYPE_UNKNOWN, buttonState=0, metaState=0, flags=0x0, edgeFlags=0x0, pointerCount=1, historySize=0, eventTime=1899322, downTime=1899322, deviceId=0, source=0x1002 }
09-24 10:11:18.833  5596  5596 I Input   : injectMotionEvent: MotionEvent { action=ACTION_MOVE, id[0]=0, x[0]=384.0, y[0]=1030.0, toolType[0]=TOOL_TYPE_UNKNOWN, buttonState=0, metaState=0, flags=0x0, edgeFlags=0x0, pointerCount=1, historySize=0, eventTime=1899391, downTime=1899391, deviceId=0, source=0x1002 }
09-24 10:11:18.863  5596  5596 I Input   : injectMotionEvent: MotionEvent { action=ACTION_MOVE, id[0]=0, x[0]=384.0, y[0]=1030.0, toolType[0]=TOOL_TYPE_UNKNOWN, buttonState=0, metaState=0, flags=0x0, edgeFlags=0x0, pointerCount=1, historySize=0, eventTime=1899427, downTime=1899427, deviceId=0, source=0x1002 }
09-24 10:11:18.873  2990  2990 I Timeline: Timeline: Activity_idle id: android.os.BinderProxy@41ddb390 time:1899438
09-24 10:11:18.893  5596  5596 I Input   : injectMotionEvent: MotionEvent { action=ACTION_MOVE, id[0]=0, x[0]=384.0, y[0]=1030.0, toolType[0]=TOOL_TYPE_UNKNOWN, buttonState=0, metaState=0, flags=0x0, edgeFlags=0x0, pointerCount=1, historySize=0, eventTime=1899454, downTime=1899454, deviceId=0, source=0x1002 }
09-24 10:11:18.903  5596  5596 I Input   : injectMotionEvent: MotionEvent { action=ACTION_MOVE, id[0]=0, x[0]=384.0, y[0]=1030.0, toolType[0]=TOOL_TYPE_UNKNOWN, buttonState=0, metaState=0, flags=0x0, edgeFlags=0x0, pointerCount=1, historySize=0, eventTime=1899463, downTime=1899463, deviceId=0, source=0x1002 }
09-24 10:11:18.923  5596  5596 I Input   : injectMotionEvent: MotionEvent { action=ACTION_MOVE, id[0]=0, x[0]=384.0, y[0]=1030.0, toolType[0]=TOOL_TYPE_UNKNOWN, buttonState=0, metaState=0, flags=0x0, edgeFlags=0x0, pointerCount=1, historySize=0, eventTime=1899484, downTime=1899484, deviceId=0, source=0x1002 }
09-24 10:11:18.933  5596  5596 I Input   : injectMotionEvent: MotionEvent { action=ACTION_MOVE, id[0]=0, x[0]=384.0, y[0]=1030.0, toolType[0]=TOOL_TYPE_UNKNOWN, buttonState=0, metaState=0, flags=0x0, edgeFlags=0x0, pointerCount=1, historySize=0, eventTime=1899496, downTime=1899496, deviceId=0, source=0x1002 }
09-24 10:11:18.953  5596  5596 I Input   : injectMotionEvent: MotionEvent { action=ACTION_MOVE, id[0]=0, x[0]=384.0, y[0]=1030.0, toolType[0]=TOOL_TYPE_UNKNOWN, buttonState=0, metaState=0, flags=0x0, edgeFlags=0x0, pointerCount=1, historySize=0, eventTime=1899515, downTime=1899515, deviceId=0, source=0x1002 }
09-24 10:11:18.973  5596  5596 I Input   : injectMotionEvent: MotionEvent { action=ACTION_UP, id[0]=0, x[0]=384.0, y[0]=1030.0, toolType[0]=TOOL_TYPE_UNKNOWN, buttonState=0, metaState=0, flags=0x0, edgeFlags=0x0, pointerCount=1, historySize=0, eventTime=1899532, downTime=1899532, deviceId=0, source=0x1002 }
09-24 10:11:18.973  5596  5596 D AndroidRuntime: Shutting down VM
09-24 10:11:18.983   196   890 D AudioPolicyManagerBase: getOutput() device 2, stream 1, samplingRate 0, format 0, channelMask 3, flags 0
09-24 10:11:18.983   196   890 D AudioPolicyManagerBase: getOutput() returns output 2
09-24 10:11:18.983   196   196 D AudioPolicyManagerBase: getOutput() device 2, stream 1, samplingRate 0, format 0, channelMask 3, flags 0
09-24 10:11:18.983   196   196 D AudioPolicyManagerBase: getOutput() returns output 2
09-24 10:11:18.983   196   881 D AudioPolicyManagerBase: getOutput() device 2, stream 1, samplingRate 48000, format 1, channelMask 3, flags 4
09-24 10:11:18.983   196   881 D AudioPolicyManagerBase: getOutput() returns output 2
09-24 10:11:18.983   196   881 D AudioFlinger: start(4097), calling pid 728 session 56
09-24 10:11:18.983   196   881 D AudioFlinger: ? => ACTIVE (4097) on thread 0xb8834680
09-24 10:11:18.983   196   881 D AudioPolicyManagerBase: startOutput() output 2, stream 1, session 56
09-24 10:11:18.993   196   876 V audio_hw_primary: start_output_stream: enter: usecase(1: low-latency-playback) devices(0x2)
09-24 10:11:18.993   196   876 D audio_hw_primary: select_devices: out_snd_device(2: speaker) in_snd_device(0: )
09-24 10:11:18.993   196   876 D ACDB-LOADER: ACDB -> send_afe_cal
09-24 10:11:18.993   196   876 V audio_hw_primary: enable_snd_device: snd_device(2: speaker)
09-24 10:11:19.003   196   876 V audio_hw_primary: enable_audio_route: enter: usecase(1)
09-24 10:11:19.003   196   876 V audio_hw_primary: enable_audio_route: apply mixer path: low-latency-playback
09-24 10:11:19.003   196   876 V audio_hw_primary: enable_audio_route: exit
09-24 10:11:19.003   196   876 V audio_hw_primary: start_output_stream: Opening PCM device card_id(0) device_id(14)
09-24 10:11:19.013   196   876 V audio_hw_primary: start_output_stream: exit
09-24 10:11:19.204   728   744 I Timeline: Timeline: Activity_windows_visible id: ActivityRecord{41a1b688 u0 andrei.brusentcov.eyecheck.free/andrei.brusentcov.eyecheck.MainActivity t25} time:1899764
09-24 10:11:19.614  2990  2990 I chromium: [INFO:CONSOLE(0)] "Document was loaded from Application Cache with manifest https://googleads.g.doubleclick.net/mads/static/mad/sdk/native/sdk-core-v40.appcache", source: https://googleads.g.doubleclick.net/mads/static/mad/sdk/native/sdk-core-v40.html (0)
09-24 10:11:19.614  2990  2990 I chromium: [INFO:CONSOLE(0)] "Application Cache Checking event", source: https://googleads.g.doubleclick.net/mads/static/mad/sdk/native/sdk-core-v40.html (0)
09-24 10:11:19.614  2990  2990 I chromium: [INFO:CONSOLE(0)] "Application Cache Checking event", source: https://googleads.g.doubleclick.net/mads/static/mad/sdk/native/sdk-core-v40.html (0)
09-24 10:11:19.624  2990  2990 I chromium: [INFO:CONSOLE(0)] "Application Cache Checking event", source: https://googleads.g.doubleclick.net/mads/static/mad/sdk/native/sdk-core-v40.html (0)
09-24 10:11:19.624  2990  2990 I chromium: [INFO:CONSOLE(0)] "Application Cache Checking event", source: https://googleads.g.doubleclick.net/mads/static/mad/sdk/native/sdk-core-v40.html (0)
09-24 10:11:19.624  2990  2990 I chromium: [INFO:CONSOLE(0)] "Application Cache NoUpdate event", source: https://googleads.g.doubleclick.net/mads/static/mad/sdk/native/sdk-core-v40.html (0)
09-24 10:11:19.654  2990  2990 I chromium: [INFO:CONSOLE(0)] "Application Cache NoUpdate event", source: https://googleads.g.doubleclick.net/mads/static/mad/sdk/native/sdk-core-v40.html (0)
09-24 10:11:19.654  2990  2990 I chromium: [INFO:CONSOLE(0)] "Application Cache NoUpdate event", source: https://googleads.g.doubleclick.net/mads/static/mad/sdk/native/sdk-core-v40.html (0)
09-24 10:11:19.654  2990  2990 I chromium: [INFO:CONSOLE(0)] "Application Cache NoUpdate event", source: https://googleads.g.doubleclick.net/mads/static/mad/sdk/native/sdk-core-v40.html (0)
09-24 10:11:22.186   196   877 V audio_hw_primary: out_standby: enter: usecase(1: low-latency-playback)
09-24 10:11:22.236   196   877 V audio_hw_primary: stop_output_stream: enter: usecase(1: low-latency-playback)
09-24 10:11:22.236   196   877 V audio_hw_primary: disable_audio_route: enter: usecase(1)
09-24 10:11:22.236   196   877 V audio_hw_primary: disable_audio_route: reset mixer path: low-latency-playback
09-24 10:11:22.236   196   877 V audio_hw_primary: disable_audio_route: exit
09-24 10:11:22.236   196   877 V audio_hw_primary: disable_snd_device: snd_device(2: speaker) refcnt=0
09-24 10:11:22.246   196   877 V audio_hw_primary: stop_output_stream: exit: status(0)
09-24 10:11:22.246   196   877 V audio_hw_primary: out_standby: exit
09-24 10:11:23.438   728   747 W ProcessCpuTracker: Skipping unknown process pid 5692
09-24 10:11:24.238  5720  5720 D AndroidRuntime: 
09-24 10:11:24.238  5720  5720 D AndroidRuntime: >>>>>> AndroidRuntime START com.android.internal.os.RuntimeInit <<<<<<
09-24 10:11:24.238  5720  5720 D AndroidRuntime: CheckJNI is OFF
09-24 10:11:24.258  5720  5720 D dalvikvm: Trying to load lib libjavacore.so 0x0
09-24 10:11:24.268  5720  5720 D dalvikvm: Added shared lib libjavacore.so 0x0
09-24 10:11:24.268  5720  5720 D dalvikvm: Trying to load lib libnativehelper.so 0x0
09-24 10:11:24.268  5720  5720 D dalvikvm: Added shared lib libnativehelper.so 0x0
09-24 10:11:24.268  5720  5720 D dalvikvm: No JNI_OnLoad found in libnativehelper.so 0x0, skipping init
09-24 10:11:24.318  5720  5720 D dalvikvm: Note: class Landroid/app/ActivityManagerNative; has 180 unimplemented (abstract) methods
09-24 10:11:24.599  5720  5720 D AndroidRuntime: Calling main entry com.android.commands.input.Input
09-24 10:11:24.609  5720  5720 I Input   : injectMotionEvent: MotionEvent { action=ACTION_DOWN, id[0]=0, x[0]=384.0, y[0]=828.0, toolType[0]=TOOL_TYPE_UNKNOWN, buttonState=0, metaState=0, flags=0x0, edgeFlags=0x0, pointerCount=1, historySize=0, eventTime=1905168, downTime=1905168, deviceId=0, source=0x1002 }
09-24 10:11:24.609  5720  5720 I Input   : injectMotionEvent: MotionEvent { action=ACTION_MOVE, id[0]=0, x[0]=384.0, y[0]=828.0, toolType[0]=TOOL_TYPE_UNKNOWN, buttonState=0, metaState=0, flags=0x0, edgeFlags=0x0, pointerCount=1, historySize=0, eventTime=1905168, downTime=1905168, deviceId=0, source=0x1002 }
09-24 10:11:24.619  5720  5720 I Input   : injectMotionEvent: MotionEvent { action=ACTION_MOVE, id[0]=0, x[0]=384.0, y[0]=828.0, toolType[0]=TOOL_TYPE_UNKNOWN, buttonState=0, metaState=0, flags=0x0, edgeFlags=0x0, pointerCount=1, historySize=0, eventTime=1905184, downTime=1905184, deviceId=0, source=0x1002 }
09-24 10:11:24.639  5720  5720 I Input   : injectMotionEvent: MotionEvent { action=ACTION_MOVE, id[0]=0, x[0]=384.0, y[0]=828.0, toolType[0]=TOOL_TYPE_UNKNOWN, buttonState=0, metaState=0, flags=0x0, edgeFlags=0x0, pointerCount=1, historySize=0, eventTime=1905201, downTime=1905201, deviceId=0, source=0x1002 }
09-24 10:11:24.649  5720  5720 I Input   : injectMotionEvent: MotionEvent { action=ACTION_MOVE, id[0]=0, x[0]=384.0, y[0]=828.0, toolType[0]=TOOL_TYPE_UNKNOWN, buttonState=0, metaState=0, flags=0x0, edgeFlags=0x0, pointerCount=1, historySize=0, eventTime=1905218, downTime=1905218, deviceId=0, source=0x1002 }
09-24 10:11:24.669  5720  5720 I Input   : injectMotionEvent: MotionEvent { action=ACTION_MOVE, id[0]=0, x[0]=384.0, y[0]=828.0, toolType[0]=TOOL_TYPE_UNKNOWN, buttonState=0, metaState=0, flags=0x0, edgeFlags=0x0, pointerCount=1, historySize=0, eventTime=1905234, downTime=1905234, deviceId=0, source=0x1002 }
09-24 10:11:24.689  5720  5720 I Input   : injectMotionEvent: MotionEvent { action=ACTION_MOVE, id[0]=0, x[0]=384.0, y[0]=828.0, toolType[0]=TOOL_TYPE_UNKNOWN, buttonState=0, metaState=0, flags=0x0, edgeFlags=0x0, pointerCount=1, historySize=0, eventTime=1905251, downTime=1905251, deviceId=0, source=0x1002 }
09-24 10:11:24.699  5720  5720 I Input   : injectMotionEvent: MotionEvent { action=ACTION_MOVE, id[0]=0, x[0]=384.0, y[0]=828.0, toolType[0]=TOOL_TYPE_UNKNOWN, buttonState=0, metaState=0, flags=0x0, edgeFlags=0x0, pointerCount=1, historySize=0, eventTime=1905268, downTime=1905268, deviceId=0, source=0x1002 }
09-24 10:11:24.719  5720  5720 I Input   : injectMotionEvent: MotionEvent { action=ACTION_MOVE, id[0]=0, x[0]=384.0, y[0]=828.0, toolType[0]=TOOL_TYPE_UNKNOWN, buttonState=0, metaState=0, flags=0x0, edgeFlags=0x0, pointerCount=1, historySize=0, eventTime=1905284, downTime=1905284, deviceId=0, source=0x1002 }
09-24 10:11:24.739  5720  5720 I Input   : injectMotionEvent: MotionEvent { action=ACTION_MOVE, id[0]=0, x[0]=384.0, y[0]=828.0, toolType[0]=TOOL_TYPE_UNKNOWN, buttonState=0, metaState=0, flags=0x0, edgeFlags=0x0, pointerCount=1, historySize=0, eventTime=1905301, downTime=1905301, deviceId=0, source=0x1002 }
09-24 10:11:24.749  5720  5720 I Input   : injectMotionEvent: MotionEvent { action=ACTION_MOVE, id[0]=0, x[0]=384.0, y[0]=828.0, toolType[0]=TOOL_TYPE_UNKNOWN, buttonState=0, metaState=0, flags=0x0, edgeFlags=0x0, pointerCount=1, historySize=0, eventTime=1905318, downTime=1905318, deviceId=0, source=0x1002 }
09-24 10:11:24.769  5720  5720 I Input   : injectMotionEvent: MotionEvent { action=ACTION_MOVE, id[0]=0, x[0]=384.0, y[0]=828.0, toolType[0]=TOOL_TYPE_UNKNOWN, buttonState=0, metaState=0, flags=0x0, edgeFlags=0x0, pointerCount=1, historySize=0, eventTime=1905335, downTime=1905335, deviceId=0, source=0x1002 }
09-24 10:11:24.789  5720  5720 I Input   : injectMotionEvent: MotionEvent { action=ACTION_MOVE, id[0]=0, x[0]=384.0, y[0]=828.0, toolType[0]=TOOL_TYPE_UNKNOWN, buttonState=0, metaState=0, flags=0x0, edgeFlags=0x0, pointerCount=1, historySize=0, eventTime=1905352, downTime=1905352, deviceId=0, source=0x1002 }
09-24 10:11:24.809  5720  5720 I Input   : injectMotionEvent: MotionEvent { action=ACTION_UP, id[0]=0, x[0]=384.0, y[0]=828.0, toolType[0]=TOOL_TYPE_UNKNOWN, buttonState=0, metaState=0, flags=0x0, edgeFlags=0x0, pointerCount=1, historySize=0, eventTime=1905372, downTime=1905372, deviceId=0, source=0x1002 }
09-24 10:11:24.819  5720  5720 D AndroidRuntime: Shutting down VM
09-24 10:11:24.839  2990  4425 W Ads     : Timed out waiting for ad response.
09-24 10:11:24.849   196   881 D AudioPolicyManagerBase: getOutput() device 2, stream 1, samplingRate 0, format 0, channelMask 3, flags 0
09-24 10:11:24.849   196   881 D AudioPolicyManagerBase: getOutput() returns output 2
09-24 10:11:24.849   196   196 D AudioPolicyManagerBase: getOutput() device 2, stream 1, samplingRate 0, format 0, channelMask 3, flags 0
09-24 10:11:24.849   196   196 D AudioPolicyManagerBase: getOutput() returns output 2
09-24 10:11:24.849   728  1122 I ActivityManager: START u0 {act=android.intent.action.VIEW cat=[android.intent.category.BROWSABLE] dat=market://details?id=andrei.brusentcov.eyecheck.pro} from pid 2990
09-24 10:11:24.859   196   890 D AudioPolicyManagerBase: getOutput() device 2, stream 1, samplingRate 48000, format 1, channelMask 3, flags 4
09-24 10:11:24.859   196   890 D AudioPolicyManagerBase: getOutput() returns output 2
09-24 10:11:24.859   196   890 D AudioFlinger: start(4099), calling pid 728 session 57
09-24 10:11:24.859   196   890 D AudioFlinger: ? => ACTIVE (4099) on thread 0xb8835020
09-24 10:11:24.859   196   890 D AudioPolicyManagerBase: startOutput() output 2, stream 1, session 57
09-24 10:11:24.869   196   876 V audio_hw_primary: start_output_stream: enter: usecase(1: low-latency-playback) devices(0x2)
09-24 10:11:24.869   196   876 D audio_hw_primary: select_devices: out_snd_device(2: speaker) in_snd_device(0: )
09-24 10:11:24.869   196   876 D ACDB-LOADER: ACDB -> send_afe_cal
09-24 10:11:24.869   196   876 V audio_hw_primary: enable_snd_device: snd_device(2: speaker)
09-24 10:11:24.879   196   876 V audio_hw_primary: enable_audio_route: enter: usecase(1)
09-24 10:11:24.879   196   876 V audio_hw_primary: enable_audio_route: apply mixer path: low-latency-playback
09-24 10:11:24.879   196   876 V audio_hw_primary: enable_audio_route: exit
09-24 10:11:24.879   196   876 V audio_hw_primary: start_output_stream: Opening PCM device card_id(0) device_id(14)
09-24 10:11:24.889   196   876 V audio_hw_primary: start_output_stream: exit
09-24 10:11:24.889   728  1044 I ActivityManager: START u0 {act=android.intent.action.VIEW cat=[android.intent.category.BROWSABLE] dat=https://play.google.com/store/apps/details?id=andrei.brusentcov.eyecheck.pro cmp=android/com.android.internal.app.ResolverActivity} from pid 2990
09-24 10:11:24.929  2990  2990 I Ads     : Scheduling ad refresh 60000 milliseconds from now.
09-24 10:11:24.929  2990  2990 W Ads     : Failed to load ad: 2
09-24 10:11:24.949  5746  5746 V Zygote  : Switching descriptor 33 to /dev/null
09-24 10:11:24.949  5746  5746 V Zygote  : Switching descriptor 10 to /dev/null
09-24 10:11:24.959   728  1122 I ActivityManager: Start proc system:ui for activity android/com.android.internal.app.ResolverActivity: pid=5746 uid=1000 gids={41000, 1028, 1015, 3002, 3001, 3003}
09-24 10:11:24.999  5746  5746 D ActivityThread: handleBindApplication:system:ui
09-24 10:11:24.999  5746  5746 D ActivityThread: setTargetHeapUtilization:0.75
09-24 10:11:24.999  5746  5746 D ActivityThread: setTargetHeapMinFree:524288
09-24 10:11:25.239   728   744 I ActivityManager: Displayed android/com.android.internal.app.ResolverActivity: +302ms
09-24 10:11:25.490   728   744 I Timeline: Timeline: Activity_windows_visible id: ActivityRecord{41ad7bc8 u0 android/com.android.internal.app.ResolverActivity t25} time:1906052
09-24 10:11:25.520  5746  5746 I Timeline: Timeline: Activity_idle id: android.os.BinderProxy@41a26ff0 time:1906089
09-24 10:11:28.072   196   877 V audio_hw_primary: out_standby: enter: usecase(1: low-latency-playback)
09-24 10:11:28.112   196   877 V audio_hw_primary: stop_output_stream: enter: usecase(1: low-latency-playback)
09-24 10:11:28.112   196   877 V audio_hw_primary: disable_audio_route: enter: usecase(1)
09-24 10:11:28.112   196   877 V audio_hw_primary: disable_audio_route: reset mixer path: low-latency-playback
09-24 10:11:28.122   196   877 V audio_hw_primary: disable_audio_route: exit
09-24 10:11:28.122   196   877 V audio_hw_primary: disable_snd_device: snd_device(2: speaker) refcnt=0
09-24 10:11:28.132   196   877 V audio_hw_primary: stop_output_stream: exit: status(0)
09-24 10:11:28.132   196   877 V audio_hw_primary: out_standby: exit
09-24 10:11:29.584  5847  5847 D AndroidRuntime: 
09-24 10:11:29.584  5847  5847 D AndroidRuntime: >>>>>> AndroidRuntime START com.android.internal.os.RuntimeInit <<<<<<
09-24 10:11:29.584  5847  5847 D AndroidRuntime: CheckJNI is OFF
09-24 10:11:29.604  5847  5847 D dalvikvm: Trying to load lib libjavacore.so 0x0
09-24 10:11:29.614  5847  5847 D dalvikvm: Added shared lib libjavacore.so 0x0
09-24 10:11:29.614  5847  5847 D dalvikvm: Trying to load lib libnativehelper.so 0x0
09-24 10:11:29.614  5847  5847 D dalvikvm: Added shared lib libnativehelper.so 0x0
09-24 10:11:29.614  5847  5847 D dalvikvm: No JNI_OnLoad found in libnativehelper.so 0x0, skipping init
09-24 10:11:29.684  5847  5847 D dalvikvm: Note: class Landroid/app/ActivityManagerNative; has 180 unimplemented (abstract) methods
09-24 10:11:29.954  5847  5847 D AndroidRuntime: Calling main entry com.android.commands.input.Input
09-24 10:11:29.964  5847  5847 I Input   : injectKeyEvent: KeyEvent { action=ACTION_DOWN, keyCode=KEYCODE_BACK, scanCode=0, metaState=0, flags=0x0, repeatCount=0, eventTime=1910519, downTime=1910519, deviceId=-1, source=0x101 }
09-24 10:11:30.024  5847  5847 I Input   : injectKeyEvent: KeyEvent { action=ACTION_UP, keyCode=KEYCODE_BACK, scanCode=0, metaState=0, flags=0x0, repeatCount=0, eventTime=1910519, downTime=1910519, deviceId=-1, source=0x101 }
09-24 10:11:30.034  5847  5847 D AndroidRuntime: Shutting down VM
09-24 10:11:30.044   728  1179 W InputMethodManagerService: Window already focused, ignoring focus gain of: com.android.internal.view.IInputMethodClient$Stub$Proxy@41b8b4d0 attribute=null, token = android.os.BinderProxy@41cf4fc8
09-24 10:11:30.084  2990  2990 I Timeline: Timeline: Activity_idle id: android.os.BinderProxy@41ddb390 time:1910648
09-24 10:11:31.265  2990  2990 I Ads     : Ad is not visible. Not refreshing ad.
09-24 10:11:31.275  2990  2990 I Ads     : Scheduling ad refresh 60000 milliseconds from now.
09-24 10:11:35.189  5960  5960 D AndroidRuntime: 
09-24 10:11:35.189  5960  5960 D AndroidRuntime: >>>>>> AndroidRuntime START com.android.internal.os.RuntimeInit <<<<<<
09-24 10:11:35.189  5960  5960 D AndroidRuntime: CheckJNI is OFF
09-24 10:11:35.209  5960  5960 D dalvikvm: Trying to load lib libjavacore.so 0x0
09-24 10:11:35.219  5960  5960 D dalvikvm: Added shared lib libjavacore.so 0x0
09-24 10:11:35.219  5960  5960 D dalvikvm: Trying to load lib libnativehelper.so 0x0
09-24 10:11:35.219  5960  5960 D dalvikvm: Added shared lib libnativehelper.so 0x0
09-24 10:11:35.219  5960  5960 D dalvikvm: No JNI_OnLoad found in libnativehelper.so 0x0, skipping init
09-24 10:11:35.269  5960  5960 D dalvikvm: Note: class Landroid/app/ActivityManagerNative; has 180 unimplemented (abstract) methods
09-24 10:11:35.559  5960  5960 D AndroidRuntime: Calling main entry com.android.commands.input.Input
09-24 10:11:35.559  5960  5960 I Input   : injectMotionEvent: MotionEvent { action=ACTION_DOWN, id[0]=0, x[0]=384.0, y[0]=531.0, toolType[0]=TOOL_TYPE_UNKNOWN, buttonState=0, metaState=0, flags=0x0, edgeFlags=0x0, pointerCount=1, historySize=0, eventTime=1916121, downTime=1916121, deviceId=0, source=0x1002 }
09-24 10:11:35.569  5960  5960 I Input   : injectMotionEvent: MotionEvent { action=ACTION_MOVE, id[0]=0, x[0]=384.0, y[0]=531.0, toolType[0]=TOOL_TYPE_UNKNOWN, buttonState=0, metaState=0, flags=0x0, edgeFlags=0x0, pointerCount=1, historySize=0, eventTime=1916121, downTime=1916121, deviceId=0, source=0x1002 }
09-24 10:11:35.579  5960  5960 I Input   : injectMotionEvent: MotionEvent { action=ACTION_MOVE, id[0]=0, x[0]=384.0, y[0]=531.0, toolType[0]=TOOL_TYPE_UNKNOWN, buttonState=0, metaState=0, flags=0x0, edgeFlags=0x0, pointerCount=1, historySize=0, eventTime=1916146, downTime=1916146, deviceId=0, source=0x1002 }
09-24 10:11:35.600  5960  5960 I Input   : injectMotionEvent: MotionEvent { action=ACTION_MOVE, id[0]=0, x[0]=384.0, y[0]=531.0, toolType[0]=TOOL_TYPE_UNKNOWN, buttonState=0, metaState=0, flags=0x0, edgeFlags=0x0, pointerCount=1, historySize=0, eventTime=1916162, downTime=1916162, deviceId=0, source=0x1002 }
09-24 10:11:35.620  5960  5960 I Input   : injectMotionEvent: MotionEvent { action=ACTION_MOVE, id[0]=0, x[0]=384.0, y[0]=531.0, toolType[0]=TOOL_TYPE_UNKNOWN, buttonState=0, metaState=0, flags=0x0, edgeFlags=0x0, pointerCount=1, historySize=0, eventTime=1916179, downTime=1916179, deviceId=0, source=0x1002 }
09-24 10:11:35.640  5960  5960 I Input   : injectMotionEvent: MotionEvent { action=ACTION_MOVE, id[0]=0, x[0]=384.0, y[0]=531.0, toolType[0]=TOOL_TYPE_UNKNOWN, buttonState=0, metaState=0, flags=0x0, edgeFlags=0x0, pointerCount=1, historySize=0, eventTime=1916200, downTime=1916200, deviceId=0, source=0x1002 }
09-24 10:11:35.650  5960  5960 I Input   : injectMotionEvent: MotionEvent { action=ACTION_MOVE, id[0]=0, x[0]=384.0, y[0]=531.0, toolType[0]=TOOL_TYPE_UNKNOWN, buttonState=0, metaState=0, flags=0x0, edgeFlags=0x0, pointerCount=1, historySize=0, eventTime=1916212, downTime=1916212, deviceId=0, source=0x1002 }
09-24 10:11:35.670  5960  5960 I Input   : injectMotionEvent: MotionEvent { action=ACTION_MOVE, id[0]=0, x[0]=384.0, y[0]=531.0, toolType[0]=TOOL_TYPE_UNKNOWN, buttonState=0, metaState=0, flags=0x0, edgeFlags=0x0, pointerCount=1, historySize=0, eventTime=1916229, downTime=1916229, deviceId=0, source=0x1002 }
09-24 10:11:35.680  5960  5960 I Input   : injectMotionEvent: MotionEvent { action=ACTION_MOVE, id[0]=0, x[0]=384.0, y[0]=531.0, toolType[0]=TOOL_TYPE_UNKNOWN, buttonState=0, metaState=0, flags=0x0, edgeFlags=0x0, pointerCount=1, historySize=0, eventTime=1916249, downTime=1916249, deviceId=0, source=0x1002 }
09-24 10:11:35.700  5960  5960 I Input   : injectMotionEvent: MotionEvent { action=ACTION_MOVE, id[0]=0, x[0]=384.0, y[0]=531.0, toolType[0]=TOOL_TYPE_UNKNOWN, buttonState=0, metaState=0, flags=0x0, edgeFlags=0x0, pointerCount=1, historySize=0, eventTime=1916269, downTime=1916269, deviceId=0, source=0x1002 }
09-24 10:11:35.720  5960  5960 I Input   : injectMotionEvent: MotionEvent { action=ACTION_MOVE, id[0]=0, x[0]=384.0, y[0]=531.0, toolType[0]=TOOL_TYPE_UNKNOWN, buttonState=0, metaState=0, flags=0x0, edgeFlags=0x0, pointerCount=1, historySize=0, eventTime=1916282, downTime=1916282, deviceId=0, source=0x1002 }
09-24 10:11:35.730  5960  5960 I Input   : injectMotionEvent: MotionEvent { action=ACTION_MOVE, id[0]=0, x[0]=384.0, y[0]=531.0, toolType[0]=TOOL_TYPE_UNKNOWN, buttonState=0, metaState=0, flags=0x0, edgeFlags=0x0, pointerCount=1, historySize=0, eventTime=1916299, downTime=1916299, deviceId=0, source=0x1002 }
09-24 10:11:35.750  5960  5960 I Input   : injectMotionEvent: MotionEvent { action=ACTION_MOVE, id[0]=0, x[0]=384.0, y[0]=531.0, toolType[0]=TOOL_TYPE_UNKNOWN, buttonState=0, metaState=0, flags=0x0, edgeFlags=0x0, pointerCount=1, historySize=0, eventTime=1916319, downTime=1916319, deviceId=0, source=0x1002 }
09-24 10:11:35.770  5960  5960 I Input   : injectMotionEvent: MotionEvent { action=ACTION_UP, id[0]=0, x[0]=384.0, y[0]=531.0, toolType[0]=TOOL_TYPE_UNKNOWN, buttonState=0, metaState=0, flags=0x0, edgeFlags=0x0, pointerCount=1, historySize=0, eventTime=1916332, downTime=1916332, deviceId=0, source=0x1002 }
09-24 10:11:35.780   196   890 D AudioPolicyManagerBase: getOutput() device 2, stream 1, samplingRate 0, format 0, channelMask 3, flags 0
09-24 10:11:35.780   196   890 D AudioPolicyManagerBase: getOutput() returns output 2
09-24 10:11:35.780   196   196 D AudioPolicyManagerBase: getOutput() device 2, stream 1, samplingRate 0, format 0, channelMask 3, flags 0
09-24 10:11:35.780   196   196 D AudioPolicyManagerBase: getOutput() returns output 2
09-24 10:11:35.780   196   881 D AudioPolicyManagerBase: getOutput() device 2, stream 1, samplingRate 48000, format 1, channelMask 3, flags 4
09-24 10:11:35.780   196   881 D AudioPolicyManagerBase: getOutput() returns output 2
09-24 10:11:35.780   196   881 D AudioFlinger: start(4097), calling pid 728 session 58
09-24 10:11:35.780   196   881 D AudioFlinger: ? => ACTIVE (4097) on thread 0xb8834680
09-24 10:11:35.780   196   881 D AudioPolicyManagerBase: startOutput() output 2, stream 1, session 58
09-24 10:11:35.790  5960  5960 D AndroidRuntime: Shutting down VM
09-24 10:11:35.790   196   876 V audio_hw_primary: start_output_stream: enter: usecase(1: low-latency-playback) devices(0x2)
09-24 10:11:35.790   196   876 D audio_hw_primary: select_devices: out_snd_device(2: speaker) in_snd_device(0: )
09-24 10:11:35.790   196   876 D ACDB-LOADER: ACDB -> send_afe_cal
09-24 10:11:35.790   196   876 V audio_hw_primary: enable_snd_device: snd_device(2: speaker)
09-24 10:11:35.800   196   876 V audio_hw_primary: enable_audio_route: enter: usecase(1)
09-24 10:11:35.800   196   876 V audio_hw_primary: enable_audio_route: apply mixer path: low-latency-playback
09-24 10:11:35.800   196   876 V audio_hw_primary: enable_audio_route: exit
09-24 10:11:35.800   196   876 V audio_hw_primary: start_output_stream: Opening PCM device card_id(0) device_id(14)
09-24 10:11:35.810   196   876 V audio_hw_primary: start_output_stream: exit
09-24 10:11:38.983   196   877 V audio_hw_primary: out_standby: enter: usecase(1: low-latency-playback)
09-24 10:11:39.023   196   877 V audio_hw_primary: stop_output_stream: enter: usecase(1: low-latency-playback)
09-24 10:11:39.023   196   877 V audio_hw_primary: disable_audio_route: enter: usecase(1)
09-24 10:11:39.023   196   877 V audio_hw_primary: disable_audio_route: reset mixer path: low-latency-playback
09-24 10:11:39.023   196   877 V audio_hw_primary: disable_audio_route: exit
09-24 10:11:39.023   196   877 V audio_hw_primary: disable_snd_device: snd_device(2: speaker) refcnt=0
09-24 10:11:39.023   196   877 V audio_hw_primary: stop_output_stream: exit: status(0)
09-24 10:11:39.023   196   877 V audio_hw_primary: out_standby: exit
09-24 10:11:40.855  6070  6070 D AndroidRuntime: 
09-24 10:11:40.855  6070  6070 D AndroidRuntime: >>>>>> AndroidRuntime START com.android.internal.os.RuntimeInit <<<<<<
09-24 10:11:40.855  6070  6070 D AndroidRuntime: CheckJNI is OFF
09-24 10:11:40.875  6070  6070 D dalvikvm: Trying to load lib libjavacore.so 0x0
09-24 10:11:40.875  6070  6070 D dalvikvm: Added shared lib libjavacore.so 0x0
09-24 10:11:40.885  6070  6070 D dalvikvm: Trying to load lib libnativehelper.so 0x0
09-24 10:11:40.885  6070  6070 D dalvikvm: Added shared lib libnativehelper.so 0x0
09-24 10:11:40.885  6070  6070 D dalvikvm: No JNI_OnLoad found in libnativehelper.so 0x0, skipping init
09-24 10:11:40.935  6070  6070 D dalvikvm: Note: class Landroid/app/ActivityManagerNative; has 180 unimplemented (abstract) methods
09-24 10:11:41.195  6070  6070 D AndroidRuntime: Calling main entry com.android.commands.input.Input
09-24 10:11:41.195  6070  6070 I Input   : injectMotionEvent: MotionEvent { action=ACTION_DOWN, id[0]=0, x[0]=46.0, y[0]=70.0, toolType[0]=TOOL_TYPE_UNKNOWN, buttonState=0, metaState=0, flags=0x0, edgeFlags=0x0, pointerCount=1, historySize=0, eventTime=1921758, downTime=1921758, deviceId=0, source=0x1002 }
09-24 10:11:41.215  6070  6070 I Input   : injectMotionEvent: MotionEvent { action=ACTION_MOVE, id[0]=0, x[0]=46.0, y[0]=70.0, toolType[0]=TOOL_TYPE_UNKNOWN, buttonState=0, metaState=0, flags=0x0, edgeFlags=0x0, pointerCount=1, historySize=0, eventTime=1921758, downTime=1921758, deviceId=0, source=0x1002 }
09-24 10:11:41.225  6070  6070 I Input   : injectMotionEvent: MotionEvent { action=ACTION_MOVE, id[0]=0, x[0]=46.0, y[0]=70.0, toolType[0]=TOOL_TYPE_UNKNOWN, buttonState=0, metaState=0, flags=0x0, edgeFlags=0x0, pointerCount=1, historySize=0, eventTime=1921783, downTime=1921783, deviceId=0, source=0x1002 }
09-24 10:11:41.245  6070  6070 I Input   : injectMotionEvent: MotionEvent { action=ACTION_MOVE, id[0]=0, x[0]=46.0, y[0]=70.0, toolType[0]=TOOL_TYPE_UNKNOWN, buttonState=0, metaState=0, flags=0x0, edgeFlags=0x0, pointerCount=1, historySize=0, eventTime=1921800, downTime=1921800, deviceId=0, source=0x1002 }
09-24 10:11:41.255  6070  6070 I Input   : injectMotionEvent: MotionEvent { action=ACTION_MOVE, id[0]=0, x[0]=46.0, y[0]=70.0, toolType[0]=TOOL_TYPE_UNKNOWN, buttonState=0, metaState=0, flags=0x0, edgeFlags=0x0, pointerCount=1, historySize=0, eventTime=1921817, downTime=1921817, deviceId=0, source=0x1002 }
09-24 10:11:41.275  6070  6070 I Input   : injectMotionEvent: MotionEvent { action=ACTION_MOVE, id[0]=0, x[0]=46.0, y[0]=70.0, toolType[0]=TOOL_TYPE_UNKNOWN, buttonState=0, metaState=0, flags=0x0, edgeFlags=0x0, pointerCount=1, historySize=0, eventTime=1921833, downTime=1921833, deviceId=0, source=0x1002 }
09-24 10:11:41.295  6070  6070 I Input   : injectMotionEvent: MotionEvent { action=ACTION_MOVE, id[0]=0, x[0]=46.0, y[0]=70.0, toolType[0]=TOOL_TYPE_UNKNOWN, buttonState=0, metaState=0, flags=0x0, edgeFlags=0x0, pointerCount=1, historySize=0, eventTime=1921850, downTime=1921850, deviceId=0, source=0x1002 }
09-24 10:11:41.305  6070  6070 I Input   : injectMotionEvent: MotionEvent { action=ACTION_MOVE, id[0]=0, x[0]=46.0, y[0]=70.0, toolType[0]=TOOL_TYPE_UNKNOWN, buttonState=0, metaState=0, flags=0x0, edgeFlags=0x0, pointerCount=1, historySize=0, eventTime=1921867, downTime=1921867, deviceId=0, source=0x1002 }
09-24 10:11:41.325  6070  6070 I Input   : injectMotionEvent: MotionEvent { action=ACTION_MOVE, id[0]=0, x[0]=46.0, y[0]=70.0, toolType[0]=TOOL_TYPE_UNKNOWN, buttonState=0, metaState=0, flags=0x0, edgeFlags=0x0, pointerCount=1, historySize=0, eventTime=1921883, downTime=1921883, deviceId=0, source=0x1002 }
09-24 10:11:41.345  6070  6070 I Input   : injectMotionEvent: MotionEvent { action=ACTION_MOVE, id[0]=0, x[0]=46.0, y[0]=70.0, toolType[0]=TOOL_TYPE_UNKNOWN, buttonState=0, metaState=0, flags=0x0, edgeFlags=0x0, pointerCount=1, historySize=0, eventTime=1921900, downTime=1921900, deviceId=0, source=0x1002 }
09-24 10:11:41.355  6070  6070 I Input   : injectMotionEvent: MotionEvent { action=ACTION_MOVE, id[0]=0, x[0]=46.0, y[0]=70.0, toolType[0]=TOOL_TYPE_UNKNOWN, buttonState=0, metaState=0, flags=0x0, edgeFlags=0x0, pointerCount=1, historySize=0, eventTime=1921916, downTime=1921916, deviceId=0, source=0x1002 }
09-24 10:11:41.375  6070  6070 I Input   : injectMotionEvent: MotionEvent { action=ACTION_MOVE, id[0]=0, x[0]=46.0, y[0]=70.0, toolType[0]=TOOL_TYPE_UNKNOWN, buttonState=0, metaState=0, flags=0x0, edgeFlags=0x0, pointerCount=1, historySize=0, eventTime=1921933, downTime=1921933, deviceId=0, source=0x1002 }
09-24 10:11:41.395  6070  6070 I Input   : injectMotionEvent: MotionEvent { action=ACTION_MOVE, id[0]=0, x[0]=46.0, y[0]=70.0, toolType[0]=TOOL_TYPE_UNKNOWN, buttonState=0, metaState=0, flags=0x0, edgeFlags=0x0, pointerCount=1, historySize=0, eventTime=1921950, downTime=1921950, deviceId=0, source=0x1002 }
09-24 10:11:41.405  6070  6070 I Input   : injectMotionEvent: MotionEvent { action=ACTION_UP, id[0]=0, x[0]=46.0, y[0]=70.0, toolType[0]=TOOL_TYPE_UNKNOWN, buttonState=0, metaState=0, flags=0x0, edgeFlags=0x0, pointerCount=1, historySize=0, eventTime=1921966, downTime=1921966, deviceId=0, source=0x1002 }
09-24 10:11:41.405  6070  6070 D AndroidRuntime: Shutting down VM
09-24 10:11:41.415   196   881 D AudioPolicyManagerBase: getOutput() device 2, stream 1, samplingRate 0, format 0, channelMask 3, flags 0
09-24 10:11:41.415   196   881 D AudioPolicyManagerBase: getOutput() returns output 2
09-24 10:11:41.415   196   890 D AudioPolicyManagerBase: getOutput() device 2, stream 1, samplingRate 0, format 0, channelMask 3, flags 0
09-24 10:11:41.415   196   890 D AudioPolicyManagerBase: getOutput() returns output 2
09-24 10:11:41.415   196   196 D AudioPolicyManagerBase: getOutput() device 2, stream 1, samplingRate 48000, format 1, channelMask 3, flags 4
09-24 10:11:41.415   196   196 D AudioPolicyManagerBase: getOutput() returns output 2
09-24 10:11:41.415   196   196 D AudioFlinger: start(4099), calling pid 728 session 59
09-24 10:11:41.415   196   196 D AudioFlinger: ? => ACTIVE (4099) on thread 0xb8833ff8
09-24 10:11:41.415   196   196 D AudioPolicyManagerBase: startOutput() output 2, stream 1, session 59
09-24 10:11:41.425   196   876 V audio_hw_primary: start_output_stream: enter: usecase(1: low-latency-playback) devices(0x2)
09-24 10:11:41.425   196   876 D audio_hw_primary: select_devices: out_snd_device(2: speaker) in_snd_device(0: )
09-24 10:11:41.425   196   876 D ACDB-LOADER: ACDB -> send_afe_cal
09-24 10:11:41.425   196   876 V audio_hw_primary: enable_snd_device: snd_device(2: speaker)
09-24 10:11:41.435   196   876 V audio_hw_primary: enable_audio_route: enter: usecase(1)
09-24 10:11:41.435   196   876 V audio_hw_primary: enable_audio_route: apply mixer path: low-latency-playback
09-24 10:11:41.435   196   876 V audio_hw_primary: enable_audio_route: exit
09-24 10:11:41.435   196   876 V audio_hw_primary: start_output_stream: Opening PCM device card_id(0) device_id(14)
09-24 10:11:41.445   196   876 V audio_hw_primary: start_output_stream: exit
09-24 10:11:41.675  1176  1176 I Timeline: Timeline: Activity_idle id: android.os.BinderProxy@419e5be0 time:1922236
09-24 10:11:42.056   728   744 I Timeline: Timeline: Activity_windows_visible id: ActivityRecord{41ad2430 u0 com.cyanogenmod.trebuchet/org.cyanogenmod.trebuchet.CustomHomeLauncher t1} time:1922618
09-24 10:11:42.066   728   747 I ActivityManager: Killing 2153:com.android.externalstorage/u0a8 (adj 15): empty #17
09-24 10:11:44.638   196   877 V audio_hw_primary: out_standby: enter: usecase(1: low-latency-playback)
09-24 10:11:44.688   196   877 V audio_hw_primary: stop_output_stream: enter: usecase(1: low-latency-playback)
09-24 10:11:44.688   196   877 V audio_hw_primary: disable_audio_route: enter: usecase(1)
09-24 10:11:44.688   196   877 V audio_hw_primary: disable_audio_route: reset mixer path: low-latency-playback
09-24 10:11:44.688   196   877 V audio_hw_primary: disable_audio_route: exit
09-24 10:11:44.688   196   877 V audio_hw_primary: disable_snd_device: snd_device(2: speaker) refcnt=0
09-24 10:11:44.698   196   877 V audio_hw_primary: stop_output_stream: exit: status(0)
09-24 10:11:44.698   196   877 V audio_hw_primary: out_standby: exit
09-24 10:11:44.698  1176  1176 W ResourceType: No package identifier when getting name for resource number 0x00000006
09-24 10:11:44.698  1176  1176 W ResourceType: No package identifier when getting name for resource number 0x00000007
09-24 10:11:44.698  1176  1176 W ResourceType: No package identifier when getting name for resource number 0x0000000a
09-24 10:11:44.708  1176  1176 W ResourceType: No package identifier when getting name for resource number 0x00000008
09-24 10:11:44.708  1176  1176 W ResourceType: No package identifier when getting name for resource number 0x00000009
09-24 10:11:44.708  1176  1176 W ResourceType: No package identifier when getting name for resource number 0x0000000b
09-24 10:11:44.708  1176  1176 W ResourceType: No package identifier when getting name for resource number 0x00000001
09-24 10:11:44.708  1176  1176 W ResourceType: No package identifier when getting name for resource number 0x00000002
09-24 10:11:44.708  1176  1176 W ResourceType: No package identifier when getting name for resource number 0x00000003
09-24 10:11:44.708  1176  1176 W ResourceType: No package identifier when getting name for resource number 0x00000004
09-24 10:11:44.708  1176  1176 W ResourceType: No package identifier when getting name for resource number 0x00000005
09-24 10:11:44.718  1176  1176 W ResourceType: No package identifier when getting name for resource number 0x00000014
09-24 10:11:44.718  1176  1176 W ResourceType: No package identifier when getting name for resource number 0x00000015
09-24 10:11:44.718  1176  1176 W ResourceType: No package identifier when getting name for resource number 0x00000016
09-24 10:11:44.718  1176  1176 W ResourceType: No package identifier when getting name for resource number 0x00000017
09-24 10:11:44.718  1176  1176 W ResourceType: No package identifier when getting name for resource number 0x00000001
09-24 10:11:44.718  1176  1176 W ResourceType: No package identifier when getting name for resource number 0x00000002
09-24 10:11:44.718  1176  1176 W ResourceType: No package identifier when getting name for resource number 0x00000003
09-24 10:11:44.718  1176  1176 W ResourceType: No package identifier when getting name for resource number 0x00000004
09-24 10:11:44.718  1176  1176 W ResourceType: No package identifier when getting name for resource number 0x00000005
09-24 10:11:44.718  1176  1176 W ResourceType: No package identifier when getting name for resource number 0x00000006
09-24 10:11:44.718  1176  1176 W ResourceType: No package identifier when getting name for resource number 0x00000007
09-24 10:11:44.718  1176  1176 W ResourceType: No package identifier when getting name for resource number 0x00000008
09-24 10:11:44.718  1176  1176 W ResourceType: No package identifier when getting name for resource number 0x00000009
09-24 10:11:44.718  1176  1176 W ResourceType: No package identifier when getting name for resource number 0x0000000a
09-24 10:11:44.718  1176  1176 W ResourceType: No package identifier when getting name for resource number 0x0000000b
09-24 10:11:44.718  1176  1176 W ResourceType: No package identifier when getting name for resource number 0x0000000c
09-24 10:11:44.718  1176  1176 W ResourceType: No package identifier when getting name for resource number 0x0000000d
09-24 10:11:44.728  1176  1176 W ResourceType: No package identifier when getting name for resource number 0x0000000e
09-24 10:11:44.728  1176  1176 W ResourceType: No package identifier when getting name for resource number 0x0000000f
09-24 10:11:44.728  1176  1176 W ResourceType: No package identifier when getting name for resource number 0x00000010
09-24 10:11:44.728  1176  1176 W ResourceType: No package identifier when getting name for resource number 0x00000011
09-24 10:11:44.728  1176  1176 W ResourceType: No package identifier when getting name for resource number 0x00000012
09-24 10:11:44.728  1176  1176 W ResourceType: No package identifier when getting name for resource number 0x00000013
09-24 10:11:44.899  1176  1176 W ResourceType: No package identifier when getting name for resource number 0x00000006
09-24 10:11:44.899  1176  1176 W ResourceType: No package identifier when getting name for resource number 0x00000007
09-24 10:11:44.899  1176  1176 W ResourceType: No package identifier when getting name for resource number 0x0000000a
09-24 10:11:44.899  1176  1176 W ResourceType: No package identifier when getting name for resource number 0x00000008
09-24 10:11:44.899  1176  1176 W ResourceType: No package identifier when getting name for resource number 0x00000009
09-24 10:11:44.899  1176  1176 W ResourceType: No package identifier when getting name for resource number 0x0000000b
09-24 10:11:44.899  1176  1176 W ResourceType: No package identifier when getting name for resource number 0x00000001
09-24 10:11:44.899  1176  1176 W ResourceType: No package identifier when getting name for resource number 0x00000002
09-24 10:11:44.899  1176  1176 W ResourceType: No package identifier when getting name for resource number 0x00000003
09-24 10:11:44.899  1176  1176 W ResourceType: No package identifier when getting name for resource number 0x00000004
09-24 10:11:44.899  1176  1176 W ResourceType: No package identifier when getting name for resource number 0x00000005
09-24 10:11:44.919  1176  1176 W ResourceType: No package identifier when getting name for resource number 0x00000014
09-24 10:11:44.919  1176  1176 W ResourceType: No package identifier when getting name for resource number 0x00000015
09-24 10:11:44.919  1176  1176 W ResourceType: No package identifier when getting name for resource number 0x00000016
09-24 10:11:44.919  1176  1176 W ResourceType: No package identifier when getting name for resource number 0x00000017
09-24 10:11:44.919  1176  1176 W ResourceType: No package identifier when getting name for resource number 0x00000001
09-24 10:11:44.919  1176  1176 W ResourceType: No package identifier when getting name for resource number 0x00000002
09-24 10:11:44.919  1176  1176 W ResourceType: No package identifier when getting name for resource number 0x00000003
09-24 10:11:44.919  1176  1176 W ResourceType: No package identifier when getting name for resource number 0x00000004
09-24 10:11:44.919  1176  1176 W ResourceType: No package identifier when getting name for resource number 0x00000005
09-24 10:11:44.919  1176  1176 W ResourceType: No package identifier when getting name for resource number 0x00000006
09-24 10:11:44.919  1176  1176 W ResourceType: No package identifier when getting name for resource number 0x00000007
09-24 10:11:44.919  1176  1176 W ResourceType: No package identifier when getting name for resource number 0x00000008
09-24 10:11:44.919  1176  1176 W ResourceType: No package identifier when getting name for resource number 0x00000009
09-24 10:11:44.919  1176  1176 W ResourceType: No package identifier when getting name for resource number 0x0000000a
09-24 10:11:44.919  1176  1176 W ResourceType: No package identifier when getting name for resource number 0x0000000b
09-24 10:11:44.919  1176  1176 W ResourceType: No package identifier when getting name for resource number 0x0000000c
09-24 10:11:44.919  1176  1176 W ResourceType: No package identifier when getting name for resource number 0x0000000d
09-24 10:11:44.919  1176  1176 W ResourceType: No package identifier when getting name for resource number 0x0000000e
09-24 10:11:44.919  1176  1176 W ResourceType: No package identifier when getting name for resource number 0x0000000f
09-24 10:11:44.919  1176  1176 W ResourceType: No package identifier when getting name for resource number 0x00000010
09-24 10:11:44.919  1176  1176 W ResourceType: No package identifier when getting name for resource number 0x00000011
09-24 10:11:44.919  1176  1176 W ResourceType: No package identifier when getting name for resource number 0x00000012
09-24 10:11:44.919  1176  1176 W ResourceType: No package identifier when getting name for resource number 0x00000013
09-24 10:11:45.119  1176  1176 W ResourceType: No package identifier when getting name for resource number 0x00000006
09-24 10:11:45.119  1176  1176 W ResourceType: No package identifier when getting name for resource number 0x00000007
09-24 10:11:45.119  1176  1176 W ResourceType: No package identifier when getting name for resource number 0x0000000a
09-24 10:11:45.119  1176  1176 W ResourceType: No package identifier when getting name for resource number 0x00000008
09-24 10:11:45.119  1176  1176 W ResourceType: No package identifier when getting name for resource number 0x00000009
09-24 10:11:45.119  1176  1176 W ResourceType: No package identifier when getting name for resource number 0x0000000b
09-24 10:11:45.119  1176  1176 W ResourceType: No package identifier when getting name for resource number 0x00000001
09-24 10:11:45.119  1176  1176 W ResourceType: No package identifier when getting name for resource number 0x00000002
09-24 10:11:45.129  1176  1176 W ResourceType: No package identifier when getting name for resource number 0x00000003
09-24 10:11:45.129  1176  1176 W ResourceType: No package identifier when getting name for resource number 0x00000004
09-24 10:11:45.129  1176  1176 W ResourceType: No package identifier when getting name for resource number 0x00000005
09-24 10:11:45.129  1176  1176 W ResourceType: No package identifier when getting name for resource number 0x00000014
09-24 10:11:45.139  1176  1176 W ResourceType: No package identifier when getting name for resource number 0x00000015
09-24 10:11:45.139  1176  1176 W ResourceType: No package identifier when getting name for resource number 0x00000016
09-24 10:11:45.139  1176  1176 W ResourceType: No package identifier when getting name for resource number 0x00000017
09-24 10:11:45.139  1176  1176 W ResourceType: No package identifier when getting name for resource number 0x00000001
09-24 10:11:45.139  1176  1176 W ResourceType: No package identifier when getting name for resource number 0x00000002
09-24 10:11:45.139  1176  1176 W ResourceType: No package identifier when getting name for resource number 0x00000003
09-24 10:11:45.139  1176  1176 W ResourceType: No package identifier when getting name for resource number 0x00000004
09-24 10:11:45.139  1176  1176 W ResourceType: No package identifier when getting name for resource number 0x00000005
09-24 10:11:45.139  1176  1176 W ResourceType: No package identifier when getting name for resource number 0x00000006
