09-24 10:12:09.763  6603  6603 I Input   : injectMotionEvent: MotionEvent { action=ACTION_MOVE, id[0]=0, x[0]=384.0, y[0]=1031.0, toolType[0]=TOOL_TYPE_UNKNOWN, buttonState=0, metaState=0, flags=0x0, edgeFlags=0x0, pointerCount=1, historySize=0, eventTime=1950326, downTime=1950326, deviceId=0, source=0x1002 }
09-24 10:12:09.783  6603  6603 I Input   : injectMotionEvent: MotionEvent { action=ACTION_UP, id[0]=0, x[0]=384.0, y[0]=1031.0, toolType[0]=TOOL_TYPE_UNKNOWN, buttonState=0, metaState=0, flags=0x0, edgeFlags=0x0, pointerCount=1, historySize=0, eventTime=1950343, downTime=1950343, deviceId=0, source=0x1002 }
09-24 10:12:09.783   196   196 D AudioPolicyManagerBase: getOutput() device 2, stream 1, samplingRate 0, format 0, channelMask 3, flags 0
09-24 10:12:09.783   196   196 D AudioPolicyManagerBase: getOutput() returns output 2
09-24 10:12:09.783   196   881 D AudioPolicyManagerBase: getOutput() device 2, stream 1, samplingRate 0, format 0, channelMask 3, flags 0
09-24 10:12:09.783   196   881 D AudioPolicyManagerBase: getOutput() returns output 2
09-24 10:12:09.783   196   890 D AudioPolicyManagerBase: getOutput() device 2, stream 1, samplingRate 48000, format 1, channelMask 3, flags 4
09-24 10:12:09.783   196   890 D AudioPolicyManagerBase: getOutput() returns output 2
09-24 10:12:09.793   196   890 D AudioFlinger: start(4097), calling pid 728 session 62
09-24 10:12:09.793   196   890 D AudioFlinger: ? => ACTIVE (4097) on thread 0xb88333b0
09-24 10:12:09.793   196   890 D AudioPolicyManagerBase: startOutput() output 2, stream 1, session 62
09-24 10:12:09.793  6603  6603 D AndroidRuntime: Shutting down VM
09-24 10:12:09.803   196   876 V audio_hw_primary: start_output_stream: enter: usecase(1: low-latency-playback) devices(0x2)
09-24 10:12:09.803   196   876 D audio_hw_primary: select_devices: out_snd_device(2: speaker) in_snd_device(0: )
09-24 10:12:09.803   196   876 D ACDB-LOADER: ACDB -> send_afe_cal
09-24 10:12:09.803   196   876 V audio_hw_primary: enable_snd_device: snd_device(2: speaker)
09-24 10:12:09.813   196   876 V audio_hw_primary: enable_audio_route: enter: usecase(1)
09-24 10:12:09.813   196   876 V audio_hw_primary: enable_audio_route: apply mixer path: low-latency-playback
09-24 10:12:09.813   196   876 V audio_hw_primary: enable_audio_route: exit
09-24 10:12:09.813   196   876 V audio_hw_primary: start_output_stream: Opening PCM device card_id(0) device_id(14)
09-24 10:12:09.823   196   876 V audio_hw_primary: start_output_stream: exit
09-24 10:12:12.996   196   877 V audio_hw_primary: out_standby: enter: usecase(1: low-latency-playback)
09-24 10:12:13.046   196   877 V audio_hw_primary: stop_output_stream: enter: usecase(1: low-latency-playback)
09-24 10:12:13.046   196   877 V audio_hw_primary: disable_audio_route: enter: usecase(1)
09-24 10:12:13.046   196   877 V audio_hw_primary: disable_audio_route: reset mixer path: low-latency-playback
09-24 10:12:13.046   196   877 V audio_hw_primary: disable_audio_route: exit
09-24 10:12:13.046   196   877 V audio_hw_primary: disable_snd_device: snd_device(2: speaker) refcnt=0
09-24 10:12:13.046   196   877 V audio_hw_primary: stop_output_stream: exit: status(0)
09-24 10:12:13.046   196   877 V audio_hw_primary: out_standby: exit
09-24 10:12:14.928  6722  6722 D AndroidRuntime: 
09-24 10:12:14.928  6722  6722 D AndroidRuntime: >>>>>> AndroidRuntime START com.android.internal.os.RuntimeInit <<<<<<
09-24 10:12:14.928  6722  6722 D AndroidRuntime: CheckJNI is OFF
09-24 10:12:14.948  6722  6722 D dalvikvm: Trying to load lib libjavacore.so 0x0
09-24 10:12:14.948  6722  6722 D dalvikvm: Added shared lib libjavacore.so 0x0
09-24 10:12:14.948  6722  6722 D dalvikvm: Trying to load lib libnativehelper.so 0x0
09-24 10:12:14.948  6722  6722 D dalvikvm: Added shared lib libnativehelper.so 0x0
09-24 10:12:14.948  6722  6722 D dalvikvm: No JNI_OnLoad found in libnativehelper.so 0x0, skipping init
09-24 10:12:14.988  6722  6722 D dalvikvm: Note: class Landroid/app/ActivityManagerNative; has 180 unimplemented (abstract) methods
09-24 10:12:15.268  6722  6722 D AndroidRuntime: Calling main entry com.android.commands.input.Input
09-24 10:12:15.268  6722  6722 I Input   : injectMotionEvent: MotionEvent { action=ACTION_DOWN, id[0]=0, x[0]=384.0, y[0]=934.0, toolType[0]=TOOL_TYPE_UNKNOWN, buttonState=0, metaState=0, flags=0x0, edgeFlags=0x0, pointerCount=1, historySize=0, eventTime=1955835, downTime=1955835, deviceId=0, source=0x1002 }
09-24 10:12:15.278  6722  6722 I Input   : injectMotionEvent: MotionEvent { action=ACTION_MOVE, id[0]=0, x[0]=384.0, y[0]=934.0, toolType[0]=TOOL_TYPE_UNKNOWN, buttonState=0, metaState=0, flags=0x0, edgeFlags=0x0, pointerCount=1, historySize=0, eventTime=1955835, downTime=1955835, deviceId=0, source=0x1002 }
09-24 10:12:15.288  6722  6722 I Input   : injectMotionEvent: MotionEvent { action=ACTION_MOVE, id[0]=0, x[0]=384.0, y[0]=934.0, toolType[0]=TOOL_TYPE_UNKNOWN, buttonState=0, metaState=0, flags=0x0, edgeFlags=0x0, pointerCount=1, historySize=0, eventTime=1955849, downTime=1955849, deviceId=0, source=0x1002 }
09-24 10:12:15.298  6722  6722 I Input   : injectMotionEvent: MotionEvent { action=ACTION_MOVE, id[0]=0, x[0]=384.0, y[0]=934.0, toolType[0]=TOOL_TYPE_UNKNOWN, buttonState=0, metaState=0, flags=0x0, edgeFlags=0x0, pointerCount=1, historySize=0, eventTime=1955864, downTime=1955864, deviceId=0, source=0x1002 }
09-24 10:12:15.318  6722  6722 I Input   : injectMotionEvent: MotionEvent { action=ACTION_MOVE, id[0]=0, x[0]=384.0, y[0]=934.0, toolType[0]=TOOL_TYPE_UNKNOWN, buttonState=0, metaState=0, flags=0x0, edgeFlags=0x0, pointerCount=1, historySize=0, eventTime=1955881, downTime=1955881, deviceId=0, source=0x1002 }
09-24 10:12:15.328  6722  6722 I Input   : injectMotionEvent: MotionEvent { action=ACTION_MOVE, id[0]=0, x[0]=384.0, y[0]=934.0, toolType[0]=TOOL_TYPE_UNKNOWN, buttonState=0, metaState=0, flags=0x0, edgeFlags=0x0, pointerCount=1, historySize=0, eventTime=1955897, downTime=1955897, deviceId=0, source=0x1002 }
09-24 10:12:15.348  6722  6722 I Input   : injectMotionEvent: MotionEvent { action=ACTION_MOVE, id[0]=0, x[0]=384.0, y[0]=934.0, toolType[0]=TOOL_TYPE_UNKNOWN, buttonState=0, metaState=0, flags=0x0, edgeFlags=0x0, pointerCount=1, historySize=0, eventTime=1955915, downTime=1955915, deviceId=0, source=0x1002 }
09-24 10:12:15.368  6722  6722 I Input   : injectMotionEvent: MotionEvent { action=ACTION_MOVE, id[0]=0, x[0]=384.0, y[0]=934.0, toolType[0]=TOOL_TYPE_UNKNOWN, buttonState=0, metaState=0, flags=0x0, edgeFlags=0x0, pointerCount=1, historySize=0, eventTime=1955931, downTime=1955931, deviceId=0, source=0x1002 }
09-24 10:12:15.378  6722  6722 I Input   : injectMotionEvent: MotionEvent { action=ACTION_MOVE, id[0]=0, x[0]=384.0, y[0]=934.0, toolType[0]=TOOL_TYPE_UNKNOWN, buttonState=0, metaState=0, flags=0x0, edgeFlags=0x0, pointerCount=1, historySize=0, eventTime=1955947, downTime=1955947, deviceId=0, source=0x1002 }
09-24 10:12:15.398  6722  6722 I Input   : injectMotionEvent: MotionEvent { action=ACTION_MOVE, id[0]=0, x[0]=384.0, y[0]=934.0, toolType[0]=TOOL_TYPE_UNKNOWN, buttonState=0, metaState=0, flags=0x0, edgeFlags=0x0, pointerCount=1, historySize=0, eventTime=1955965, downTime=1955965, deviceId=0, source=0x1002 }
09-24 10:12:15.418  6722  6722 I Input   : injectMotionEvent: MotionEvent { action=ACTION_MOVE, id[0]=0, x[0]=384.0, y[0]=934.0, toolType[0]=TOOL_TYPE_UNKNOWN, buttonState=0, metaState=0, flags=0x0, edgeFlags=0x0, pointerCount=1, historySize=0, eventTime=1955982, downTime=1955982, deviceId=0, source=0x1002 }
09-24 10:12:15.428  6722  6722 I Input   : injectMotionEvent: MotionEvent { action=ACTION_MOVE, id[0]=0, x[0]=384.0, y[0]=934.0, toolType[0]=TOOL_TYPE_UNKNOWN, buttonState=0, metaState=0, flags=0x0, edgeFlags=0x0, pointerCount=1, historySize=0, eventTime=1955997, downTime=1955997, deviceId=0, source=0x1002 }
09-24 10:12:15.448  6722  6722 I Input   : injectMotionEvent: MotionEvent { action=ACTION_MOVE, id[0]=0, x[0]=384.0, y[0]=934.0, toolType[0]=TOOL_TYPE_UNKNOWN, buttonState=0, metaState=0, flags=0x0, edgeFlags=0x0, pointerCount=1, historySize=0, eventTime=1956014, downTime=1956014, deviceId=0, source=0x1002 }
09-24 10:12:15.468  6722  6722 I Input   : injectMotionEvent: MotionEvent { action=ACTION_MOVE, id[0]=0, x[0]=384.0, y[0]=934.0, toolType[0]=TOOL_TYPE_UNKNOWN, buttonState=0, metaState=0, flags=0x0, edgeFlags=0x0, pointerCount=1, historySize=0, eventTime=1956031, downTime=1956031, deviceId=0, source=0x1002 }
09-24 10:12:15.478  6722  6722 I Input   : injectMotionEvent: MotionEvent { action=ACTION_UP, id[0]=0, x[0]=384.0, y[0]=934.0, toolType[0]=TOOL_TYPE_UNKNOWN, buttonState=0, metaState=0, flags=0x0, edgeFlags=0x0, pointerCount=1, historySize=0, eventTime=1956048, downTime=1956048, deviceId=0, source=0x1002 }
09-24 10:12:15.488  6722  6722 D AndroidRuntime: Shutting down VM
09-24 10:12:15.488   196   890 D AudioPolicyManagerBase: getOutput() device 2, stream 1, samplingRate 0, format 0, channelMask 3, flags 0
09-24 10:12:15.488   196   890 D AudioPolicyManagerBase: getOutput() returns output 2
09-24 10:12:15.488   196   881 D AudioPolicyManagerBase: getOutput() device 2, stream 1, samplingRate 0, format 0, channelMask 3, flags 0
09-24 10:12:15.488   196   881 D AudioPolicyManagerBase: getOutput() returns output 2
09-24 10:12:15.488   196   196 D AudioPolicyManagerBase: getOutput() device 2, stream 1, samplingRate 48000, format 1, channelMask 3, flags 4
09-24 10:12:15.488   196   196 D AudioPolicyManagerBase: getOutput() returns output 2
09-24 10:12:15.488   728 17665 I ActivityManager: START u0 {act=android.intent.action.VIEW cat=[android.intent.category.BROWSABLE] dat=market://details?id=andrei.brusentcov.eyecheck.pro} from pid 2990
09-24 10:12:15.599   728   740 I ActivityManager: START u0 {act=android.intent.action.VIEW cat=[android.intent.category.BROWSABLE] dat=https://play.google.com/store/apps/details?id=andrei.brusentcov.eyecheck.pro cmp=android/com.android.internal.app.ResolverActivity} from pid 2990
09-24 10:12:15.609   196   196 D AudioFlinger: start(4099), calling pid 728 session 63
09-24 10:12:15.609   196   196 D AudioFlinger: ? => ACTIVE (4099) on thread 0xb8834998
09-24 10:12:15.609   196   196 D AudioPolicyManagerBase: startOutput() output 2, stream 1, session 63
09-24 10:12:15.619   196   876 V audio_hw_primary: start_output_stream: enter: usecase(1: low-latency-playback) devices(0x2)
09-24 10:12:15.619   196   876 D audio_hw_primary: select_devices: out_snd_device(2: speaker) in_snd_device(0: )
09-24 10:12:15.619   196   876 D ACDB-LOADER: ACDB -> send_afe_cal
09-24 10:12:15.619   196   876 V audio_hw_primary: enable_snd_device: snd_device(2: speaker)
09-24 10:12:15.629   196   876 V audio_hw_primary: enable_audio_route: enter: usecase(1)
09-24 10:12:15.629   196   876 V audio_hw_primary: enable_audio_route: apply mixer path: low-latency-playback
09-24 10:12:15.629   196   876 V audio_hw_primary: enable_audio_route: exit
09-24 10:12:15.629   196   876 V audio_hw_primary: start_output_stream: Opening PCM device card_id(0) device_id(14)
09-24 10:12:15.639   196   876 V audio_hw_primary: start_output_stream: exit
09-24 10:12:15.859   728   744 I ActivityManager: Displayed android/com.android.internal.app.ResolverActivity: +226ms
09-24 10:12:15.999  5746  5746 I Timeline: Timeline: Activity_idle id: android.os.BinderProxy@41c61270 time:1956562
09-24 10:12:16.119   728   744 I Timeline: Timeline: Activity_windows_visible id: ActivityRecord{41a1b688 u0 android/com.android.internal.app.ResolverActivity t27} time:1956682
09-24 10:12:18.081   728   747 W ProcessCpuTracker: Skipping unknown process pid 6767
09-24 10:12:18.511  2990  3133 W Ads     : Timed out waiting for ad response.
09-24 10:12:18.521  2990  2990 I Ads     : Scheduling ad refresh 60000 milliseconds from now.
09-24 10:12:18.521  2990  2990 W Ads     : Failed to load ad: 2
09-24 10:12:18.812   196   877 V audio_hw_primary: out_standby: enter: usecase(1: low-latency-playback)
09-24 10:12:18.862   196   877 V audio_hw_primary: stop_output_stream: enter: usecase(1: low-latency-playback)
09-24 10:12:18.862   196   877 V audio_hw_primary: disable_audio_route: enter: usecase(1)
09-24 10:12:18.862   196   877 V audio_hw_primary: disable_audio_route: reset mixer path: low-latency-playback
09-24 10:12:18.862   196   877 V audio_hw_primary: disable_audio_route: exit
09-24 10:12:18.862   196   877 V audio_hw_primary: disable_snd_device: snd_device(2: speaker) refcnt=0
09-24 10:12:18.862   196   877 V audio_hw_primary: stop_output_stream: exit: status(0)
09-24 10:12:18.862   196   877 V audio_hw_primary: out_standby: exit
09-24 10:12:20.704  6851  6851 D AndroidRuntime: 
09-24 10:12:20.704  6851  6851 D AndroidRuntime: >>>>>> AndroidRuntime START com.android.internal.os.RuntimeInit <<<<<<
09-24 10:12:20.704  6851  6851 D AndroidRuntime: CheckJNI is OFF
09-24 10:12:20.734  6851  6851 D dalvikvm: Trying to load lib libjavacore.so 0x0
09-24 10:12:20.734  6851  6851 D dalvikvm: Added shared lib libjavacore.so 0x0
09-24 10:12:20.734  6851  6851 D dalvikvm: Trying to load lib libnativehelper.so 0x0
09-24 10:12:20.734  6851  6851 D dalvikvm: Added shared lib libnativehelper.so 0x0
09-24 10:12:20.734  6851  6851 D dalvikvm: No JNI_OnLoad found in libnativehelper.so 0x0, skipping init
09-24 10:12:20.784  6851  6851 D dalvikvm: Note: class Landroid/app/ActivityManagerNative; has 180 unimplemented (abstract) methods
09-24 10:12:21.084  6851  6851 D AndroidRuntime: Calling main entry com.android.commands.input.Input
09-24 10:12:21.084  6851  6851 I Input   : injectMotionEvent: MotionEvent { action=ACTION_DOWN, id[0]=0, x[0]=383.0, y[0]=658.0, toolType[0]=TOOL_TYPE_UNKNOWN, buttonState=0, metaState=0, flags=0x0, edgeFlags=0x0, pointerCount=1, historySize=0, eventTime=1961647, downTime=1961647, deviceId=0, source=0x1002 }
09-24 10:12:21.094  6851  6851 I Input   : injectMotionEvent: MotionEvent { action=ACTION_MOVE, id[0]=0, x[0]=383.0, y[0]=658.0, toolType[0]=TOOL_TYPE_UNKNOWN, buttonState=0, metaState=0, flags=0x0, edgeFlags=0x0, pointerCount=1, historySize=0, eventTime=1961647, downTime=1961647, deviceId=0, source=0x1002 }
09-24 10:12:21.114  6851  6851 I Input   : injectMotionEvent: MotionEvent { action=ACTION_MOVE, id[0]=0, x[0]=383.0, y[0]=658.0, toolType[0]=TOOL_TYPE_UNKNOWN, buttonState=0, metaState=0, flags=0x0, edgeFlags=0x0, pointerCount=1, historySize=0, eventTime=1961669, downTime=1961669, deviceId=0, source=0x1002 }
09-24 10:12:21.124  6851  6851 I Input   : injectMotionEvent: MotionEvent { action=ACTION_MOVE, id[0]=0, x[0]=383.0, y[0]=658.0, toolType[0]=TOOL_TYPE_UNKNOWN, buttonState=0, metaState=0, flags=0x0, edgeFlags=0x0, pointerCount=1, historySize=0, eventTime=1961686, downTime=1961686, deviceId=0, source=0x1002 }
09-24 10:12:21.144  6851  6851 I Input   : injectMotionEvent: MotionEvent { action=ACTION_MOVE, id[0]=0, x[0]=383.0, y[0]=658.0, toolType[0]=TOOL_TYPE_UNKNOWN, buttonState=0, metaState=0, flags=0x0, edgeFlags=0x0, pointerCount=1, historySize=0, eventTime=1961703, downTime=1961703, deviceId=0, source=0x1002 }
09-24 10:12:21.164  6851  6851 I Input   : injectMotionEvent: MotionEvent { action=ACTION_MOVE, id[0]=0, x[0]=383.0, y[0]=658.0, toolType[0]=TOOL_TYPE_UNKNOWN, buttonState=0, metaState=0, flags=0x0, edgeFlags=0x0, pointerCount=1, historySize=0, eventTime=1961719, downTime=1961719, deviceId=0, source=0x1002 }
09-24 10:12:21.174  6851  6851 I Input   : injectMotionEvent: MotionEvent { action=ACTION_MOVE, id[0]=0, x[0]=383.0, y[0]=658.0, toolType[0]=TOOL_TYPE_UNKNOWN, buttonState=0, metaState=0, flags=0x0, edgeFlags=0x0, pointerCount=1, historySize=0, eventTime=1961736, downTime=1961736, deviceId=0, source=0x1002 }
09-24 10:12:21.194  6851  6851 I Input   : injectMotionEvent: MotionEvent { action=ACTION_MOVE, id[0]=0, x[0]=383.0, y[0]=658.0, toolType[0]=TOOL_TYPE_UNKNOWN, buttonState=0, metaState=0, flags=0x0, edgeFlags=0x0, pointerCount=1, historySize=0, eventTime=1961753, downTime=1961753, deviceId=0, source=0x1002 }
09-24 10:12:21.214  6851  6851 I Input   : injectMotionEvent: MotionEvent { action=ACTION_MOVE, id[0]=0, x[0]=383.0, y[0]=658.0, toolType[0]=TOOL_TYPE_UNKNOWN, buttonState=0, metaState=0, flags=0x0, edgeFlags=0x0, pointerCount=1, historySize=0, eventTime=1961770, downTime=1961770, deviceId=0, source=0x1002 }
09-24 10:12:21.224  6851  6851 I Input   : injectMotionEvent: MotionEvent { action=ACTION_MOVE, id[0]=0, x[0]=383.0, y[0]=658.0, toolType[0]=TOOL_TYPE_UNKNOWN, buttonState=0, metaState=0, flags=0x0, edgeFlags=0x0, pointerCount=1, historySize=0, eventTime=1961786, downTime=1961786, deviceId=0, source=0x1002 }
09-24 10:12:21.244  6851  6851 I Input   : injectMotionEvent: MotionEvent { action=ACTION_MOVE, id[0]=0, x[0]=383.0, y[0]=658.0, toolType[0]=TOOL_TYPE_UNKNOWN, buttonState=0, metaState=0, flags=0x0, edgeFlags=0x0, pointerCount=1, historySize=0, eventTime=1961803, downTime=1961803, deviceId=0, source=0x1002 }
09-24 10:12:21.264  6851  6851 I Input   : injectMotionEvent: MotionEvent { action=ACTION_MOVE, id[0]=0, x[0]=383.0, y[0]=658.0, toolType[0]=TOOL_TYPE_UNKNOWN, buttonState=0, metaState=0, flags=0x0, edgeFlags=0x0, pointerCount=1, historySize=0, eventTime=1961819, downTime=1961819, deviceId=0, source=0x1002 }
09-24 10:12:21.284  6851  6851 I Input   : injectMotionEvent: MotionEvent { action=ACTION_MOVE, id[0]=0, x[0]=383.0, y[0]=658.0, toolType[0]=TOOL_TYPE_UNKNOWN, buttonState=0, metaState=0, flags=0x0, edgeFlags=0x0, pointerCount=1, historySize=0, eventTime=1961840, downTime=1961840, deviceId=0, source=0x1002 }
09-24 10:12:21.304  6851  6851 I Input   : injectMotionEvent: MotionEvent { action=ACTION_UP, id[0]=0, x[0]=383.0, y[0]=658.0, toolType[0]=TOOL_TYPE_UNKNOWN, buttonState=0, metaState=0, flags=0x0, edgeFlags=0x0, pointerCount=1, historySize=0, eventTime=1961862, downTime=1961862, deviceId=0, source=0x1002 }
09-24 10:12:21.304  6851  6851 D AndroidRuntime: Shutting down VM
09-24 10:12:21.374   196   196 D AudioPolicyManagerBase: getOutput() device 2, stream 1, samplingRate 0, format 0, channelMask 3, flags 0
09-24 10:12:21.374   196   196 D AudioPolicyManagerBase: getOutput() returns output 2
09-24 10:12:21.374   196   881 D AudioPolicyManagerBase: getOutput() device 2, stream 1, samplingRate 0, format 0, channelMask 3, flags 0
09-24 10:12:21.374   196   881 D AudioPolicyManagerBase: getOutput() returns output 2
09-24 10:12:21.374   196   890 D AudioPolicyManagerBase: getOutput() device 2, stream 1, samplingRate 48000, format 1, channelMask 3, flags 4
09-24 10:12:21.374   196   890 D AudioPolicyManagerBase: getOutput() returns output 2
09-24 10:12:21.384   196   890 D AudioFlinger: start(4097), calling pid 728 session 64
09-24 10:12:21.384   196   890 D AudioFlinger: ? => ACTIVE (4097) on thread 0xb8833fe0
09-24 10:12:21.384   196   890 D AudioPolicyManagerBase: startOutput() output 2, stream 1, session 64
09-24 10:12:21.394   196   876 V audio_hw_primary: start_output_stream: enter: usecase(1: low-latency-playback) devices(0x2)
09-24 10:12:21.394   196   876 D audio_hw_primary: select_devices: out_snd_device(2: speaker) in_snd_device(0: )
09-24 10:12:21.394   196   876 D ACDB-LOADER: ACDB -> send_afe_cal
09-24 10:12:21.394   196   876 V audio_hw_primary: enable_snd_device: snd_device(2: speaker)
09-24 10:12:21.404   196   876 V audio_hw_primary: enable_audio_route: enter: usecase(1)
09-24 10:12:21.404   196   876 V audio_hw_primary: enable_audio_route: apply mixer path: low-latency-playback
09-24 10:12:21.404   196   876 V audio_hw_primary: enable_audio_route: exit
09-24 10:12:21.404   196   876 V audio_hw_primary: start_output_stream: Opening PCM device card_id(0) device_id(14)
09-24 10:12:21.414   196   876 V audio_hw_primary: start_output_stream: exit
09-24 10:12:24.597   196   877 V audio_hw_primary: out_standby: enter: usecase(1: low-latency-playback)
09-24 10:12:24.647   196   877 V audio_hw_primary: stop_output_stream: enter: usecase(1: low-latency-playback)
09-24 10:12:24.647   196   877 V audio_hw_primary: disable_audio_route: enter: usecase(1)
09-24 10:12:24.647   196   877 V audio_hw_primary: disable_audio_route: reset mixer path: low-latency-playback
09-24 10:12:24.647   196   877 V audio_hw_primary: disable_audio_route: exit
09-24 10:12:24.647   196   877 V audio_hw_primary: disable_snd_device: snd_device(2: speaker) refcnt=0
09-24 10:12:24.657   196   877 V audio_hw_primary: stop_output_stream: exit: status(0)
09-24 10:12:24.657   196   877 V audio_hw_primary: out_standby: exit
09-24 10:12:24.948  2990  2990 I Ads     : Ad is not visible. Not refreshing ad.
09-24 10:12:24.948  2990  2990 I Ads     : Scheduling ad refresh 60000 milliseconds from now.
09-24 10:12:26.019  6966  6966 D AndroidRuntime: 
09-24 10:12:26.019  6966  6966 D AndroidRuntime: >>>>>> AndroidRuntime START com.android.internal.os.RuntimeInit <<<<<<
09-24 10:12:26.019  6966  6966 D AndroidRuntime: CheckJNI is OFF
09-24 10:12:26.039  6966  6966 D dalvikvm: Trying to load lib libjavacore.so 0x0
09-24 10:12:26.049  6966  6966 D dalvikvm: Added shared lib libjavacore.so 0x0
09-24 10:12:26.049  6966  6966 D dalvikvm: Trying to load lib libnativehelper.so 0x0
09-24 10:12:26.049  6966  6966 D dalvikvm: Added shared lib libnativehelper.so 0x0
09-24 10:12:26.049  6966  6966 D dalvikvm: No JNI_OnLoad found in libnativehelper.so 0x0, skipping init
09-24 10:12:26.089  6966  6966 D dalvikvm: Note: class Landroid/app/ActivityManagerNative; has 180 unimplemented (abstract) methods
09-24 10:12:26.379  6966  6966 D AndroidRuntime: Calling main entry com.android.commands.input.Input
09-24 10:12:26.379  6966  6966 I Input   : injectKeyEvent: KeyEvent { action=ACTION_DOWN, keyCode=KEYCODE_BACK, scanCode=0, metaState=0, flags=0x0, repeatCount=0, eventTime=1966946, downTime=1966946, deviceId=-1, source=0x101 }
09-24 10:12:26.389  6966  6966 I Input   : injectKeyEvent: KeyEvent { action=ACTION_UP, keyCode=KEYCODE_BACK, scanCode=0, metaState=0, flags=0x0, repeatCount=0, eventTime=1966946, downTime=1966946, deviceId=-1, source=0x101 }
09-24 10:12:26.399  6966  6966 D AndroidRuntime: Shutting down VM
09-24 10:12:26.409   728  1107 W InputMethodManagerService: Window already focused, ignoring focus gain of: com.android.internal.view.IInputMethodClient$Stub$Proxy@4219dc08 attribute=null, token = android.os.BinderProxy@41dd05f0
09-24 10:12:26.449  2990  2990 I Timeline: Timeline: Activity_idle id: android.os.BinderProxy@419e3f28 time:1967018
09-24 10:12:31.274  2990  2990 I Ads     : Ad is not visible. Not refreshing ad.
09-24 10:12:31.274  2990  2990 I Ads     : Scheduling ad refresh 60000 milliseconds from now.
09-24 10:12:31.604  7090  7090 D AndroidRuntime: 
09-24 10:12:31.604  7090  7090 D AndroidRuntime: >>>>>> AndroidRuntime START com.android.internal.os.RuntimeInit <<<<<<
09-24 10:12:31.604  7090  7090 D AndroidRuntime: CheckJNI is OFF
09-24 10:12:31.624  7090  7090 D dalvikvm: Trying to load lib libjavacore.so 0x0
09-24 10:12:31.624  7090  7090 D dalvikvm: Added shared lib libjavacore.so 0x0
09-24 10:12:31.634  7090  7090 D dalvikvm: Trying to load lib libnativehelper.so 0x0
09-24 10:12:31.634  7090  7090 D dalvikvm: Added shared lib libnativehelper.so 0x0
09-24 10:12:31.634  7090  7090 D dalvikvm: No JNI_OnLoad found in libnativehelper.so 0x0, skipping init
09-24 10:12:31.674  7090  7090 D dalvikvm: Note: class Landroid/app/ActivityManagerNative; has 180 unimplemented (abstract) methods
09-24 10:12:31.944  7090  7090 D AndroidRuntime: Calling main entry com.android.commands.input.Input
09-24 10:12:31.944  7090  7090 I Input   : injectMotionEvent: MotionEvent { action=ACTION_DOWN, id[0]=0, x[0]=384.0, y[0]=826.0, toolType[0]=TOOL_TYPE_UNKNOWN, buttonState=0, metaState=0, flags=0x0, edgeFlags=0x0, pointerCount=1, historySize=0, eventTime=1972505, downTime=1972505, deviceId=0, source=0x1002 }
09-24 10:12:31.964  7090  7090 I Input   : injectMotionEvent: MotionEvent { action=ACTION_MOVE, id[0]=0, x[0]=384.0, y[0]=826.0, toolType[0]=TOOL_TYPE_UNKNOWN, buttonState=0, metaState=0, flags=0x0, edgeFlags=0x0, pointerCount=1, historySize=0, eventTime=1972505, downTime=1972505, deviceId=0, source=0x1002 }
09-24 10:12:31.975  7090  7090 I Input   : injectMotionEvent: MotionEvent { action=ACTION_MOVE, id[0]=0, x[0]=384.0, y[0]=826.0, toolType[0]=TOOL_TYPE_UNKNOWN, buttonState=0, metaState=0, flags=0x0, edgeFlags=0x0, pointerCount=1, historySize=0, eventTime=1972529, downTime=1972529, deviceId=0, source=0x1002 }
09-24 10:12:31.985  7090  7090 I Input   : injectMotionEvent: MotionEvent { action=ACTION_MOVE, id[0]=0, x[0]=384.0, y[0]=826.0, toolType[0]=TOOL_TYPE_UNKNOWN, buttonState=0, metaState=0, flags=0x0, edgeFlags=0x0, pointerCount=1, historySize=0, eventTime=1972546, downTime=1972546, deviceId=0, source=0x1002 }
09-24 10:12:32.005  7090  7090 I Input   : injectMotionEvent: MotionEvent { action=ACTION_MOVE, id[0]=0, x[0]=384.0, y[0]=826.0, toolType[0]=TOOL_TYPE_UNKNOWN, buttonState=0, metaState=0, flags=0x0, edgeFlags=0x0, pointerCount=1, historySize=0, eventTime=1972563, downTime=1972563, deviceId=0, source=0x1002 }
09-24 10:12:32.025  7090  7090 I Input   : injectMotionEvent: MotionEvent { action=ACTION_MOVE, id[0]=0, x[0]=384.0, y[0]=826.0, toolType[0]=TOOL_TYPE_UNKNOWN, buttonState=0, metaState=0, flags=0x0, edgeFlags=0x0, pointerCount=1, historySize=0, eventTime=1972580, downTime=1972580, deviceId=0, source=0x1002 }
09-24 10:12:32.035  7090  7090 I Input   : injectMotionEvent: MotionEvent { action=ACTION_MOVE, id[0]=0, x[0]=384.0, y[0]=826.0, toolType[0]=TOOL_TYPE_UNKNOWN, buttonState=0, metaState=0, flags=0x0, edgeFlags=0x0, pointerCount=1, historySize=0, eventTime=1972596, downTime=1972596, deviceId=0, source=0x1002 }
09-24 10:12:32.055  7090  7090 I Input   : injectMotionEvent: MotionEvent { action=ACTION_MOVE, id[0]=0, x[0]=384.0, y[0]=826.0, toolType[0]=TOOL_TYPE_UNKNOWN, buttonState=0, metaState=0, flags=0x0, edgeFlags=0x0, pointerCount=1, historySize=0, eventTime=1972612, downTime=1972612, deviceId=0, source=0x1002 }
09-24 10:12:32.065  7090  7090 I Input   : injectMotionEvent: MotionEvent { action=ACTION_MOVE, id[0]=0, x[0]=384.0, y[0]=826.0, toolType[0]=TOOL_TYPE_UNKNOWN, buttonState=0, metaState=0, flags=0x0, edgeFlags=0x0, pointerCount=1, historySize=0, eventTime=1972629, downTime=1972629, deviceId=0, source=0x1002 }
09-24 10:12:32.085  7090  7090 I Input   : injectMotionEvent: MotionEvent { action=ACTION_MOVE, id[0]=0, x[0]=384.0, y[0]=826.0, toolType[0]=TOOL_TYPE_UNKNOWN, buttonState=0, metaState=0, flags=0x0, edgeFlags=0x0, pointerCount=1, historySize=0, eventTime=1972646, downTime=1972646, deviceId=0, source=0x1002 }
09-24 10:12:32.105  7090  7090 I Input   : injectMotionEvent: MotionEvent { action=ACTION_MOVE, id[0]=0, x[0]=384.0, y[0]=826.0, toolType[0]=TOOL_TYPE_UNKNOWN, buttonState=0, metaState=0, flags=0x0, edgeFlags=0x0, pointerCount=1, historySize=0, eventTime=1972662, downTime=1972662, deviceId=0, source=0x1002 }
09-24 10:12:32.125  7090  7090 I Input   : injectMotionEvent: MotionEvent { action=ACTION_MOVE, id[0]=0, x[0]=384.0, y[0]=826.0, toolType[0]=TOOL_TYPE_UNKNOWN, buttonState=0, metaState=0, flags=0x0, edgeFlags=0x0, pointerCount=1, historySize=0, eventTime=1972679, downTime=1972679, deviceId=0, source=0x1002 }
09-24 10:12:32.135  7090  7090 I Input   : injectMotionEvent: MotionEvent { action=ACTION_MOVE, id[0]=0, x[0]=384.0, y[0]=826.0, toolType[0]=TOOL_TYPE_UNKNOWN, buttonState=0, metaState=0, flags=0x0, edgeFlags=0x0, pointerCount=1, historySize=0, eventTime=1972696, downTime=1972696, deviceId=0, source=0x1002 }
09-24 10:12:32.155  7090  7090 I Input   : injectMotionEvent: MotionEvent { action=ACTION_UP, id[0]=0, x[0]=384.0, y[0]=826.0, toolType[0]=TOOL_TYPE_UNKNOWN, buttonState=0, metaState=0, flags=0x0, edgeFlags=0x0, pointerCount=1, historySize=0, eventTime=1972712, downTime=1972712, deviceId=0, source=0x1002 }
09-24 10:12:32.155  7090  7090 D AndroidRuntime: Shutting down VM
09-24 10:12:32.155   728  1128 I ActivityManager: START u0 {act=android.intent.action.VIEW cat=[android.intent.category.BROWSABLE] dat=market://details?id=andrei.brusentcov.eyecheck.pro} from pid 2990
09-24 10:12:32.165   196   890 D AudioPolicyManagerBase: getOutput() device 2, stream 1, samplingRate 0, format 0, channelMask 3, flags 0
09-24 10:12:32.165   196   890 D AudioPolicyManagerBase: getOutput() returns output 2
09-24 10:12:32.165   196   881 D AudioPolicyManagerBase: getOutput() device 2, stream 1, samplingRate 0, format 0, channelMask 3, flags 0
09-24 10:12:32.165   196   881 D AudioPolicyManagerBase: getOutput() returns output 2
09-24 10:12:32.165   196   196 D AudioPolicyManagerBase: getOutput() device 2, stream 1, samplingRate 48000, format 1, channelMask 3, flags 4
09-24 10:12:32.165   196   196 D AudioPolicyManagerBase: getOutput() returns output 2
09-24 10:12:32.175   196   196 D AudioFlinger: start(4099), calling pid 728 session 65
09-24 10:12:32.175   196   196 D AudioFlinger: ? => ACTIVE (4099) on thread 0xb88333e0
09-24 10:12:32.175   196   196 D AudioPolicyManagerBase: startOutput() output 2, stream 1, session 65
09-24 10:12:32.175   728  1122 I ActivityManager: START u0 {act=android.intent.action.VIEW cat=[android.intent.category.BROWSABLE] dat=https://play.google.com/store/apps/details?id=andrei.brusentcov.eyecheck.pro cmp=android/com.android.internal.app.ResolverActivity} from pid 2990
09-24 10:12:32.195   196   876 V audio_hw_primary: start_output_stream: enter: usecase(1: low-latency-playback) devices(0x2)
09-24 10:12:32.195   196   876 D audio_hw_primary: select_devices: out_snd_device(2: speaker) in_snd_device(0: )
09-24 10:12:32.195   196   876 D ACDB-LOADER: ACDB -> send_afe_cal
09-24 10:12:32.195   196   876 V audio_hw_primary: enable_snd_device: snd_device(2: speaker)
09-24 10:12:32.205   196   876 V audio_hw_primary: enable_audio_route: enter: usecase(1)
09-24 10:12:32.205   196   876 V audio_hw_primary: enable_audio_route: apply mixer path: low-latency-playback
09-24 10:12:32.205   196   876 V audio_hw_primary: enable_audio_route: exit
09-24 10:12:32.205   196   876 V audio_hw_primary: start_output_stream: Opening PCM device card_id(0) device_id(14)
09-24 10:12:32.205   196   876 V audio_hw_primary: start_output_stream: exit
09-24 10:12:32.365   728   744 I ActivityManager: Displayed android/com.android.internal.app.ResolverActivity: +154ms
09-24 10:12:32.485  5746  5746 I Timeline: Timeline: Activity_idle id: android.os.BinderProxy@41c44378 time:1973041
09-24 10:12:32.625   728   744 I Timeline: Timeline: Activity_windows_visible id: ActivityRecord{41a7f980 u0 android/com.android.internal.app.ResolverActivity t27} time:1973185
09-24 10:12:34.207  2990  3166 W Ads     : Error while connecting to ad server: javax.net.ssl.SSLProtocolException: SSL handshake aborted: ssl=0x766412b0: Failure in SSL library, usually a protocol error
09-24 10:12:34.207  2990  3166 W Ads     : error:14077102:SSL routines:SSL23_GET_SERVER_HELLO:unsupported protocol (external/openssl/ssl/s23_clnt.c:714 0x73703cf8:0x00000000)
09-24 10:12:35.388   196   877 V audio_hw_primary: out_standby: enter: usecase(1: low-latency-playback)
09-24 10:12:35.438   196   877 V audio_hw_primary: stop_output_stream: enter: usecase(1: low-latency-playback)
09-24 10:12:35.438   196   877 V audio_hw_primary: disable_audio_route: enter: usecase(1)
09-24 10:12:35.438   196   877 V audio_hw_primary: disable_audio_route: reset mixer path: low-latency-playback
09-24 10:12:35.438   196   877 V audio_hw_primary: disable_audio_route: exit
09-24 10:12:35.438   196   877 V audio_hw_primary: disable_snd_device: snd_device(2: speaker) refcnt=0
09-24 10:12:35.448   196   877 V audio_hw_primary: stop_output_stream: exit: status(0)
09-24 10:12:35.448   196   877 V audio_hw_primary: out_standby: exit
09-24 10:12:37.440  7216  7216 D AndroidRuntime: 
09-24 10:12:37.440  7216  7216 D AndroidRuntime: >>>>>> AndroidRuntime START com.android.internal.os.RuntimeInit <<<<<<
09-24 10:12:37.440  7216  7216 D AndroidRuntime: CheckJNI is OFF
09-24 10:12:37.460  7216  7216 D dalvikvm: Trying to load lib libjavacore.so 0x0
09-24 10:12:37.460  7216  7216 D dalvikvm: Added shared lib libjavacore.so 0x0
09-24 10:12:37.470  7216  7216 D dalvikvm: Trying to load lib libnativehelper.so 0x0
09-24 10:12:37.470  7216  7216 D dalvikvm: Added shared lib libnativehelper.so 0x0
09-24 10:12:37.470  7216  7216 D dalvikvm: No JNI_OnLoad found in libnativehelper.so 0x0, skipping init
09-24 10:12:37.510  7216  7216 D dalvikvm: Note: class Landroid/app/ActivityManagerNative; has 180 unimplemented (abstract) methods
09-24 10:12:37.770  7216  7216 D AndroidRuntime: Calling main entry com.android.commands.input.Input
09-24 10:12:37.770  7216  7216 I Input   : injectMotionEvent: MotionEvent { action=ACTION_DOWN, id[0]=0, x[0]=383.0, y[0]=609.0, toolType[0]=TOOL_TYPE_UNKNOWN, buttonState=0, metaState=0, flags=0x0, edgeFlags=0x0, pointerCount=1, historySize=0, eventTime=1978335, downTime=1978335, deviceId=0, source=0x1002 }
09-24 10:12:37.780  7216  7216 I Input   : injectMotionEvent: MotionEvent { action=ACTION_MOVE, id[0]=0, x[0]=383.0, y[0]=609.0, toolType[0]=TOOL_TYPE_UNKNOWN, buttonState=0, metaState=0, flags=0x0, edgeFlags=0x0, pointerCount=1, historySize=0, eventTime=1978335, downTime=1978335, deviceId=0, source=0x1002 }
09-24 10:12:37.790  7216  7216 I Input   : injectMotionEvent: MotionEvent { action=ACTION_MOVE, id[0]=0, x[0]=383.0, y[0]=609.0, toolType[0]=TOOL_TYPE_UNKNOWN, buttonState=0, metaState=0, flags=0x0, edgeFlags=0x0, pointerCount=1, historySize=0, eventTime=1978352, downTime=1978352, deviceId=0, source=0x1002 }
09-24 10:12:37.800  7216  7216 I Input   : injectMotionEvent: MotionEvent { action=ACTION_MOVE, id[0]=0, x[0]=383.0, y[0]=609.0, toolType[0]=TOOL_TYPE_UNKNOWN, buttonState=0, metaState=0, flags=0x0, edgeFlags=0x0, pointerCount=1, historySize=0, eventTime=1978368, downTime=1978368, deviceId=0, source=0x1002 }
09-24 10:12:37.820  7216  7216 I Input   : injectMotionEvent: MotionEvent { action=ACTION_MOVE, id[0]=0, x[0]=383.0, y[0]=609.0, toolType[0]=TOOL_TYPE_UNKNOWN, buttonState=0, metaState=0, flags=0x0, edgeFlags=0x0, pointerCount=1, historySize=0, eventTime=1978385, downTime=1978385, deviceId=0, source=0x1002 }
09-24 10:12:37.840  7216  7216 I Input   : injectMotionEvent: MotionEvent { action=ACTION_MOVE, id[0]=0, x[0]=383.0, y[0]=609.0, toolType[0]=TOOL_TYPE_UNKNOWN, buttonState=0, metaState=0, flags=0x0, edgeFlags=0x0, pointerCount=1, historySize=0, eventTime=1978402, downTime=1978402, deviceId=0, source=0x1002 }
09-24 10:12:37.850  7216  7216 I Input   : injectMotionEvent: MotionEvent { action=ACTION_MOVE, id[0]=0, x[0]=383.0, y[0]=609.0, toolType[0]=TOOL_TYPE_UNKNOWN, buttonState=0, metaState=0, flags=0x0, edgeFlags=0x0, pointerCount=1, historySize=0, eventTime=1978418, downTime=1978418, deviceId=0, source=0x1002 }
09-24 10:12:37.870  7216  7216 I Input   : injectMotionEvent: MotionEvent { action=ACTION_MOVE, id[0]=0, x[0]=383.0, y[0]=609.0, toolType[0]=TOOL_TYPE_UNKNOWN, buttonState=0, metaState=0, flags=0x0, edgeFlags=0x0, pointerCount=1, historySize=0, eventTime=1978436, downTime=1978436, deviceId=0, source=0x1002 }
09-24 10:12:37.890  7216  7216 I Input   : injectMotionEvent: MotionEvent { action=ACTION_MOVE, id[0]=0, x[0]=383.0, y[0]=609.0, toolType[0]=TOOL_TYPE_UNKNOWN, buttonState=0, metaState=0, flags=0x0, edgeFlags=0x0, pointerCount=1, historySize=0, eventTime=1978451, downTime=1978451, deviceId=0, source=0x1002 }
09-24 10:12:37.900  7216  7216 I Input   : injectMotionEvent: MotionEvent { action=ACTION_MOVE, id[0]=0, x[0]=383.0, y[0]=609.0, toolType[0]=TOOL_TYPE_UNKNOWN, buttonState=0, metaState=0, flags=0x0, edgeFlags=0x0, pointerCount=1, historySize=0, eventTime=1978468, downTime=1978468, deviceId=0, source=0x1002 }
09-24 10:12:37.920  7216  7216 I Input   : injectMotionEvent: MotionEvent { action=ACTION_MOVE, id[0]=0, x[0]=383.0, y[0]=609.0, toolType[0]=TOOL_TYPE_UNKNOWN, buttonState=0, metaState=0, flags=0x0, edgeFlags=0x0, pointerCount=1, historySize=0, eventTime=1978485, downTime=1978485, deviceId=0, source=0x1002 }
09-24 10:12:37.940  7216  7216 I Input   : injectMotionEvent: MotionEvent { action=ACTION_MOVE, id[0]=0, x[0]=383.0, y[0]=609.0, toolType[0]=TOOL_TYPE_UNKNOWN, buttonState=0, metaState=0, flags=0x0, edgeFlags=0x0, pointerCount=1, historySize=0, eventTime=1978502, downTime=1978502, deviceId=0, source=0x1002 }
09-24 10:12:37.950  7216  7216 I Input   : injectMotionEvent: MotionEvent { action=ACTION_MOVE, id[0]=0, x[0]=383.0, y[0]=609.0, toolType[0]=TOOL_TYPE_UNKNOWN, buttonState=0, metaState=0, flags=0x0, edgeFlags=0x0, pointerCount=1, historySize=0, eventTime=1978518, downTime=1978518, deviceId=0, source=0x1002 }
09-24 10:12:37.970  7216  7216 I Input   : injectMotionEvent: MotionEvent { action=ACTION_UP, id[0]=0, x[0]=383.0, y[0]=609.0, toolType[0]=TOOL_TYPE_UNKNOWN, buttonState=0, metaState=0, flags=0x0, edgeFlags=0x0, pointerCount=1, historySize=0, eventTime=1978535, downTime=1978535, deviceId=0, source=0x1002 }
09-24 10:12:37.970  7216  7216 D AndroidRuntime: Shutting down VM
09-24 10:12:43.205  7334  7334 D AndroidRuntime: 
09-24 10:12:43.205  7334  7334 D AndroidRuntime: >>>>>> AndroidRuntime START com.android.internal.os.RuntimeInit <<<<<<
09-24 10:12:43.205  7334  7334 D AndroidRuntime: CheckJNI is OFF
09-24 10:12:43.225  7334  7334 D dalvikvm: Trying to load lib libjavacore.so 0x0
09-24 10:12:43.235  7334  7334 D dalvikvm: Added shared lib libjavacore.so 0x0
09-24 10:12:43.235  7334  7334 D dalvikvm: Trying to load lib libnativehelper.so 0x0
09-24 10:12:43.235  7334  7334 D dalvikvm: Added shared lib libnativehelper.so 0x0
09-24 10:12:43.235  7334  7334 D dalvikvm: No JNI_OnLoad found in libnativehelper.so 0x0, skipping init
09-24 10:12:43.276  7334  7334 D dalvikvm: Note: class Landroid/app/ActivityManagerNative; has 180 unimplemented (abstract) methods
09-24 10:12:43.546  7334  7334 D AndroidRuntime: Calling main entry com.android.commands.input.Input
09-24 10:12:43.546  7334  7334 I Input   : injectMotionEvent: MotionEvent { action=ACTION_DOWN, id[0]=0, x[0]=383.0, y[0]=658.0, toolType[0]=TOOL_TYPE_UNKNOWN, buttonState=0, metaState=0, flags=0x0, edgeFlags=0x0, pointerCount=1, historySize=0, eventTime=1984104, downTime=1984104, deviceId=0, source=0x1002 }
09-24 10:12:43.556  7334  7334 I Input   : injectMotionEvent: MotionEvent { action=ACTION_MOVE, id[0]=0, x[0]=383.0, y[0]=658.0, toolType[0]=TOOL_TYPE_UNKNOWN, buttonState=0, metaState=0, flags=0x0, edgeFlags=0x0, pointerCount=1, historySize=0, eventTime=1984104, downTime=1984104, deviceId=0, source=0x1002 }
09-24 10:12:43.566  7334  7334 I Input   : injectMotionEvent: MotionEvent { action=ACTION_MOVE, id[0]=0, x[0]=383.0, y[0]=658.0, toolType[0]=TOOL_TYPE_UNKNOWN, buttonState=0, metaState=0, flags=0x0, edgeFlags=0x0, pointerCount=1, historySize=0, eventTime=1984126, downTime=1984126, deviceId=0, source=0x1002 }
09-24 10:12:43.586  7334  7334 I Input   : injectMotionEvent: MotionEvent { action=ACTION_MOVE, id[0]=0, x[0]=383.0, y[0]=658.0, toolType[0]=TOOL_TYPE_UNKNOWN, buttonState=0, metaState=0, flags=0x0, edgeFlags=0x0, pointerCount=1, historySize=0, eventTime=1984141, downTime=1984141, deviceId=0, source=0x1002 }
09-24 10:12:43.596  7334  7334 I Input   : injectMotionEvent: MotionEvent { action=ACTION_MOVE, id[0]=0, x[0]=383.0, y[0]=658.0, toolType[0]=TOOL_TYPE_UNKNOWN, buttonState=0, metaState=0, flags=0x0, edgeFlags=0x0, pointerCount=1, historySize=0, eventTime=1984157, downTime=1984157, deviceId=0, source=0x1002 }
09-24 10:12:43.616  7334  7334 I Input   : injectMotionEvent: MotionEvent { action=ACTION_MOVE, id[0]=0, x[0]=383.0, y[0]=658.0, toolType[0]=TOOL_TYPE_UNKNOWN, buttonState=0, metaState=0, flags=0x0, edgeFlags=0x0, pointerCount=1, historySize=0, eventTime=1984174, downTime=1984174, deviceId=0, source=0x1002 }
09-24 10:12:43.636  7334  7334 I Input   : injectMotionEvent: MotionEvent { action=ACTION_MOVE, id[0]=0, x[0]=383.0, y[0]=658.0, toolType[0]=TOOL_TYPE_UNKNOWN, buttonState=0, metaState=0, flags=0x0, edgeFlags=0x0, pointerCount=1, historySize=0, eventTime=1984190, downTime=1984190, deviceId=0, source=0x1002 }
09-24 10:12:43.646  7334  7334 I Input   : injectMotionEvent: MotionEvent { action=ACTION_MOVE, id[0]=0, x[0]=383.0, y[0]=658.0, toolType[0]=TOOL_TYPE_UNKNOWN, buttonState=0, metaState=0, flags=0x0, edgeFlags=0x0, pointerCount=1, historySize=0, eventTime=1984207, downTime=1984207, deviceId=0, source=0x1002 }
09-24 10:12:43.666  7334  7334 I Input   : injectMotionEvent: MotionEvent { action=ACTION_MOVE, id[0]=0, x[0]=383.0, y[0]=658.0, toolType[0]=TOOL_TYPE_UNKNOWN, buttonState=0, metaState=0, flags=0x0, edgeFlags=0x0, pointerCount=1, historySize=0, eventTime=1984224, downTime=1984224, deviceId=0, source=0x1002 }
09-24 10:12:43.686  7334  7334 I Input   : injectMotionEvent: MotionEvent { action=ACTION_MOVE, id[0]=0, x[0]=383.0, y[0]=658.0, toolType[0]=TOOL_TYPE_UNKNOWN, buttonState=0, metaState=0, flags=0x0, edgeFlags=0x0, pointerCount=1, historySize=0, eventTime=1984240, downTime=1984240, deviceId=0, source=0x1002 }
09-24 10:12:43.696  7334  7334 I Input   : injectMotionEvent: MotionEvent { action=ACTION_MOVE, id[0]=0, x[0]=383.0, y[0]=658.0, toolType[0]=TOOL_TYPE_UNKNOWN, buttonState=0, metaState=0, flags=0x0, edgeFlags=0x0, pointerCount=1, historySize=0, eventTime=1984257, downTime=1984257, deviceId=0, source=0x1002 }
09-24 10:12:43.726  7334  7334 I Input   : injectMotionEvent: MotionEvent { action=ACTION_MOVE, id[0]=0, x[0]=383.0, y[0]=658.0, toolType[0]=TOOL_TYPE_UNKNOWN, buttonState=0, metaState=0, flags=0x0, edgeFlags=0x0, pointerCount=1, historySize=0, eventTime=1984281, downTime=1984281, deviceId=0, source=0x1002 }
09-24 10:12:43.736  7334  7334 I Input   : injectMotionEvent: MotionEvent { action=ACTION_MOVE, id[0]=0, x[0]=383.0, y[0]=658.0, toolType[0]=TOOL_TYPE_UNKNOWN, buttonState=0, metaState=0, flags=0x0, edgeFlags=0x0, pointerCount=1, historySize=0, eventTime=1984290, downTime=1984290, deviceId=0, source=0x1002 }
09-24 10:12:43.746  7334  7334 I Input   : injectMotionEvent: MotionEvent { action=ACTION_MOVE, id[0]=0, x[0]=383.0, y[0]=658.0, toolType[0]=TOOL_TYPE_UNKNOWN, buttonState=0, metaState=0, flags=0x0, edgeFlags=0x0, pointerCount=1, historySize=0, eventTime=1984307, downTime=1984307, deviceId=0, source=0x1002 }
09-24 10:12:43.766  7334  7334 I Input   : injectMotionEvent: MotionEvent { action=ACTION_MOVE, id[0]=0, x[0]=383.0, y[0]=658.0, toolType[0]=TOOL_TYPE_UNKNOWN, buttonState=0, metaState=0, flags=0x0, edgeFlags=0x0, pointerCount=1, historySize=0, eventTime=1984323, downTime=1984323, deviceId=0, source=0x1002 }
09-24 10:12:43.786  7334  7334 I Input   : injectMotionEvent: MotionEvent { action=ACTION_MOVE, id[0]=0, x[0]=383.0, y[0]=658.0, toolType[0]=TOOL_TYPE_UNKNOWN, buttonState=0, metaState=0, flags=0x0, edgeFlags=0x0, pointerCount=1, historySize=0, eventTime=1984340, downTime=1984340, deviceId=0, source=0x1002 }
09-24 10:12:43.796  7334  7334 I Input   : injectMotionEvent: MotionEvent { action=ACTION_MOVE, id[0]=0, x[0]=383.0, y[0]=658.0, toolType[0]=TOOL_TYPE_UNKNOWN, buttonState=0, metaState=0, flags=0x0, edgeFlags=0x0, pointerCount=1, historySize=0, eventTime=1984358, downTime=1984358, deviceId=0, source=0x1002 }
09-24 10:12:43.816  7334  7334 I Input   : injectMotionEvent: MotionEvent { action=ACTION_MOVE, id[0]=0, x[0]=383.0, y[0]=658.0, toolType[0]=TOOL_TYPE_UNKNOWN, buttonState=0, metaState=0, flags=0x0, edgeFlags=0x0, pointerCount=1, historySize=0, eventTime=1984376, downTime=1984376, deviceId=0, source=0x1002 }
09-24 10:12:43.836  7334  7334 I Input   : injectMotionEvent: MotionEvent { action=ACTION_MOVE, id[0]=0, x[0]=383.0, y[0]=658.0, toolType[0]=TOOL_TYPE_UNKNOWN, buttonState=0, metaState=0, flags=0x0, edgeFlags=0x0, pointerCount=1, historySize=0, eventTime=1984391, downTime=1984391, deviceId=0, source=0x1002 }
09-24 10:12:43.846  7334  7334 I Input   : injectMotionEvent: MotionEvent { action=ACTION_MOVE, id[0]=0, x[0]=383.0, y[0]=658.0, toolType[0]=TOOL_TYPE_UNKNOWN, buttonState=0, metaState=0, flags=0x0, edgeFlags=0x0, pointerCount=1, historySize=0, eventTime=1984407, downTime=1984407, deviceId=0, source=0x1002 }
09-24 10:12:43.866  7334  7334 I Input   : injectMotionEvent: MotionEvent { action=ACTION_MOVE, id[0]=0, x[0]=383.0, y[0]=658.0, toolType[0]=TOOL_TYPE_UNKNOWN, buttonState=0, metaState=0, flags=0x0, edgeFlags=0x0, pointerCount=1, historySize=0, eventTime=1984427, downTime=1984427, deviceId=0, source=0x1002 }
09-24 10:12:43.886  7334  7334 I Input   : injectMotionEvent: MotionEvent { action=ACTION_MOVE, id[0]=0, x[0]=383.0, y[0]=658.0, toolType[0]=TOOL_TYPE_UNKNOWN, buttonState=0, metaState=0, flags=0x0, edgeFlags=0x0, pointerCount=1, historySize=0, eventTime=1984444, downTime=1984444, deviceId=0, source=0x1002 }
09-24 10:12:43.896  7334  7334 I Input   : injectMotionEvent: MotionEvent { action=ACTION_MOVE, id[0]=0, x[0]=383.0, y[0]=658.0, toolType[0]=TOOL_TYPE_UNKNOWN, buttonState=0, metaState=0, flags=0x0, edgeFlags=0x0, pointerCount=1, historySize=0, eventTime=1984457, downTime=1984457, deviceId=0, source=0x1002 }
09-24 10:12:43.916  7334  7334 I Input   : injectMotionEvent: MotionEvent { action=ACTION_MOVE, id[0]=0, x[0]=383.0, y[0]=658.0, toolType[0]=TOOL_TYPE_UNKNOWN, buttonState=0, metaState=0, flags=0x0, edgeFlags=0x0, pointerCount=1, historySize=0, eventTime=1984474, downTime=1984474, deviceId=0, source=0x1002 }
09-24 10:12:43.936  7334  7334 I Input   : injectMotionEvent: MotionEvent { action=ACTION_MOVE, id[0]=0, x[0]=383.0, y[0]=658.0, toolType[0]=TOOL_TYPE_UNKNOWN, buttonState=0, metaState=0, flags=0x0, edgeFlags=0x0, pointerCount=1, historySize=0, eventTime=1984490, downTime=1984490, deviceId=0, source=0x1002 }
09-24 10:12:43.946  7334  7334 I Input   : injectMotionEvent: MotionEvent { action=ACTION_MOVE, id[0]=0, x[0]=383.0, y[0]=658.0, toolType[0]=TOOL_TYPE_UNKNOWN, buttonState=0, metaState=0, flags=0x0, edgeFlags=0x0, pointerCount=1, historySize=0, eventTime=1984507, downTime=1984507, deviceId=0, source=0x1002 }
09-24 10:12:43.966  7334  7334 I Input   : injectMotionEvent: MotionEvent { action=ACTION_MOVE, id[0]=0, x[0]=383.0, y[0]=658.0, toolType[0]=TOOL_TYPE_UNKNOWN, buttonState=0, metaState=0, flags=0x0, edgeFlags=0x0, pointerCount=1, historySize=0, eventTime=1984525, downTime=1984525, deviceId=0, source=0x1002 }
09-24 10:12:43.986  7334  7334 I Input   : injectMotionEvent: MotionEvent { action=ACTION_MOVE, id[0]=0, x[0]=383.0, y[0]=658.0, toolType[0]=TOOL_TYPE_UNKNOWN, buttonState=0, metaState=0, flags=0x0, edgeFlags=0x0, pointerCount=1, historySize=0, eventTime=1984540, downTime=1984540, deviceId=0, source=0x1002 }
09-24 10:12:43.996  7334  7334 I Input   : injectMotionEvent: MotionEvent { action=ACTION_MOVE, id[0]=0, x[0]=383.0, y[0]=658.0, toolType[0]=TOOL_TYPE_UNKNOWN, buttonState=0, metaState=0, flags=0x0, edgeFlags=0x0, pointerCount=1, historySize=0, eventTime=1984557, downTime=1984557, deviceId=0, source=0x1002 }
09-24 10:12:44.016  7334  7334 I Input   : injectMotionEvent: MotionEvent { action=ACTION_MOVE, id[0]=0, x[0]=383.0, y[0]=658.0, toolType[0]=TOOL_TYPE_UNKNOWN, buttonState=0, metaState=0, flags=0x0, edgeFlags=0x0, pointerCount=1, historySize=0, eventTime=1984577, downTime=1984577, deviceId=0, source=0x1002 }
09-24 10:12:44.036  7334  7334 I Input   : injectMotionEvent: MotionEvent { action=ACTION_MOVE, id[0]=0, x[0]=383.0, y[0]=658.0, toolType[0]=TOOL_TYPE_UNKNOWN, buttonState=0, metaState=0, flags=0x0, edgeFlags=0x0, pointerCount=1, historySize=0, eventTime=1984593, downTime=1984593, deviceId=0, source=0x1002 }
09-24 10:12:44.046  7334  7334 I Input   : injectMotionEvent: MotionEvent { action=ACTION_MOVE, id[0]=0, x[0]=383.0, y[0]=658.0, toolType[0]=TOOL_TYPE_UNKNOWN, buttonState=0, metaState=0, flags=0x0, edgeFlags=0x0, pointerCount=1, historySize=0, eventTime=1984608, downTime=1984608, deviceId=0, source=0x1002 }
09-24 10:12:44.066  7334  7334 I Input   : injectMotionEvent: MotionEvent { action=ACTION_MOVE, id[0]=0, x[0]=383.0, y[0]=658.0, toolType[0]=TOOL_TYPE_UNKNOWN, buttonState=0, metaState=0, flags=0x0, edgeFlags=0x0, pointerCount=1, historySize=0, eventTime=1984624, downTime=1984624, deviceId=0, source=0x1002 }
09-24 10:12:44.086  7334  7334 I Input   : injectMotionEvent: MotionEvent { action=ACTION_MOVE, id[0]=0, x[0]=383.0, y[0]=658.0, toolType[0]=TOOL_TYPE_UNKNOWN, buttonState=0, metaState=0, flags=0x0, edgeFlags=0x0, pointerCount=1, historySize=0, eventTime=1984643, downTime=1984643, deviceId=0, source=0x1002 }
09-24 10:12:44.106  7334  7334 I Input   : injectMotionEvent: MotionEvent { action=ACTION_MOVE, id[0]=0, x[0]=383.0, y[0]=658.0, toolType[0]=TOOL_TYPE_UNKNOWN, buttonState=0, metaState=0, flags=0x0, edgeFlags=0x0, pointerCount=1, historySize=0, eventTime=1984659, downTime=1984659, deviceId=0, source=0x1002 }
09-24 10:12:44.116  7334  7334 I Input   : injectMotionEvent: MotionEvent { action=ACTION_MOVE, id[0]=0, x[0]=383.0, y[0]=658.0, toolType[0]=TOOL_TYPE_UNKNOWN, buttonState=0, metaState=0, flags=0x0, edgeFlags=0x0, pointerCount=1, historySize=0, eventTime=1984674, downTime=1984674, deviceId=0, source=0x1002 }
09-24 10:12:44.136  7334  7334 I Input   : injectMotionEvent: MotionEvent { action=ACTION_MOVE, id[0]=0, x[0]=383.0, y[0]=658.0, toolType[0]=TOOL_TYPE_UNKNOWN, buttonState=0, metaState=0, flags=0x0, edgeFlags=0x0, pointerCount=1, historySize=0, eventTime=1984693, downTime=1984693, deviceId=0, source=0x1002 }
09-24 10:12:44.146  7334  7334 I Input   : injectMotionEvent: MotionEvent { action=ACTION_MOVE, id[0]=0, x[0]=383.0, y[0]=658.0, toolType[0]=TOOL_TYPE_UNKNOWN, buttonState=0, metaState=0, flags=0x0, edgeFlags=0x0, pointerCount=1, historySize=0, eventTime=1984707, downTime=1984707, deviceId=0, source=0x1002 }
