09-24 10:09:52.129   196   876 D ACDB-LOADER: ACDB -> send_afe_cal
09-24 10:09:52.129   196   876 V audio_hw_primary: enable_snd_device: snd_device(2: speaker)
09-24 10:09:52.139   196   876 V audio_hw_primary: enable_audio_route: enter: usecase(1)
09-24 10:09:52.139   196   876 V audio_hw_primary: enable_audio_route: apply mixer path: low-latency-playback
09-24 10:09:52.139   196   876 V audio_hw_primary: enable_audio_route: exit
09-24 10:09:52.139   196   876 V audio_hw_primary: start_output_stream: Opening PCM device card_id(0) device_id(14)
09-24 10:09:52.149   196   876 V audio_hw_primary: start_output_stream: exit
09-24 10:09:52.479  1154  1411 E ActivityThread: Failed to find provider info for com.tencent.wifimanager.fore.ForePluginContentProvider
09-24 10:09:52.479  1154  1411 W System.err: java.lang.IllegalArgumentException: Unknown URL content://com.tencent.wifimanager.fore.ForePluginContentProvider/FeatureProvider/insert?fea_tunnel_tb
09-24 10:09:52.479  1154  1411 E ActivityThread: Failed to find provider info for com.tencent.wifimanager.fore.ForePluginContentProvider
09-24 10:09:52.489  1154  1411 W System.err: 	at android.content.ContentResolver.insert(ContentResolver.java:1186)
09-24 10:09:52.489  1154  1411 W System.err: 	at com.tencent.qqpimsecure.storage.g.a(SourceFile:74)
09-24 10:09:52.489  1154  1411 W System.err: 	at com.tencent.qqpimsecure.storage.l.c(SourceFile:88)
09-24 10:09:52.489  1154  1411 W System.err: 	at com.meri.service.feature.FeatureTunnelDB.b(SourceFile:163)
09-24 10:09:52.489  1154  1411 W System.err: 	at com.meri.service.feature.a$b.handleMessage(SourceFile:509)
09-24 10:09:52.489  1154  1411 W System.err: 	at android.os.Handler.dispatchMessage(Handler.java:102)
09-24 10:09:52.489  1154  1411 W System.err: 	at tcs.amy.dispatchMessage(SourceFile:48)
09-24 10:09:52.489  1154  1411 W System.err: 	at android.os.Looper.loop(Looper.java:136)
09-24 10:09:52.489  1154  1411 W System.err: 	at android.os.HandlerThread.run(HandlerThread.java:61)
09-24 10:09:52.489  1154  1411 W System.err: 	at tcs.oj.run(SourceFile:79)
09-24 10:09:55.342   196   877 V audio_hw_primary: out_standby: enter: usecase(1: low-latency-playback)
09-24 10:09:55.392   196   877 V audio_hw_primary: stop_output_stream: enter: usecase(1: low-latency-playback)
09-24 10:09:55.392   196   877 V audio_hw_primary: disable_audio_route: enter: usecase(1)
09-24 10:09:55.392   196   877 V audio_hw_primary: disable_audio_route: reset mixer path: low-latency-playback
09-24 10:09:55.392   196   877 V audio_hw_primary: disable_audio_route: exit
09-24 10:09:55.392   196   877 V audio_hw_primary: disable_snd_device: snd_device(2: speaker) refcnt=0
09-24 10:09:55.392   196   877 V audio_hw_primary: stop_output_stream: exit: status(0)
09-24 10:09:55.392   196   877 V audio_hw_primary: out_standby: exit
09-24 10:09:56.763  3764  3764 D AndroidRuntime: 
09-24 10:09:56.763  3764  3764 D AndroidRuntime: >>>>>> AndroidRuntime START com.android.internal.os.RuntimeInit <<<<<<
09-24 10:09:56.763  3764  3764 D AndroidRuntime: CheckJNI is OFF
09-24 10:09:56.793  3764  3764 D dalvikvm: Trying to load lib libjavacore.so 0x0
09-24 10:09:56.793  3764  3764 D dalvikvm: Added shared lib libjavacore.so 0x0
09-24 10:09:56.793  3764  3764 D dalvikvm: Trying to load lib libnativehelper.so 0x0
09-24 10:09:56.793  3764  3764 D dalvikvm: Added shared lib libnativehelper.so 0x0
09-24 10:09:56.793  3764  3764 D dalvikvm: No JNI_OnLoad found in libnativehelper.so 0x0, skipping init
09-24 10:09:56.843  3764  3764 D dalvikvm: Note: class Landroid/app/ActivityManagerNative; has 180 unimplemented (abstract) methods
09-24 10:09:57.113  3764  3764 D AndroidRuntime: Calling main entry com.android.commands.input.Input
09-24 10:09:57.113  3764  3764 I Input   : injectKeyEvent: KeyEvent { action=ACTION_DOWN, keyCode=KEYCODE_BACK, scanCode=0, metaState=0, flags=0x0, repeatCount=0, eventTime=1817673, downTime=1817673, deviceId=-1, source=0x101 }
09-24 10:09:57.123  3764  3764 I Input   : injectKeyEvent: KeyEvent { action=ACTION_UP, keyCode=KEYCODE_BACK, scanCode=0, metaState=0, flags=0x0, repeatCount=0, eventTime=1817673, downTime=1817673, deviceId=-1, source=0x101 }
09-24 10:09:57.123  3764  3764 D AndroidRuntime: Shutting down VM
09-24 10:09:57.274  1154  3522 E ActivityThread: Failed to find provider info for com.tencent.wifimanager.fore.ForePluginContentProvider
09-24 10:09:57.274  1154  3522 E ActivityThread: Failed to find provider info for com.tencent.wifimanager.fore.ForePluginContentProvider
09-24 10:09:57.284  1154  3522 W System.err: java.lang.IllegalArgumentException: Unknown URL content://com.tencent.wifimanager.fore.ForePluginContentProvider/SpProvider/ConfigInfo/Int
09-24 10:09:57.284  1154  3522 W System.err: 	at android.content.ContentResolver.insert(ContentResolver.java:1186)
09-24 10:09:57.284  1154  3522 W System.err: 	at com.tencent.qqpimsecure.storage.h.kr(SourceFile:261)
09-24 10:09:57.284  1154  3522 W System.err: 	at com.tencent.qqpimsecure.storage.h.C(SourceFile:306)
09-24 10:09:57.284  1154  3522 W System.err: 	at com.tencent.qqpimsecure.dao.f.du(SourceFile:873)
09-24 10:09:57.284  1154  3522 W System.err: 	at com.tencent.qqpimsecure.storage.l.aiK(SourceFile:446)
09-24 10:09:57.284  1154  3522 W System.err: 	at com.tencent.qqpimsecure.storage.l.aiJ(SourceFile:389)
09-24 10:09:57.284  1154  3522 W System.err: 	at com.tencent.qqpimsecure.storage.l$2.run(SourceFile:359)
09-24 10:09:57.284  1154  3522 W System.err: java.lang.IllegalArgumentException: Unknown URL content://com.tencent.wifimanager.fore.ForePluginContentProvider/SpProvider/db_string_stats/String
09-24 10:09:57.284  1154  3522 W System.err: 	at android.content.ContentResolver.insert(ContentResolver.java:1186)
09-24 10:09:57.284  1154  3522 E ActivityThread: Failed to find provider info for com.tencent.wifimanager.fore.ForePluginContentProvider
09-24 10:09:57.284  1154  3522 E ActivityThread: Failed to find provider info for com.tencent.wifimanager.fore.ForePluginContentProvider
09-24 10:09:57.294  1154  3522 W System.err: 	at com.tencent.qqpimsecure.storage.h.kr(SourceFile:261)
09-24 10:09:57.294  1154  3522 W System.err: 	at com.tencent.qqpimsecure.storage.h.V(SourceFile:278)
09-24 10:09:57.294  1154  3522 W System.err: 	at com.tencent.qqpimsecure.storage.l.a(SourceFile:480)
09-24 10:09:57.294  1154  3522 W System.err: 	at com.tencent.qqpimsecure.storage.l.aiK(SourceFile:450)
09-24 10:09:57.294  1154  3522 W System.err: 	at com.tencent.qqpimsecure.storage.l.aiJ(SourceFile:389)
09-24 10:09:57.294  1154  3522 W System.err: 	at com.tencent.qqpimsecure.storage.l$2.run(SourceFile:359)
09-24 10:09:57.344  1154  3522 E ActivityThread: Failed to find provider info for com.tencent.wifimanager.fore.ForePluginContentProvider
09-24 10:10:00.016   728   747 I ProcessStatsService: Prepared write state in 17ms
09-24 10:10:00.026   728   748 I ProcessStatsService: Pruning old procstats: /data/system/procstats/state-2017-09-21-12-41-19.bin
09-24 10:10:02.228  3885  3885 D AndroidRuntime: 
09-24 10:10:02.228  3885  3885 D AndroidRuntime: >>>>>> AndroidRuntime START com.android.internal.os.RuntimeInit <<<<<<
09-24 10:10:02.228  3885  3885 D AndroidRuntime: CheckJNI is OFF
09-24 10:10:02.248  3885  3885 D dalvikvm: Trying to load lib libjavacore.so 0x0
09-24 10:10:02.258  3885  3885 D dalvikvm: Added shared lib libjavacore.so 0x0
09-24 10:10:02.258  3885  3885 D dalvikvm: Trying to load lib libnativehelper.so 0x0
09-24 10:10:02.258  3885  3885 D dalvikvm: Added shared lib libnativehelper.so 0x0
09-24 10:10:02.258  3885  3885 D dalvikvm: No JNI_OnLoad found in libnativehelper.so 0x0, skipping init
09-24 10:10:02.298  3885  3885 D dalvikvm: Note: class Landroid/app/ActivityManagerNative; has 180 unimplemented (abstract) methods
09-24 10:10:02.559  3885  3885 D AndroidRuntime: Calling main entry com.android.commands.input.Input
09-24 10:10:02.569  3885  3885 I Input   : injectMotionEvent: MotionEvent { action=ACTION_DOWN, id[0]=0, x[0]=384.0, y[0]=934.0, toolType[0]=TOOL_TYPE_UNKNOWN, buttonState=0, metaState=0, flags=0x0, edgeFlags=0x0, pointerCount=1, historySize=0, eventTime=1823129, downTime=1823129, deviceId=0, source=0x1002 }
09-24 10:10:02.569  3885  3885 I Input   : injectMotionEvent: MotionEvent { action=ACTION_MOVE, id[0]=0, x[0]=384.0, y[0]=934.0, toolType[0]=TOOL_TYPE_UNKNOWN, buttonState=0, metaState=0, flags=0x0, edgeFlags=0x0, pointerCount=1, historySize=0, eventTime=1823129, downTime=1823129, deviceId=0, source=0x1002 }
09-24 10:10:02.579  3885  3885 I Input   : injectMotionEvent: MotionEvent { action=ACTION_MOVE, id[0]=0, x[0]=384.0, y[0]=934.0, toolType[0]=TOOL_TYPE_UNKNOWN, buttonState=0, metaState=0, flags=0x0, edgeFlags=0x0, pointerCount=1, historySize=0, eventTime=1823147, downTime=1823147, deviceId=0, source=0x1002 }
09-24 10:10:02.599  3885  3885 I Input   : injectMotionEvent: MotionEvent { action=ACTION_MOVE, id[0]=0, x[0]=384.0, y[0]=934.0, toolType[0]=TOOL_TYPE_UNKNOWN, buttonState=0, metaState=0, flags=0x0, edgeFlags=0x0, pointerCount=1, historySize=0, eventTime=1823160, downTime=1823160, deviceId=0, source=0x1002 }
09-24 10:10:02.609  3885  3885 I Input   : injectMotionEvent: MotionEvent { action=ACTION_MOVE, id[0]=0, x[0]=384.0, y[0]=934.0, toolType[0]=TOOL_TYPE_UNKNOWN, buttonState=0, metaState=0, flags=0x0, edgeFlags=0x0, pointerCount=1, historySize=0, eventTime=1823176, downTime=1823176, deviceId=0, source=0x1002 }
09-24 10:10:02.629  3885  3885 I Input   : injectMotionEvent: MotionEvent { action=ACTION_MOVE, id[0]=0, x[0]=384.0, y[0]=934.0, toolType[0]=TOOL_TYPE_UNKNOWN, buttonState=0, metaState=0, flags=0x0, edgeFlags=0x0, pointerCount=1, historySize=0, eventTime=1823193, downTime=1823193, deviceId=0, source=0x1002 }
09-24 10:10:02.649  3885  3885 I Input   : injectMotionEvent: MotionEvent { action=ACTION_MOVE, id[0]=0, x[0]=384.0, y[0]=934.0, toolType[0]=TOOL_TYPE_UNKNOWN, buttonState=0, metaState=0, flags=0x0, edgeFlags=0x0, pointerCount=1, historySize=0, eventTime=1823209, downTime=1823209, deviceId=0, source=0x1002 }
09-24 10:10:02.659  3885  3885 I Input   : injectMotionEvent: MotionEvent { action=ACTION_MOVE, id[0]=0, x[0]=384.0, y[0]=934.0, toolType[0]=TOOL_TYPE_UNKNOWN, buttonState=0, metaState=0, flags=0x0, edgeFlags=0x0, pointerCount=1, historySize=0, eventTime=1823226, downTime=1823226, deviceId=0, source=0x1002 }
09-24 10:10:02.679  3885  3885 I Input   : injectMotionEvent: MotionEvent { action=ACTION_MOVE, id[0]=0, x[0]=384.0, y[0]=934.0, toolType[0]=TOOL_TYPE_UNKNOWN, buttonState=0, metaState=0, flags=0x0, edgeFlags=0x0, pointerCount=1, historySize=0, eventTime=1823243, downTime=1823243, deviceId=0, source=0x1002 }
09-24 10:10:02.699  3885  3885 I Input   : injectMotionEvent: MotionEvent { action=ACTION_MOVE, id[0]=0, x[0]=384.0, y[0]=934.0, toolType[0]=TOOL_TYPE_UNKNOWN, buttonState=0, metaState=0, flags=0x0, edgeFlags=0x0, pointerCount=1, historySize=0, eventTime=1823259, downTime=1823259, deviceId=0, source=0x1002 }
09-24 10:10:02.709  3885  3885 I Input   : injectMotionEvent: MotionEvent { action=ACTION_MOVE, id[0]=0, x[0]=384.0, y[0]=934.0, toolType[0]=TOOL_TYPE_UNKNOWN, buttonState=0, metaState=0, flags=0x0, edgeFlags=0x0, pointerCount=1, historySize=0, eventTime=1823276, downTime=1823276, deviceId=0, source=0x1002 }
09-24 10:10:02.729  3885  3885 I Input   : injectMotionEvent: MotionEvent { action=ACTION_MOVE, id[0]=0, x[0]=384.0, y[0]=934.0, toolType[0]=TOOL_TYPE_UNKNOWN, buttonState=0, metaState=0, flags=0x0, edgeFlags=0x0, pointerCount=1, historySize=0, eventTime=1823294, downTime=1823294, deviceId=0, source=0x1002 }
09-24 10:10:02.749  3885  3885 I Input   : injectMotionEvent: MotionEvent { action=ACTION_MOVE, id[0]=0, x[0]=384.0, y[0]=934.0, toolType[0]=TOOL_TYPE_UNKNOWN, buttonState=0, metaState=0, flags=0x0, edgeFlags=0x0, pointerCount=1, historySize=0, eventTime=1823311, downTime=1823311, deviceId=0, source=0x1002 }
09-24 10:10:02.759  3885  3885 I Input   : injectMotionEvent: MotionEvent { action=ACTION_MOVE, id[0]=0, x[0]=384.0, y[0]=934.0, toolType[0]=TOOL_TYPE_UNKNOWN, buttonState=0, metaState=0, flags=0x0, edgeFlags=0x0, pointerCount=1, historySize=0, eventTime=1823326, downTime=1823326, deviceId=0, source=0x1002 }
09-24 10:10:02.779  3885  3885 I Input   : injectMotionEvent: MotionEvent { action=ACTION_UP, id[0]=0, x[0]=384.0, y[0]=934.0, toolType[0]=TOOL_TYPE_UNKNOWN, buttonState=0, metaState=0, flags=0x0, edgeFlags=0x0, pointerCount=1, historySize=0, eventTime=1823346, downTime=1823346, deviceId=0, source=0x1002 }
09-24 10:10:02.779  3885  3885 D AndroidRuntime: Shutting down VM
09-24 10:10:02.789   196   881 D AudioPolicyManagerBase: getOutput() device 2, stream 1, samplingRate 0, format 0, channelMask 3, flags 0
09-24 10:10:02.789   196   881 D AudioPolicyManagerBase: getOutput() returns output 2
09-24 10:10:02.789   196   196 D AudioPolicyManagerBase: getOutput() device 2, stream 1, samplingRate 0, format 0, channelMask 3, flags 0
09-24 10:10:02.789   196   196 D AudioPolicyManagerBase: getOutput() returns output 2
09-24 10:10:02.789   196   890 D AudioPolicyManagerBase: getOutput() device 2, stream 1, samplingRate 48000, format 1, channelMask 3, flags 4
09-24 10:10:02.789   196   890 D AudioPolicyManagerBase: getOutput() returns output 2
09-24 10:10:02.789  2990  2990 I Timeline: Timeline: Activity_launch_request id:andrei.brusentcov.eyecheck.free time:1823353
09-24 10:10:02.789   196   890 D AudioFlinger: start(4097), calling pid 728 session 50
09-24 10:10:02.789   196   890 D AudioFlinger: ? => ACTIVE (4097) on thread 0xb8834680
09-24 10:10:02.789   196   890 D AudioPolicyManagerBase: startOutput() output 2, stream 1, session 50
09-24 10:10:02.789   728 17665 I ActivityManager: START u0 {cmp=andrei.brusentcov.eyecheck.free/andrei.brusentcov.eyecheck.LikeActivity} from pid 2990
09-24 10:10:02.799   196   876 V audio_hw_primary: start_output_stream: enter: usecase(1: low-latency-playback) devices(0x2)
09-24 10:10:02.799   196   876 D audio_hw_primary: select_devices: out_snd_device(2: speaker) in_snd_device(0: )
09-24 10:10:02.799   196   876 D ACDB-LOADER: ACDB -> send_afe_cal
09-24 10:10:02.799   196   876 V audio_hw_primary: enable_snd_device: snd_device(2: speaker)
09-24 10:10:02.809   196   876 V audio_hw_primary: enable_audio_route: enter: usecase(1)
09-24 10:10:02.809   196   876 V audio_hw_primary: enable_audio_route: apply mixer path: low-latency-playback
09-24 10:10:02.809   196   876 V audio_hw_primary: enable_audio_route: exit
09-24 10:10:02.809   196   876 V audio_hw_primary: start_output_stream: Opening PCM device card_id(0) device_id(14)
09-24 10:10:02.819   196   876 V audio_hw_primary: start_output_stream: exit
09-24 10:10:02.849  2990  2990 D GameHelper: GameHelper: Debug log enabled.
09-24 10:10:03.049  2990  2990 D GameHelper: GameHelper: onStart
09-24 10:10:03.049  2990  2990 D GameHelper: GameHelper: Not attempting to connect becase mConnectOnStart=false
09-24 10:10:03.049  2990  2990 D GameHelper: GameHelper: Instead, reporting a sign-in failure.
09-24 10:10:03.209   728   744 I ActivityManager: Displayed andrei.brusentcov.eyecheck.free/andrei.brusentcov.eyecheck.LikeActivity: +394ms
09-24 10:10:03.500  2990  2990 I Timeline: Timeline: Activity_idle id: android.os.BinderProxy@42298d58 time:1824062
09-24 10:10:03.850   728   744 I Timeline: Timeline: Activity_windows_visible id: ActivityRecord{41ad7bc8 u0 andrei.brusentcov.eyecheck.free/andrei.brusentcov.eyecheck.LikeActivity t23} time:1824414
09-24 10:10:04.050  2990  2990 D GameHelper: GameHelper: Notifying LISTENER of sign-in FAILURE (no error)
09-24 10:10:06.012   196   877 V audio_hw_primary: out_standby: enter: usecase(1: low-latency-playback)
09-24 10:10:06.062   196   877 V audio_hw_primary: stop_output_stream: enter: usecase(1: low-latency-playback)
09-24 10:10:06.062   196   877 V audio_hw_primary: disable_audio_route: enter: usecase(1)
09-24 10:10:06.062   196   877 V audio_hw_primary: disable_audio_route: reset mixer path: low-latency-playback
09-24 10:10:06.062   196   877 V audio_hw_primary: disable_audio_route: exit
09-24 10:10:06.062   196   877 V audio_hw_primary: disable_snd_device: snd_device(2: speaker) refcnt=0
09-24 10:10:06.072   196   877 V audio_hw_primary: stop_output_stream: exit: status(0)
09-24 10:10:06.072   196   877 V audio_hw_primary: out_standby: exit
09-24 10:10:07.423  1154  1411 E ActivityThread: Failed to find provider info for com.tencent.wifimanager.fore.ForePluginContentProvider
09-24 10:10:07.423  1154  1411 W System.err: java.lang.IllegalArgumentException: Unknown URL content://com.tencent.wifimanager.fore.ForePluginContentProvider/FeatureProvider/insert?fea_tunnel_tb
09-24 10:10:07.423  1154  1411 W System.err: 	at android.content.ContentResolver.insert(ContentResolver.java:1186)
09-24 10:10:07.423  1154  1411 E ActivityThread: Failed to find provider info for com.tencent.wifimanager.fore.ForePluginContentProvider
09-24 10:10:07.433  1154  1411 W System.err: 	at com.tencent.qqpimsecure.storage.g.a(SourceFile:74)
09-24 10:10:07.433  1154  1411 W System.err: 	at com.tencent.qqpimsecure.storage.l.c(SourceFile:88)
09-24 10:10:07.433  1154  1411 W System.err: 	at com.meri.service.feature.FeatureTunnelDB.b(SourceFile:163)
09-24 10:10:07.433  1154  1411 W System.err: 	at com.meri.service.feature.a$b.handleMessage(SourceFile:440)
09-24 10:10:07.433  1154  1411 W System.err: 	at android.os.Handler.dispatchMessage(Handler.java:102)
09-24 10:10:07.433  1154  1411 W System.err: 	at tcs.amy.dispatchMessage(SourceFile:48)
09-24 10:10:07.433  1154  1411 W System.err: 	at android.os.Looper.loop(Looper.java:136)
09-24 10:10:07.433  1154  1411 W System.err: 	at android.os.HandlerThread.run(HandlerThread.java:61)
09-24 10:10:07.433  1154  1411 W System.err: 	at tcs.oj.run(SourceFile:79)
09-24 10:10:07.464  3999  3999 D AndroidRuntime: 
09-24 10:10:07.464  3999  3999 D AndroidRuntime: >>>>>> AndroidRuntime START com.android.internal.os.RuntimeInit <<<<<<
09-24 10:10:07.464  3999  3999 D AndroidRuntime: CheckJNI is OFF
09-24 10:10:07.484  3999  3999 D dalvikvm: Trying to load lib libjavacore.so 0x0
09-24 10:10:07.484  3999  3999 D dalvikvm: Added shared lib libjavacore.so 0x0
09-24 10:10:07.494  3999  3999 D dalvikvm: Trying to load lib libnativehelper.so 0x0
09-24 10:10:07.494  3999  3999 D dalvikvm: Added shared lib libnativehelper.so 0x0
09-24 10:10:07.494  3999  3999 D dalvikvm: No JNI_OnLoad found in libnativehelper.so 0x0, skipping init
09-24 10:10:07.534  3999  3999 D dalvikvm: Note: class Landroid/app/ActivityManagerNative; has 180 unimplemented (abstract) methods
09-24 10:10:07.884  3999  3999 D AndroidRuntime: Calling main entry com.android.commands.input.Input
09-24 10:10:07.894  3999  3999 I Input   : injectKeyEvent: KeyEvent { action=ACTION_DOWN, keyCode=KEYCODE_BACK, scanCode=0, metaState=0, flags=0x0, repeatCount=0, eventTime=1828454, downTime=1828454, deviceId=-1, source=0x101 }
09-24 10:10:07.914  3999  3999 I Input   : injectKeyEvent: KeyEvent { action=ACTION_UP, keyCode=KEYCODE_BACK, scanCode=0, metaState=0, flags=0x0, repeatCount=0, eventTime=1828454, downTime=1828454, deviceId=-1, source=0x101 }
09-24 10:10:07.924  3999  3999 D AndroidRuntime: Shutting down VM
09-24 10:10:07.984  2990  2990 I Timeline: Timeline: Activity_idle id: android.os.BinderProxy@41ffc770 time:1828543
09-24 10:10:07.984  2990  2990 D GameHelper: GameHelper: onStop
09-24 10:10:07.984  2990  2990 D GameHelper: GameHelper: Client already disconnected when we got onStop.
09-24 10:10:11.117   728   747 W ProcessCpuTracker: Skipping unknown process pid 4062
09-24 10:10:13.079  4139  4139 D AndroidRuntime: 
09-24 10:10:13.079  4139  4139 D AndroidRuntime: >>>>>> AndroidRuntime START com.android.internal.os.RuntimeInit <<<<<<
09-24 10:10:13.079  4139  4139 D AndroidRuntime: CheckJNI is OFF
09-24 10:10:13.099  4139  4139 D dalvikvm: Trying to load lib libjavacore.so 0x0
09-24 10:10:13.109  4139  4139 D dalvikvm: Added shared lib libjavacore.so 0x0
09-24 10:10:13.109  4139  4139 D dalvikvm: Trying to load lib libnativehelper.so 0x0
09-24 10:10:13.119  4139  4139 D dalvikvm: Added shared lib libnativehelper.so 0x0
09-24 10:10:13.119  4139  4139 D dalvikvm: No JNI_OnLoad found in libnativehelper.so 0x0, skipping init
09-24 10:10:13.169  4139  4139 D dalvikvm: Note: class Landroid/app/ActivityManagerNative; has 180 unimplemented (abstract) methods
09-24 10:10:13.449  4139  4139 D AndroidRuntime: Calling main entry com.android.commands.input.Input
09-24 10:10:13.449  4139  4139 I Input   : injectMotionEvent: MotionEvent { action=ACTION_DOWN, id[0]=0, x[0]=384.0, y[0]=826.0, toolType[0]=TOOL_TYPE_UNKNOWN, buttonState=0, metaState=0, flags=0x0, edgeFlags=0x0, pointerCount=1, historySize=0, eventTime=1834017, downTime=1834017, deviceId=0, source=0x1002 }
09-24 10:10:13.469  4139  4139 I Input   : injectMotionEvent: MotionEvent { action=ACTION_MOVE, id[0]=0, x[0]=384.0, y[0]=826.0, toolType[0]=TOOL_TYPE_UNKNOWN, buttonState=0, metaState=0, flags=0x0, edgeFlags=0x0, pointerCount=1, historySize=0, eventTime=1834017, downTime=1834017, deviceId=0, source=0x1002 }
09-24 10:10:13.469  4139  4139 I Input   : injectMotionEvent: MotionEvent { action=ACTION_MOVE, id[0]=0, x[0]=384.0, y[0]=826.0, toolType[0]=TOOL_TYPE_UNKNOWN, buttonState=0, metaState=0, flags=0x0, edgeFlags=0x0, pointerCount=1, historySize=0, eventTime=1834039, downTime=1834039, deviceId=0, source=0x1002 }
09-24 10:10:13.489  4139  4139 I Input   : injectMotionEvent: MotionEvent { action=ACTION_MOVE, id[0]=0, x[0]=384.0, y[0]=826.0, toolType[0]=TOOL_TYPE_UNKNOWN, buttonState=0, metaState=0, flags=0x0, edgeFlags=0x0, pointerCount=1, historySize=0, eventTime=1834056, downTime=1834056, deviceId=0, source=0x1002 }
09-24 10:10:13.509  4139  4139 I Input   : injectMotionEvent: MotionEvent { action=ACTION_MOVE, id[0]=0, x[0]=384.0, y[0]=826.0, toolType[0]=TOOL_TYPE_UNKNOWN, buttonState=0, metaState=0, flags=0x0, edgeFlags=0x0, pointerCount=1, historySize=0, eventTime=1834070, downTime=1834070, deviceId=0, source=0x1002 }
09-24 10:10:13.519  4139  4139 I Input   : injectMotionEvent: MotionEvent { action=ACTION_MOVE, id[0]=0, x[0]=384.0, y[0]=826.0, toolType[0]=TOOL_TYPE_UNKNOWN, buttonState=0, metaState=0, flags=0x0, edgeFlags=0x0, pointerCount=1, historySize=0, eventTime=1834086, downTime=1834086, deviceId=0, source=0x1002 }
09-24 10:10:13.539  4139  4139 I Input   : injectMotionEvent: MotionEvent { action=ACTION_MOVE, id[0]=0, x[0]=384.0, y[0]=826.0, toolType[0]=TOOL_TYPE_UNKNOWN, buttonState=0, metaState=0, flags=0x0, edgeFlags=0x0, pointerCount=1, historySize=0, eventTime=1834105, downTime=1834105, deviceId=0, source=0x1002 }
09-24 10:10:13.559  4139  4139 I Input   : injectMotionEvent: MotionEvent { action=ACTION_MOVE, id[0]=0, x[0]=384.0, y[0]=826.0, toolType[0]=TOOL_TYPE_UNKNOWN, buttonState=0, metaState=0, flags=0x0, edgeFlags=0x0, pointerCount=1, historySize=0, eventTime=1834120, downTime=1834120, deviceId=0, source=0x1002 }
09-24 10:10:13.569  4139  4139 I Input   : injectMotionEvent: MotionEvent { action=ACTION_MOVE, id[0]=0, x[0]=384.0, y[0]=826.0, toolType[0]=TOOL_TYPE_UNKNOWN, buttonState=0, metaState=0, flags=0x0, edgeFlags=0x0, pointerCount=1, historySize=0, eventTime=1834137, downTime=1834137, deviceId=0, source=0x1002 }
09-24 10:10:13.589  4139  4139 I Input   : injectMotionEvent: MotionEvent { action=ACTION_MOVE, id[0]=0, x[0]=384.0, y[0]=826.0, toolType[0]=TOOL_TYPE_UNKNOWN, buttonState=0, metaState=0, flags=0x0, edgeFlags=0x0, pointerCount=1, historySize=0, eventTime=1834153, downTime=1834153, deviceId=0, source=0x1002 }
09-24 10:10:13.610  4139  4139 I Input   : injectMotionEvent: MotionEvent { action=ACTION_MOVE, id[0]=0, x[0]=384.0, y[0]=826.0, toolType[0]=TOOL_TYPE_UNKNOWN, buttonState=0, metaState=0, flags=0x0, edgeFlags=0x0, pointerCount=1, historySize=0, eventTime=1834171, downTime=1834171, deviceId=0, source=0x1002 }
09-24 10:10:13.620  4139  4139 I Input   : injectMotionEvent: MotionEvent { action=ACTION_MOVE, id[0]=0, x[0]=384.0, y[0]=826.0, toolType[0]=TOOL_TYPE_UNKNOWN, buttonState=0, metaState=0, flags=0x0, edgeFlags=0x0, pointerCount=1, historySize=0, eventTime=1834187, downTime=1834187, deviceId=0, source=0x1002 }
09-24 10:10:13.640  4139  4139 I Input   : injectMotionEvent: MotionEvent { action=ACTION_MOVE, id[0]=0, x[0]=384.0, y[0]=826.0, toolType[0]=TOOL_TYPE_UNKNOWN, buttonState=0, metaState=0, flags=0x0, edgeFlags=0x0, pointerCount=1, historySize=0, eventTime=1834204, downTime=1834204, deviceId=0, source=0x1002 }
09-24 10:10:13.660  4139  4139 I Input   : injectMotionEvent: MotionEvent { action=ACTION_UP, id[0]=0, x[0]=384.0, y[0]=826.0, toolType[0]=TOOL_TYPE_UNKNOWN, buttonState=0, metaState=0, flags=0x0, edgeFlags=0x0, pointerCount=1, historySize=0, eventTime=1834222, downTime=1834222, deviceId=0, source=0x1002 }
09-24 10:10:13.660  4139  4139 D AndroidRuntime: Shutting down VM
09-24 10:10:13.660   196   196 D AudioPolicyManagerBase: getOutput() device 2, stream 1, samplingRate 0, format 0, channelMask 3, flags 0
09-24 10:10:13.660   196   196 D AudioPolicyManagerBase: getOutput() returns output 2
09-24 10:10:13.670  2990  2990 I Timeline: Timeline: Activity_launch_request id:andrei.brusentcov.eyecheck.free time:1834231
09-24 10:10:13.670   196   881 D AudioPolicyManagerBase: getOutput() device 2, stream 1, samplingRate 0, format 0, channelMask 3, flags 0
09-24 10:10:13.670   196   881 D AudioPolicyManagerBase: getOutput() returns output 2
09-24 10:10:13.670   728  1104 I ActivityManager: START u0 {cmp=andrei.brusentcov.eyecheck.free/andrei.brusentcov.eyecheck.SettingsActivity} from pid 2990
09-24 10:10:13.680   196   890 D AudioPolicyManagerBase: getOutput() device 2, stream 1, samplingRate 48000, format 1, channelMask 3, flags 4
09-24 10:10:13.680   196   890 D AudioPolicyManagerBase: getOutput() returns output 2
09-24 10:10:13.700   196   890 D AudioFlinger: start(4099), calling pid 728 session 51
09-24 10:10:13.700   196   890 D AudioFlinger: ? => ACTIVE (4099) on thread 0xb8834998
09-24 10:10:13.700   196   890 D AudioPolicyManagerBase: startOutput() output 2, stream 1, session 51
09-24 10:10:13.710   196   876 V audio_hw_primary: start_output_stream: enter: usecase(1: low-latency-playback) devices(0x2)
09-24 10:10:13.710   196   876 D audio_hw_primary: select_devices: out_snd_device(2: speaker) in_snd_device(0: )
09-24 10:10:13.710   196   876 D ACDB-LOADER: ACDB -> send_afe_cal
09-24 10:10:13.710   196   876 V audio_hw_primary: enable_snd_device: snd_device(2: speaker)
09-24 10:10:13.720   196   876 V audio_hw_primary: enable_audio_route: enter: usecase(1)
09-24 10:10:13.720   196   876 V audio_hw_primary: enable_audio_route: apply mixer path: low-latency-playback
09-24 10:10:13.720   196   876 V audio_hw_primary: enable_audio_route: exit
09-24 10:10:13.720   196   876 V audio_hw_primary: start_output_stream: Opening PCM device card_id(0) device_id(14)
09-24 10:10:13.730   196   876 V audio_hw_primary: start_output_stream: exit
09-24 10:10:14.120   728   744 I ActivityManager: Displayed andrei.brusentcov.eyecheck.free/andrei.brusentcov.eyecheck.SettingsActivity: +351ms
09-24 10:10:14.300  2990  2990 I Timeline: Timeline: Activity_idle id: android.os.BinderProxy@41e3f3c0 time:1834869
09-24 10:10:14.691   728   744 I Timeline: Timeline: Activity_windows_visible id: ActivityRecord{41a02710 u0 andrei.brusentcov.eyecheck.free/andrei.brusentcov.eyecheck.SettingsActivity t23} time:1835256
09-24 10:10:16.893   196   877 V audio_hw_primary: out_standby: enter: usecase(1: low-latency-playback)
09-24 10:10:16.933   196   877 V audio_hw_primary: stop_output_stream: enter: usecase(1: low-latency-playback)
09-24 10:10:16.933   196   877 V audio_hw_primary: disable_audio_route: enter: usecase(1)
09-24 10:10:16.933   196   877 V audio_hw_primary: disable_audio_route: reset mixer path: low-latency-playback
09-24 10:10:16.933   196   877 V audio_hw_primary: disable_audio_route: exit
09-24 10:10:16.933   196   877 V audio_hw_primary: disable_snd_device: snd_device(2: speaker) refcnt=0
09-24 10:10:16.943   196   877 V audio_hw_primary: stop_output_stream: exit: status(0)
09-24 10:10:16.943   196   877 V audio_hw_primary: out_standby: exit
09-24 10:10:18.364  4257  4257 D AndroidRuntime: 
09-24 10:10:18.364  4257  4257 D AndroidRuntime: >>>>>> AndroidRuntime START com.android.internal.os.RuntimeInit <<<<<<
09-24 10:10:18.364  4257  4257 D AndroidRuntime: CheckJNI is OFF
09-24 10:10:18.384  4257  4257 D dalvikvm: Trying to load lib libjavacore.so 0x0
09-24 10:10:18.384  4257  4257 D dalvikvm: Added shared lib libjavacore.so 0x0
09-24 10:10:18.394  4257  4257 D dalvikvm: Trying to load lib libnativehelper.so 0x0
09-24 10:10:18.394  4257  4257 D dalvikvm: Added shared lib libnativehelper.so 0x0
09-24 10:10:18.394  4257  4257 D dalvikvm: No JNI_OnLoad found in libnativehelper.so 0x0, skipping init
09-24 10:10:18.434  4257  4257 D dalvikvm: Note: class Landroid/app/ActivityManagerNative; has 180 unimplemented (abstract) methods
09-24 10:10:18.704  4257  4257 D AndroidRuntime: Calling main entry com.android.commands.input.Input
09-24 10:10:18.714  4257  4257 I Input   : injectKeyEvent: KeyEvent { action=ACTION_DOWN, keyCode=KEYCODE_BACK, scanCode=0, metaState=0, flags=0x0, repeatCount=0, eventTime=1839269, downTime=1839269, deviceId=-1, source=0x101 }
09-24 10:10:18.714  4257  4257 I Input   : injectKeyEvent: KeyEvent { action=ACTION_UP, keyCode=KEYCODE_BACK, scanCode=0, metaState=0, flags=0x0, repeatCount=0, eventTime=1839269, downTime=1839269, deviceId=-1, source=0x101 }
09-24 10:10:18.725  4257  4257 D AndroidRuntime: Shutting down VM
09-24 10:10:18.725   728   747 W ProcessCpuTracker: Skipping unknown process pid 4259
09-24 10:10:18.775  2990  2990 I Timeline: Timeline: Activity_idle id: android.os.BinderProxy@41ffc770 time:1839338
09-24 10:10:23.930  4386  4386 D AndroidRuntime: 
09-24 10:10:23.930  4386  4386 D AndroidRuntime: >>>>>> AndroidRuntime START com.android.internal.os.RuntimeInit <<<<<<
09-24 10:10:23.930  4386  4386 D AndroidRuntime: CheckJNI is OFF
09-24 10:10:23.950  4386  4386 D dalvikvm: Trying to load lib libjavacore.so 0x0
09-24 10:10:23.950  4386  4386 D dalvikvm: Added shared lib libjavacore.so 0x0
09-24 10:10:23.950  4386  4386 D dalvikvm: Trying to load lib libnativehelper.so 0x0
09-24 10:10:23.950  4386  4386 D dalvikvm: Added shared lib libnativehelper.so 0x0
09-24 10:10:23.950  4386  4386 D dalvikvm: No JNI_OnLoad found in libnativehelper.so 0x0, skipping init
09-24 10:10:24.000  4386  4386 D dalvikvm: Note: class Landroid/app/ActivityManagerNative; has 180 unimplemented (abstract) methods
09-24 10:10:24.260  4386  4386 D AndroidRuntime: Calling main entry com.android.commands.input.Input
09-24 10:10:24.260  4386  4386 I Input   : injectMotionEvent: MotionEvent { action=ACTION_DOWN, id[0]=0, x[0]=384.0, y[0]=523.0, toolType[0]=TOOL_TYPE_UNKNOWN, buttonState=0, metaState=0, flags=0x0, edgeFlags=0x0, pointerCount=1, historySize=0, eventTime=1844827, downTime=1844827, deviceId=0, source=0x1002 }
09-24 10:10:24.270  4386  4386 I Input   : injectMotionEvent: MotionEvent { action=ACTION_MOVE, id[0]=0, x[0]=384.0, y[0]=523.0, toolType[0]=TOOL_TYPE_UNKNOWN, buttonState=0, metaState=0, flags=0x0, edgeFlags=0x0, pointerCount=1, historySize=0, eventTime=1844827, downTime=1844827, deviceId=0, source=0x1002 }
09-24 10:10:24.290  4386  4386 I Input   : injectMotionEvent: MotionEvent { action=ACTION_MOVE, id[0]=0, x[0]=384.0, y[0]=523.0, toolType[0]=TOOL_TYPE_UNKNOWN, buttonState=0, metaState=0, flags=0x0, edgeFlags=0x0, pointerCount=1, historySize=0, eventTime=1844849, downTime=1844849, deviceId=0, source=0x1002 }
09-24 10:10:24.300  4386  4386 I Input   : injectMotionEvent: MotionEvent { action=ACTION_MOVE, id[0]=0, x[0]=384.0, y[0]=523.0, toolType[0]=TOOL_TYPE_UNKNOWN, buttonState=0, metaState=0, flags=0x0, edgeFlags=0x0, pointerCount=1, historySize=0, eventTime=1844866, downTime=1844866, deviceId=0, source=0x1002 }
09-24 10:10:24.320  4386  4386 I Input   : injectMotionEvent: MotionEvent { action=ACTION_MOVE, id[0]=0, x[0]=384.0, y[0]=523.0, toolType[0]=TOOL_TYPE_UNKNOWN, buttonState=0, metaState=0, flags=0x0, edgeFlags=0x0, pointerCount=1, historySize=0, eventTime=1844883, downTime=1844883, deviceId=0, source=0x1002 }
09-24 10:10:24.330  4386  4386 I Input   : injectMotionEvent: MotionEvent { action=ACTION_MOVE, id[0]=0, x[0]=384.0, y[0]=523.0, toolType[0]=TOOL_TYPE_UNKNOWN, buttonState=0, metaState=0, flags=0x0, edgeFlags=0x0, pointerCount=1, historySize=0, eventTime=1844897, downTime=1844897, deviceId=0, source=0x1002 }
09-24 10:10:24.350  4386  4386 I Input   : injectMotionEvent: MotionEvent { action=ACTION_MOVE, id[0]=0, x[0]=384.0, y[0]=523.0, toolType[0]=TOOL_TYPE_UNKNOWN, buttonState=0, metaState=0, flags=0x0, edgeFlags=0x0, pointerCount=1, historySize=0, eventTime=1844913, downTime=1844913, deviceId=0, source=0x1002 }
09-24 10:10:24.370  4386  4386 I Input   : injectMotionEvent: MotionEvent { action=ACTION_MOVE, id[0]=0, x[0]=384.0, y[0]=523.0, toolType[0]=TOOL_TYPE_UNKNOWN, buttonState=0, metaState=0, flags=0x0, edgeFlags=0x0, pointerCount=1, historySize=0, eventTime=1844930, downTime=1844930, deviceId=0, source=0x1002 }
09-24 10:10:24.390  4386  4386 I Input   : injectMotionEvent: MotionEvent { action=ACTION_MOVE, id[0]=0, x[0]=384.0, y[0]=523.0, toolType[0]=TOOL_TYPE_UNKNOWN, buttonState=0, metaState=0, flags=0x0, edgeFlags=0x0, pointerCount=1, historySize=0, eventTime=1844949, downTime=1844949, deviceId=0, source=0x1002 }
09-24 10:10:24.400  4386  4386 I Input   : injectMotionEvent: MotionEvent { action=ACTION_MOVE, id[0]=0, x[0]=384.0, y[0]=523.0, toolType[0]=TOOL_TYPE_UNKNOWN, buttonState=0, metaState=0, flags=0x0, edgeFlags=0x0, pointerCount=1, historySize=0, eventTime=1844964, downTime=1844964, deviceId=0, source=0x1002 }
09-24 10:10:24.420  4386  4386 I Input   : injectMotionEvent: MotionEvent { action=ACTION_MOVE, id[0]=0, x[0]=384.0, y[0]=523.0, toolType[0]=TOOL_TYPE_UNKNOWN, buttonState=0, metaState=0, flags=0x0, edgeFlags=0x0, pointerCount=1, historySize=0, eventTime=1844980, downTime=1844980, deviceId=0, source=0x1002 }
09-24 10:10:24.430  4386  4386 I Input   : injectMotionEvent: MotionEvent { action=ACTION_MOVE, id[0]=0, x[0]=384.0, y[0]=523.0, toolType[0]=TOOL_TYPE_UNKNOWN, buttonState=0, metaState=0, flags=0x0, edgeFlags=0x0, pointerCount=1, historySize=0, eventTime=1844997, downTime=1844997, deviceId=0, source=0x1002 }
09-24 10:10:24.450  4386  4386 I Input   : injectMotionEvent: MotionEvent { action=ACTION_MOVE, id[0]=0, x[0]=384.0, y[0]=523.0, toolType[0]=TOOL_TYPE_UNKNOWN, buttonState=0, metaState=0, flags=0x0, edgeFlags=0x0, pointerCount=1, historySize=0, eventTime=1845014, downTime=1845014, deviceId=0, source=0x1002 }
09-24 10:10:24.470  4386  4386 I Input   : injectMotionEvent: MotionEvent { action=ACTION_UP, id[0]=0, x[0]=384.0, y[0]=523.0, toolType[0]=TOOL_TYPE_UNKNOWN, buttonState=0, metaState=0, flags=0x0, edgeFlags=0x0, pointerCount=1, historySize=0, eventTime=1845030, downTime=1845030, deviceId=0, source=0x1002 }
09-24 10:10:24.470  4386  4386 D AndroidRuntime: Shutting down VM
09-24 10:10:24.470  2990  2990 I Timeline: Timeline: Activity_launch_request id:andrei.brusentcov.eyecheck.free time:1845037
09-24 10:10:24.470   196   890 D AudioPolicyManagerBase: getOutput() device 2, stream 1, samplingRate 0, format 0, channelMask 3, flags 0
09-24 10:10:24.470   196   890 D AudioPolicyManagerBase: getOutput() returns output 2
09-24 10:10:24.470   196   881 D AudioPolicyManagerBase: getOutput() device 2, stream 1, samplingRate 0, format 0, channelMask 3, flags 0
09-24 10:10:24.470   196   881 D AudioPolicyManagerBase: getOutput() returns output 2
09-24 10:10:24.470   196   196 D AudioPolicyManagerBase: getOutput() device 2, stream 1, samplingRate 48000, format 1, channelMask 3, flags 4
09-24 10:10:24.470   196   196 D AudioPolicyManagerBase: getOutput() returns output 2
09-24 10:10:24.480   728  1107 I ActivityManager: START u0 {cmp=andrei.brusentcov.eyecheck.free/andrei.brusentcov.eyecheck.EyeCheckActivity} from pid 2990
09-24 10:10:24.480   196   196 D AudioFlinger: start(4097), calling pid 728 session 52
09-24 10:10:24.480   196   196 D AudioFlinger: ? => ACTIVE (4097) on thread 0xb8834680
09-24 10:10:24.480   196   196 D AudioPolicyManagerBase: startOutput() output 2, stream 1, session 52
09-24 10:10:24.490   196   876 V audio_hw_primary: start_output_stream: enter: usecase(1: low-latency-playback) devices(0x2)
09-24 10:10:24.490   196   876 D audio_hw_primary: select_devices: out_snd_device(2: speaker) in_snd_device(0: )
09-24 10:10:24.490   196   876 D ACDB-LOADER: ACDB -> send_afe_cal
09-24 10:10:24.490   196   876 V audio_hw_primary: enable_snd_device: snd_device(2: speaker)
09-24 10:10:24.500   196   876 V audio_hw_primary: enable_audio_route: enter: usecase(1)
09-24 10:10:24.500   196   876 V audio_hw_primary: enable_audio_route: apply mixer path: low-latency-playback
09-24 10:10:24.500   196   876 V audio_hw_primary: enable_audio_route: exit
09-24 10:10:24.500   196   876 V audio_hw_primary: start_output_stream: Opening PCM device card_id(0) device_id(14)
09-24 10:10:24.510   196   876 V audio_hw_primary: start_output_stream: exit
09-24 10:10:24.790  2990  2990 W GooglePlayServicesUtil: Google Play services is missing.
09-24 10:10:24.800  2990  2990 I Ads     : Starting ad request.
09-24 10:10:24.800  2990  2990 I Ads     : Use AdRequest.Builder.addTestDevice("883C217BFBF4488E8C7BFD5FA7ED7767") to get test ads on this device.
09-24 10:10:25.191   728   744 I ActivityManager: Displayed andrei.brusentcov.eyecheck.free/andrei.brusentcov.eyecheck.EyeCheckActivity: +682ms
09-24 10:10:25.501   728   744 I Timeline: Timeline: Activity_windows_visible id: ActivityRecord{41bf2468 u0 andrei.brusentcov.eyecheck.free/andrei.brusentcov.eyecheck.EyeCheckActivity t23} time:1846065
09-24 10:10:26.002  2990  2990 I chromium: [INFO:CONSOLE(0)] "Document was loaded from Application Cache with manifest https://googleads.g.doubleclick.net/mads/static/mad/sdk/native/sdk-core-v40.appcache", source: https://googleads.g.doubleclick.net/mads/static/mad/sdk/native/sdk-core-v40.html (0)
09-24 10:10:26.002  2990  2990 I chromium: [INFO:CONSOLE(0)] "Application Cache Checking event", source: https://googleads.g.doubleclick.net/mads/static/mad/sdk/native/sdk-core-v40.html (0)
09-24 10:10:26.002  2990  2990 I chromium: [INFO:CONSOLE(0)] "Application Cache Checking event", source: https://googleads.g.doubleclick.net/mads/static/mad/sdk/native/sdk-core-v40.html (0)
09-24 10:10:26.002  2990  2990 I chromium: [INFO:CONSOLE(0)] "Application Cache Checking event", source: https://googleads.g.doubleclick.net/mads/static/mad/sdk/native/sdk-core-v40.html (0)
09-24 10:10:26.002  2990  2990 I chromium: [INFO:CONSOLE(0)] "Application Cache NoUpdate event", source: https://googleads.g.doubleclick.net/mads/static/mad/sdk/native/sdk-core-v40.html (0)
09-24 10:10:26.002  2990  2990 I chromium: [INFO:CONSOLE(0)] "Application Cache NoUpdate event", source: https://googleads.g.doubleclick.net/mads/static/mad/sdk/native/sdk-core-v40.html (0)
09-24 10:10:26.002  2990  2990 I chromium: [INFO:CONSOLE(0)] "Application Cache NoUpdate event", source: https://googleads.g.doubleclick.net/mads/static/mad/sdk/native/sdk-core-v40.html (0)
09-24 10:10:26.032  2990  2990 I Timeline: Timeline: Activity_idle id: android.os.BinderProxy@41e5e720 time:1846595
09-24 10:10:26.222  4436  4436 V Zygote  : Switching descriptor 33 to /dev/null
09-24 10:10:26.222  4436  4436 V Zygote  : Switching descriptor 10 to /dev/null
09-24 10:10:26.232   728   808 I ActivityManager: Start proc com.cyanogenmod.lockclock for service com.cyanogenmod.lockclock/.weather.WeatherUpdateService: pid=4436 uid=10045 gids={50045, 3003}
09-24 10:10:26.292  4436  4436 D ActivityThread: handleBindApplication:com.cyanogenmod.lockclock
09-24 10:10:26.292  4436  4436 D ActivityThread: setTargetHeapUtilization:0.75
09-24 10:10:26.292  4436  4436 D ActivityThread: setTargetHeapMinFree:524288
09-24 10:10:26.342  4436  4467 W GooglePlayServicesUtil: Google Play services is missing.
09-24 10:10:27.063   728  1048 D ConnectivityService: special network not available ni=mobile_supl
09-24 10:10:27.683   196   877 V audio_hw_primary: out_standby: enter: usecase(1: low-latency-playback)
09-24 10:10:27.733   196   877 V audio_hw_primary: stop_output_stream: enter: usecase(1: low-latency-playback)
09-24 10:10:27.733   196   877 V audio_hw_primary: disable_audio_route: enter: usecase(1)
09-24 10:10:27.733   196   877 V audio_hw_primary: disable_audio_route: reset mixer path: low-latency-playback
09-24 10:10:27.733   196   877 V audio_hw_primary: disable_audio_route: exit
09-24 10:10:27.733   196   877 V audio_hw_primary: disable_snd_device: snd_device(2: speaker) refcnt=0
09-24 10:10:27.733   196   877 V audio_hw_primary: stop_output_stream: exit: status(0)
09-24 10:10:27.733   196   877 V audio_hw_primary: out_standby: exit
09-24 10:10:29.385  4546  4546 D AndroidRuntime: 
09-24 10:10:29.385  4546  4546 D AndroidRuntime: >>>>>> AndroidRuntime START com.android.internal.os.RuntimeInit <<<<<<
09-24 10:10:29.385  4546  4546 D AndroidRuntime: CheckJNI is OFF
09-24 10:10:29.405  4546  4546 D dalvikvm: Trying to load lib libjavacore.so 0x0
09-24 10:10:29.405  4546  4546 D dalvikvm: Added shared lib libjavacore.so 0x0
09-24 10:10:29.405  4546  4546 D dalvikvm: Trying to load lib libnativehelper.so 0x0
09-24 10:10:29.405  4546  4546 D dalvikvm: Added shared lib libnativehelper.so 0x0
09-24 10:10:29.405  4546  4546 D dalvikvm: No JNI_OnLoad found in libnativehelper.so 0x0, skipping init
09-24 10:10:29.455  4546  4546 D dalvikvm: Note: class Landroid/app/ActivityManagerNative; has 180 unimplemented (abstract) methods
09-24 10:10:29.715  4546  4546 D AndroidRuntime: Calling main entry com.android.commands.input.Input
09-24 10:10:29.725  4546  4546 I Input   : injectKeyEvent: KeyEvent { action=ACTION_DOWN, keyCode=KEYCODE_BACK, scanCode=0, metaState=0, flags=0x0, repeatCount=0, eventTime=1850281, downTime=1850281, deviceId=-1, source=0x101 }
09-24 10:10:29.735  4546  4546 I Input   : injectKeyEvent: KeyEvent { action=ACTION_UP, keyCode=KEYCODE_BACK, scanCode=0, metaState=0, flags=0x0, repeatCount=0, eventTime=1850281, downTime=1850281, deviceId=-1, source=0x101 }
09-24 10:10:29.765  4546  4546 D AndroidRuntime: Shutting down VM
09-24 10:10:31.247  2990  3157 W Ads     : Timed out waiting for ad response.
09-24 10:10:31.267  2990  2990 I Ads     : Scheduling ad refresh 60000 milliseconds from now.
09-24 10:10:31.277  2990  2990 W Ads     : Failed to load ad: 2
09-24 10:10:34.440  1396  1423 D GooglePlay: update
09-24 10:10:34.500  4646  4646 D AndroidRuntime: 
09-24 10:10:34.500  4646  4646 D AndroidRuntime: >>>>>> AndroidRuntime START com.android.internal.os.RuntimeInit <<<<<<
09-24 10:10:34.500  4646  4646 D AndroidRuntime: CheckJNI is OFF
09-24 10:10:34.530  4646  4646 D dalvikvm: Trying to load lib libjavacore.so 0x0
09-24 10:10:34.540  4646  4646 D dalvikvm: Added shared lib libjavacore.so 0x0
09-24 10:10:34.540  4646  4646 D dalvikvm: Trying to load lib libnativehelper.so 0x0
09-24 10:10:34.540  4646  4646 D dalvikvm: Added shared lib libnativehelper.so 0x0
09-24 10:10:34.540  4646  4646 D dalvikvm: No JNI_OnLoad found in libnativehelper.so 0x0, skipping init
09-24 10:10:34.600  4646  4646 D dalvikvm: Note: class Landroid/app/ActivityManagerNative; has 180 unimplemented (abstract) methods
09-24 10:10:34.870  4646  4646 D AndroidRuntime: Calling main entry com.android.commands.input.Input
09-24 10:10:34.880  4646  4646 I Input   : injectKeyEvent: KeyEvent { action=ACTION_DOWN, keyCode=KEYCODE_BACK, scanCode=0, metaState=0, flags=0x0, repeatCount=0, eventTime=1855442, downTime=1855442, deviceId=-1, source=0x101 }
09-24 10:10:34.890  4646  4646 I Input   : injectKeyEvent: KeyEvent { action=ACTION_UP, keyCode=KEYCODE_BACK, scanCode=0, metaState=0, flags=0x0, repeatCount=0, eventTime=1855442, downTime=1855442, deviceId=-1, source=0x101 }
09-24 10:10:34.900  4646  4646 D AndroidRuntime: Shutting down VM
09-24 10:10:34.900  2990  2990 W InputEventReceiver: Attempted to finish an input event but the input event receiver has already been disposed.
09-24 10:10:34.910   728  1122 W InputMethodManagerService: Window already focused, ignoring focus gain of: com.android.internal.view.IInputMethodClient$Stub$Proxy@41a71e98 attribute=null, token = android.os.BinderProxy@41eaa990
09-24 10:10:40.095  4773  4773 D AndroidRuntime: 
09-24 10:10:40.095  4773  4773 D AndroidRuntime: >>>>>> AndroidRuntime START com.android.internal.os.RuntimeInit <<<<<<
09-24 10:10:40.095  4773  4773 D AndroidRuntime: CheckJNI is OFF
09-24 10:10:40.115  4773  4773 D dalvikvm: Trying to load lib libjavacore.so 0x0
09-24 10:10:40.115  4773  4773 D dalvikvm: Added shared lib libjavacore.so 0x0
09-24 10:10:40.115  4773  4773 D dalvikvm: Trying to load lib libnativehelper.so 0x0
09-24 10:10:40.115  4773  4773 D dalvikvm: Added shared lib libnativehelper.so 0x0
09-24 10:10:40.115  4773  4773 D dalvikvm: No JNI_OnLoad found in libnativehelper.so 0x0, skipping init
09-24 10:10:40.165  4773  4773 D dalvikvm: Note: class Landroid/app/ActivityManagerNative; has 180 unimplemented (abstract) methods
09-24 10:10:40.426  4773  4773 D AndroidRuntime: Calling main entry com.android.commands.input.Input
09-24 10:10:40.436  4773  4773 I Input   : injectMotionEvent: MotionEvent { action=ACTION_DOWN, id[0]=0, x[0]=384.0, y[0]=1031.0, toolType[0]=TOOL_TYPE_UNKNOWN, buttonState=0, metaState=0, flags=0x0, edgeFlags=0x0, pointerCount=1, historySize=0, eventTime=1860988, downTime=1860988, deviceId=0, source=0x1002 }
09-24 10:10:40.446  4773  4773 I Input   : injectMotionEvent: MotionEvent { action=ACTION_MOVE, id[0]=0, x[0]=384.0, y[0]=1031.0, toolType[0]=TOOL_TYPE_UNKNOWN, buttonState=0, metaState=0, flags=0x0, edgeFlags=0x0, pointerCount=1, historySize=0, eventTime=1860988, downTime=1860988, deviceId=0, source=0x1002 }
09-24 10:10:40.456  4773  4773 I Input   : injectMotionEvent: MotionEvent { action=ACTION_MOVE, id[0]=0, x[0]=384.0, y[0]=1031.0, toolType[0]=TOOL_TYPE_UNKNOWN, buttonState=0, metaState=0, flags=0x0, edgeFlags=0x0, pointerCount=1, historySize=0, eventTime=1861011, downTime=1861011, deviceId=0, source=0x1002 }
09-24 10:10:40.466  4773  4773 I Input   : injectMotionEvent: MotionEvent { action=ACTION_MOVE, id[0]=0, x[0]=384.0, y[0]=1031.0, toolType[0]=TOOL_TYPE_UNKNOWN, buttonState=0, metaState=0, flags=0x0, edgeFlags=0x0, pointerCount=1, historySize=0, eventTime=1861029, downTime=1861029, deviceId=0, source=0x1002 }
09-24 10:10:40.486  4773  4773 I Input   : injectMotionEvent: MotionEvent { action=ACTION_MOVE, id[0]=0, x[0]=384.0, y[0]=1031.0, toolType[0]=TOOL_TYPE_UNKNOWN, buttonState=0, metaState=0, flags=0x0, edgeFlags=0x0, pointerCount=1, historySize=0, eventTime=1861045, downTime=1861045, deviceId=0, source=0x1002 }
09-24 10:10:40.506  4773  4773 I Input   : injectMotionEvent: MotionEvent { action=ACTION_MOVE, id[0]=0, x[0]=384.0, y[0]=1031.0, toolType[0]=TOOL_TYPE_UNKNOWN, buttonState=0, metaState=0, flags=0x0, edgeFlags=0x0, pointerCount=1, historySize=0, eventTime=1861062, downTime=1861062, deviceId=0, source=0x1002 }
09-24 10:10:40.516  4773  4773 I Input   : injectMotionEvent: MotionEvent { action=ACTION_MOVE, id[0]=0, x[0]=384.0, y[0]=1031.0, toolType[0]=TOOL_TYPE_UNKNOWN, buttonState=0, metaState=0, flags=0x0, edgeFlags=0x0, pointerCount=1, historySize=0, eventTime=1861078, downTime=1861078, deviceId=0, source=0x1002 }
09-24 10:10:40.536  4773  4773 I Input   : injectMotionEvent: MotionEvent { action=ACTION_MOVE, id[0]=0, x[0]=384.0, y[0]=1031.0, toolType[0]=TOOL_TYPE_UNKNOWN, buttonState=0, metaState=0, flags=0x0, edgeFlags=0x0, pointerCount=1, historySize=0, eventTime=1861095, downTime=1861095, deviceId=0, source=0x1002 }
09-24 10:10:40.556  4773  4773 I Input   : injectMotionEvent: MotionEvent { action=ACTION_MOVE, id[0]=0, x[0]=384.0, y[0]=1031.0, toolType[0]=TOOL_TYPE_UNKNOWN, buttonState=0, metaState=0, flags=0x0, edgeFlags=0x0, pointerCount=1, historySize=0, eventTime=1861111, downTime=1861111, deviceId=0, source=0x1002 }
09-24 10:10:40.566  4773  4773 I Input   : injectMotionEvent: MotionEvent { action=ACTION_MOVE, id[0]=0, x[0]=384.0, y[0]=1031.0, toolType[0]=TOOL_TYPE_UNKNOWN, buttonState=0, metaState=0, flags=0x0, edgeFlags=0x0, pointerCount=1, historySize=0, eventTime=1861128, downTime=1861128, deviceId=0, source=0x1002 }
09-24 10:10:40.586  4773  4773 I Input   : injectMotionEvent: MotionEvent { action=ACTION_MOVE, id[0]=0, x[0]=384.0, y[0]=1031.0, toolType[0]=TOOL_TYPE_UNKNOWN, buttonState=0, metaState=0, flags=0x0, edgeFlags=0x0, pointerCount=1, historySize=0, eventTime=1861147, downTime=1861147, deviceId=0, source=0x1002 }
09-24 10:10:40.606  4773  4773 I Input   : injectMotionEvent: MotionEvent { action=ACTION_MOVE, id[0]=0, x[0]=384.0, y[0]=1031.0, toolType[0]=TOOL_TYPE_UNKNOWN, buttonState=0, metaState=0, flags=0x0, edgeFlags=0x0, pointerCount=1, historySize=0, eventTime=1861161, downTime=1861161, deviceId=0, source=0x1002 }
09-24 10:10:40.616  4773  4773 I Input   : injectMotionEvent: MotionEvent { action=ACTION_MOVE, id[0]=0, x[0]=384.0, y[0]=1031.0, toolType[0]=TOOL_TYPE_UNKNOWN, buttonState=0, metaState=0, flags=0x0, edgeFlags=0x0, pointerCount=1, historySize=0, eventTime=1861178, downTime=1861178, deviceId=0, source=0x1002 }
09-24 10:10:40.636  4773  4773 I Input   : injectMotionEvent: MotionEvent { action=ACTION_UP, id[0]=0, x[0]=384.0, y[0]=1031.0, toolType[0]=TOOL_TYPE_UNKNOWN, buttonState=0, metaState=0, flags=0x0, edgeFlags=0x0, pointerCount=1, historySize=0, eventTime=1861195, downTime=1861195, deviceId=0, source=0x1002 }
09-24 10:10:40.636   196   196 D AudioPolicyManagerBase: getOutput() device 2, stream 1, samplingRate 0, format 0, channelMask 3, flags 0
09-24 10:10:40.636   196   196 D AudioPolicyManagerBase: getOutput() returns output 2
