09-24 18:26:32.189  1331  4507 D ActivityManager: mImportantUids connections =1000 by uid = 10401 ConnectionRecord =ConnectionRecord{d18c6d6 u0 CR !FG UI !VIS io.github.ylimit.droidbotapp/.DroidBotIME:@a6a8af1}
09-24 18:26:32.212  1331  4584 D ActivityManager: mImportantUids connections =1000 by uid = 10401 ConnectionRecord =ConnectionRecord{51b305 u0 CR FGSA io.github.ylimit.droidbotapp/io.github.privacystreams.accessibility.PSAccessibilityService:@a5de7c}
09-24 18:26:32.212  1331  4584 D ActivityManager: mImportantUids connections =1000 by uid = 10401 ConnectionRecord =ConnectionRecord{d18c6d6 u0 CR !FG UI !VIS io.github.ylimit.droidbotapp/.DroidBotIME:@a6a8af1}
09-24 18:26:32.232  1331  4614 D ActivityManager: mImportantUids connections =1000 by uid = 10401 ConnectionRecord =ConnectionRecord{51b305 u0 CR FGSA io.github.ylimit.droidbotapp/io.github.privacystreams.accessibility.PSAccessibilityService:@a5de7c}
09-24 18:26:32.232  1331  4614 D ActivityManager: mImportantUids connections =1000 by uid = 10401 ConnectionRecord =ConnectionRecord{d18c6d6 u0 CR !FG UI !VIS io.github.ylimit.droidbotapp/.DroidBotIME:@a6a8af1}
09-24 18:26:32.309  1331  4398 D ActivityManager: mImportantUids connections =1000 by uid = 10401 ConnectionRecord =ConnectionRecord{51b305 u0 CR FGSA io.github.ylimit.droidbotapp/io.github.privacystreams.accessibility.PSAccessibilityService:@a5de7c}
09-24 18:26:32.309  1331  4398 D ActivityManager: mImportantUids connections =1000 by uid = 10401 ConnectionRecord =ConnectionRecord{d18c6d6 u0 CR !FG UI !VIS io.github.ylimit.droidbotapp/.DroidBotIME:@a6a8af1}
09-24 18:26:32.337  4372  4383 I art     : Background partial concurrent mark sweep GC freed 161776(7MB) AllocSpace objects, 282(12MB) LOS objects, 40% free, 22MB/38MB, paused 12.786ms total 583.461ms
09-24 18:26:32.354  1331  4500 D ActivityManager: mImportantUids connections =1000 by uid = 10401 ConnectionRecord =ConnectionRecord{51b305 u0 CR FGSA io.github.ylimit.droidbotapp/io.github.privacystreams.accessibility.PSAccessibilityService:@a5de7c}
09-24 18:26:32.354  1331  4500 D ActivityManager: mImportantUids connections =1000 by uid = 10401 ConnectionRecord =ConnectionRecord{d18c6d6 u0 CR !FG UI !VIS io.github.ylimit.droidbotapp/.DroidBotIME:@a6a8af1}
09-24 18:26:32.383  1331  3823 D ActivityManager: mImportantUids connections =1000 by uid = 10401 ConnectionRecord =ConnectionRecord{51b305 u0 CR FGSA io.github.ylimit.droidbotapp/io.github.privacystreams.accessibility.PSAccessibilityService:@a5de7c}
09-24 18:26:32.383  1331  3823 D ActivityManager: mImportantUids connections =1000 by uid = 10401 ConnectionRecord =ConnectionRecord{d18c6d6 u0 CR !FG UI !VIS io.github.ylimit.droidbotapp/.DroidBotIME:@a6a8af1}
09-24 18:26:32.723  1331  4402 D GpsLocationProvider: reportNmea $GPGSV,2,1,07,05,12,108,,08,00,000,,10,16,299,,12,00,000,*7D  timestamp = 1506248792723
09-24 18:26:32.724  1331  4402 D GpsLocationProvider: reportNmea $GPGSV,2,2,07,13,29,050,,14,00,000,,15,61,039,*4E  timestamp = 1506248792724
09-24 18:26:32.724  1331  4402 D GpsLocationProvider: reportNmea $GLGSV,3,1,11,66,09,080,,82,20,215,,77,44,090,,76,15,028,*6E  timestamp = 1506248792724
09-24 18:26:32.724  1331  4402 D GpsLocationProvider: reportNmea $GLGSV,3,2,11,79,00,000,,69,01,282,,84,15,330,,83,38,272,*63  timestamp = 1506248792724
09-24 18:26:32.724  1331  4402 D GpsLocationProvider: reportNmea $GLGSV,3,3,11,81,00,000,,67,49,039,,68,41,312,*51  timestamp = 1506248792724
09-24 18:26:32.724  1331  4402 D GpsLocationProvider: reportNmea $GPGSA,A,1,,,,,,,,,,,,,,,*1E  timestamp = 1506248792724
09-24 18:26:32.724  1331  4402 D GpsLocationProvider: reportNmea $GPVTG,,T,,M,,N,,K,N*2C  timestamp = 1506248792724
09-24 18:26:32.724  1331  4402 D GpsLocationProvider: reportNmea $GPRMC,,V,,,,,,,,,,N*53  timestamp = 1506248792724
09-24 18:26:32.724  1331  4402 D GpsLocationProvider: reportNmea $GPGGA,,,,,,0,,,,,,,,*66  timestamp = 1506248792724
09-24 18:26:33.097   357   357 W auditd  : type=1400 "ps""/proc/350""proc"
09-24 18:26:33.097   357   357 W auditd  : type=1400 "ps""task""proc"
09-24 18:26:33.190  1331  3774 D WifiStateMachine: starting scan for "tmliu"-WPA_PSK with 2462
09-24 18:26:33.190  4131  4131 D wpa_supplicant: wlan0: Control interface command 'SCAN TYPE=ONLY freq=2462'
09-24 18:26:33.190  4131  4131 D wpa_supplicant: wlan0: Setting scan request: 0.000000 sec
09-24 18:26:33.190  4131  4131 D wpa_supplicant: CTRL-DEBUG: global_ctrl_sock-sendto: sock=12 sndbuf=212992 outq=0 send_len=3
09-24 18:26:33.190  4131  4131 D wpa_supplicant: wlan0: Starting AP scan for wildcard SSID
09-24 18:26:33.190  4131  4131 D wpa_supplicant: wlan0: Limit manual scan to specified channels
09-24 18:26:33.190  4131  4131 D wpa_supplicant: wlan0: Add radio work 'scan'@0x7f830dc280
09-24 18:26:33.190  4131  4131 D wpa_supplicant: wlan0: First radio work item in the queue - schedule start immediately
09-24 18:26:33.191  4131  4131 D wpa_supplicant: wlan0: Starting radio work 'scan'@0x7f830dc280 after 0.000089 second wait
09-24 18:26:33.191  4131  4131 D wpa_supplicant: wlan0: nl80211: scan request
09-24 18:26:33.191  4131  4131 D wpa_supplicant: nl80211: Scan SSID - hexdump(len=0): [NULL]
09-24 18:26:33.191  4131  4131 D wpa_supplicant: nl80211: Scan extra IEs - hexdump(len=7): 7f 05 00 00 0a 02 01
09-24 18:26:33.191  4131  4131 D wpa_supplicant: nl80211: Scan frequency 2462 MHz
09-24 18:26:33.191  4131  4131 D wpa_supplicant: Scan requested (ret=0) - scan timeout 30 seconds
09-24 18:26:33.192  4131  4131 D wpa_supplicant: nl80211: Event message available
09-24 18:26:33.192  4131  4131 D wpa_supplicant: nl80211: Drv Event 33 (NL80211_CMD_TRIGGER_SCAN) received for wlan0
09-24 18:26:33.192  4131  4131 D wpa_supplicant: wlan0: nl80211: Scan trigger
09-24 18:26:33.192  4131  4131 D wpa_supplicant: wlan0: Event SCAN_STARTED (47) received
09-24 18:26:33.192  4131  4131 D wpa_supplicant: wlan0: Own scan request started a scan in 0.000463 seconds
09-24 18:26:33.192  4131  4131 D wpa_supplicant: CTRL-DEBUG: ctrl_sock-sendmsg: sock=12 sndbuf=212992 outq=0 send_len=24
09-24 18:26:33.192  4131  4131 D wpa_supplicant: CTRL_IFACE monitor sent successfully to /data/misc/wifi/sockets/wpa_ctrl_565-2\x00
09-24 18:26:33.192  4131  4131 D wpa_supplicant: CTRL-DEBUG: ctrl_sock-sendmsg: sock=12 sndbuf=212992 outq=768 send_len=24
09-24 18:26:33.194  4131  4131 D wpa_supplicant: CTRL_IFACE monitor sent successfully to /data/misc/wifi/sockets/wpa_ctrl_1331-2\x00
09-24 18:26:33.344  4131  4131 D wpa_supplicant: nl80211: Event message available
09-24 18:26:33.344  4131  4131 D wpa_supplicant: nl80211: Drv Event 34 (NL80211_CMD_NEW_SCAN_RESULTS) received for wlan0
09-24 18:26:33.344  4131  4131 D wpa_supplicant: wlan0: nl80211: New scan results available
09-24 18:26:33.344  4131  4131 D wpa_supplicant: nl80211: Scan included frequencies: 2462
09-24 18:26:33.344  4131  4131 D wpa_supplicant: wlan0: Event SCAN_RESULTS (3) received
09-24 18:26:33.344  4131  4131 D wpa_supplicant: wlan0: Scan completed in 0.152000 seconds
09-24 18:26:33.344  4131  4131 D wpa_supplicant: nl80211: Associated on 2462 MHz
09-24 18:26:33.344  4131  4131 D wpa_supplicant: nl80211: Associated with 24:05:0f:8a:bd:f3
09-24 18:26:33.344  4131  4131 D wpa_supplicant: nl80211: Received scan results (12 BSSes)
09-24 18:26:33.344  4131  4131 D wpa_supplicant: nl80211: Scan results indicate BSS status with 24:05:0f:8a:bd:f3 as associated
09-24 18:26:33.344  4131  4131 D wpa_supplicant: wlan0: BSS: Start scan result update 253
09-24 18:26:33.344  4131  4131 D wpa_supplicant: BSS: last_scan_res_used=12/64
09-24 18:26:33.344  4131  4131 D wpa_supplicant: wlan0: Scan-only results received
09-24 18:26:33.345  4131  4131 D wpa_supplicant: CTRL-DEBUG: ctrl_sock-sendmsg: sock=12 sndbuf=212992 outq=0 send_len=24
09-24 18:26:33.345  4131  4131 D wpa_supplicant: CTRL_IFACE monitor sent successfully to /data/misc/wifi/sockets/wpa_ctrl_565-2\x00
09-24 18:26:33.345  4131  4131 D wpa_supplicant: CTRL-DEBUG: ctrl_sock-sendmsg: sock=12 sndbuf=212992 outq=768 send_len=24
09-24 18:26:33.345  4131  4131 D wpa_supplicant: CTRL_IFACE monitor sent successfully to /data/misc/wifi/sockets/wpa_ctrl_1331-2\x00
09-24 18:26:33.345  4131  4131 D wpa_supplicant: wlan0: Radio work 'scan'@0x7f830dc280 done in 0.154210 seconds
09-24 18:26:33.345  4131  4131 D wpa_supplicant: wlan0: Control interface command 'SCAN_RESULTS'
09-24 18:26:33.346  4131  4131 D wpa_supplicant: CTRL-DEBUG: global_ctrl_sock-sendto: sock=12 sndbuf=212992 outq=768 send_len=2321
09-24 18:26:33.347  4131  4131 D wpa_supplicant: wlan0: Control interface command 'SCAN_RESULTS'
09-24 18:26:33.348  4131  4131 D wpa_supplicant: CTRL-DEBUG: global_ctrl_sock-sendto: sock=12 sndbuf=212992 outq=0 send_len=2321
09-24 18:26:33.361  4131  4131 D wpa_supplicant: CTRL-DEBUG: global_ctrl_sock-sendto: sock=12 sndbuf=212992 outq=0 send_len=4039
09-24 18:26:33.365  4131  4131 D wpa_supplicant: CTRL-DEBUG: global_ctrl_sock-sendto: sock=12 sndbuf=212992 outq=0 send_len=3657
09-24 18:26:33.368  4131  4131 D wpa_supplicant: CTRL-DEBUG: global_ctrl_sock-sendto: sock=12 sndbuf=212992 outq=0 send_len=3516
09-24 18:26:33.372  4131  4131 D wpa_supplicant: CTRL-DEBUG: global_ctrl_sock-sendto: sock=12 sndbuf=212992 outq=0 send_len=3845
09-24 18:26:33.375  4131  4131 D wpa_supplicant: CTRL-DEBUG: global_ctrl_sock-sendto: sock=12 sndbuf=212992 outq=0 send_len=2219
09-24 18:26:33.393  4131  4131 D wpa_supplicant: EAPOL: EAP Session-Id not available
09-24 18:26:33.393  4131  4131 D wpa_supplicant: CTRL-DEBUG: global_ctrl_sock-sendto: sock=12 sndbuf=212992 outq=0 send_len=268
09-24 18:26:33.722  1331  4402 D GpsLocationProvider: reportNmea $GPGSV,2,1,07,05,12,108,,08,00,000,,10,16,299,,12,00,000,*7D  timestamp = 1506248793722
09-24 18:26:33.723  1331  4402 D GpsLocationProvider: reportNmea $GPGSV,2,2,07,13,29,050,,14,00,000,,15,61,039,*4E  timestamp = 1506248793722
09-24 18:26:33.723  1331  4402 D GpsLocationProvider: reportNmea $GLGSV,3,1,11,66,09,080,,82,20,215,,77,44,090,,76,15,028,*6E  timestamp = 1506248793723
09-24 18:26:33.723  1331  4402 D GpsLocationProvider: reportNmea $GLGSV,3,2,11,79,00,000,,69,01,282,,84,15,330,,83,38,272,*63  timestamp = 1506248793723
09-24 18:26:33.723  1331  4402 D GpsLocationProvider: reportNmea $GLGSV,3,3,11,81,00,000,,67,49,039,,68,41,312,*51  timestamp = 1506248793723
09-24 18:26:33.727  1331  4402 D GpsLocationProvider: reportNmea $GPGSA,A,1,,,,,,,,,,,,,,,*1E  timestamp = 1506248793727
09-24 18:26:33.728  1331  4402 D GpsLocationProvider: reportNmea $GPVTG,,T,,M,,N,,K,N*2C  timestamp = 1506248793728
09-24 18:26:33.728  1331  4402 D GpsLocationProvider: reportNmea $GPRMC,,V,,,,,,,,,,N*53  timestamp = 1506248793728
09-24 18:26:33.728  1331  4402 D GpsLocationProvider: reportNmea $GPGGA,,,,,,0,,,,,,,,*66  timestamp = 1506248793728
09-24 18:26:33.833 14671 14671 W ResourceType: No package identifier when getting name for resource number 0x00018704
09-24 18:26:33.833 14671 14671 W ResourceType: No package identifier when getting name for resource number 0x00000001
09-24 18:26:33.834 14671 14671 W ResourceType: No package identifier when getting name for resource number 0x00000002
09-24 18:26:33.834 14671 14671 W ResourceType: No package identifier when getting name for resource number 0x000f0002
09-24 18:26:33.835 14671 14671 W ResourceType: No package identifier when getting name for resource number 0x00000001
09-24 18:26:33.836 14671 14671 W ResourceType: No package identifier when getting name for resource number 0x000f0001
09-24 18:26:33.836 14671 14671 W ResourceType: No package identifier when getting name for resource number 0x000f0002
09-24 18:26:33.837 14671 14671 W ResourceType: No package identifier when getting name for resource number 0x000f0002
09-24 18:26:33.838 14671 14671 W ResourceType: No package identifier when getting name for resource number 0x00000001
09-24 18:26:33.838 14671 14671 W ResourceType: No package identifier when getting name for resource number 0x00000064
09-24 18:26:33.838 14671 14671 W ResourceType: No package identifier when getting name for resource number 0x00000065
09-24 18:26:33.839 14671 14671 W ResourceType: No package identifier when getting name for resource number 0x00000068
09-24 18:26:33.841 14671 14671 W ResourceType: No package identifier when getting name for resource number 0x00000066
09-24 18:26:33.841 14671 14671 W ResourceType: No package identifier when getting name for resource number 0x00000067
09-24 18:26:33.842 14671 14671 W ResourceType: No package identifier when getting name for resource number 0x00000062
09-24 18:26:33.842 14671 14671 W ResourceType: No package identifier when getting name for resource number 0x000000c8
09-24 18:26:33.846 14671 14671 W ResourceType: No package identifier when getting name for resource number 0x000000ca
09-24 18:26:33.846 14671 14671 W ResourceType: No package identifier when getting name for resource number 0x000000cb
09-24 18:26:33.848 14671 14671 W ResourceType: No package identifier when getting name for resource number 0x000000c9
09-24 18:26:33.849 14671 14671 W ResourceType: No package identifier when getting name for resource number 0x00000061
09-24 18:26:34.093 14671 14671 W ResourceType: No package identifier when getting name for resource number 0x00018704
09-24 18:26:34.094 14671 14671 W ResourceType: No package identifier when getting name for resource number 0x00000001
09-24 18:26:34.094 14671 14671 W ResourceType: No package identifier when getting name for resource number 0x00000002
09-24 18:26:34.094 14671 14671 W ResourceType: No package identifier when getting name for resource number 0x000f0002
09-24 18:26:34.096 14671 14671 W ResourceType: No package identifier when getting name for resource number 0x00000001
09-24 18:26:34.096 14671 14671 W ResourceType: No package identifier when getting name for resource number 0x000f0001
09-24 18:26:34.097 14671 14671 W ResourceType: No package identifier when getting name for resource number 0x000f0002
09-24 18:26:34.097 14671 14671 W ResourceType: No package identifier when getting name for resource number 0x000f0002
09-24 18:26:34.098 14671 14671 W ResourceType: No package identifier when getting name for resource number 0x00000001
09-24 18:26:34.098 14671 14671 W ResourceType: No package identifier when getting name for resource number 0x00000064
09-24 18:26:34.099 14671 14671 W ResourceType: No package identifier when getting name for resource number 0x00000065
09-24 18:26:34.099 14671 14671 W ResourceType: No package identifier when getting name for resource number 0x00000068
09-24 18:26:34.099 14671 14671 W ResourceType: No package identifier when getting name for resource number 0x00000066
09-24 18:26:34.100 14671 14671 W ResourceType: No package identifier when getting name for resource number 0x00000067
09-24 18:26:34.100 14671 14671 W ResourceType: No package identifier when getting name for resource number 0x00000062
09-24 18:26:34.100 14671 14671 W ResourceType: No package identifier when getting name for resource number 0x000000c8
09-24 18:26:34.101 14671 14671 W ResourceType: No package identifier when getting name for resource number 0x000000ca
09-24 18:26:34.101 14671 14671 W ResourceType: No package identifier when getting name for resource number 0x000000cb
09-24 18:26:34.101 14671 14671 W ResourceType: No package identifier when getting name for resource number 0x000000c9
09-24 18:26:34.102 14671 14671 W ResourceType: No package identifier when getting name for resource number 0x00000061
09-24 18:26:34.438 14671 14671 W ResourceType: No package identifier when getting name for resource number 0x00018704
09-24 18:26:34.439 14671 14671 W ResourceType: No package identifier when getting name for resource number 0x00000001
09-24 18:26:34.439 14671 14671 W ResourceType: No package identifier when getting name for resource number 0x00000002
09-24 18:26:34.440 14671 14671 W ResourceType: No package identifier when getting name for resource number 0x000f0002
09-24 18:26:34.441 14671 14671 W ResourceType: No package identifier when getting name for resource number 0x00000001
09-24 18:26:34.441 14671 14671 W ResourceType: No package identifier when getting name for resource number 0x000f0001
09-24 18:26:34.442 14671 14671 W ResourceType: No package identifier when getting name for resource number 0x000f0002
09-24 18:26:34.443 14671 14671 W ResourceType: No package identifier when getting name for resource number 0x000f0002
09-24 18:26:34.444 14671 14671 W ResourceType: No package identifier when getting name for resource number 0x00000001
09-24 18:26:34.444 14671 14671 W ResourceType: No package identifier when getting name for resource number 0x00000064
09-24 18:26:34.445 14671 14671 W ResourceType: No package identifier when getting name for resource number 0x00000065
09-24 18:26:34.445 14671 14671 W ResourceType: No package identifier when getting name for resource number 0x00000068
09-24 18:26:34.446 14671 14671 W ResourceType: No package identifier when getting name for resource number 0x00000066
09-24 18:26:34.446 14671 14671 W ResourceType: No package identifier when getting name for resource number 0x00000067
09-24 18:26:34.446 14671 14671 W ResourceType: No package identifier when getting name for resource number 0x00000062
09-24 18:26:34.447 14671 14671 W ResourceType: No package identifier when getting name for resource number 0x000000c8
09-24 18:26:34.447 14671 14671 W ResourceType: No package identifier when getting name for resource number 0x000000ca
09-24 18:26:34.447 14671 14671 W ResourceType: No package identifier when getting name for resource number 0x000000cb
09-24 18:26:34.448 14671 14671 W ResourceType: No package identifier when getting name for resource number 0x000000c9
09-24 18:26:34.448 14671 14671 W ResourceType: No package identifier when getting name for resource number 0x00000061
09-24 18:26:34.494  1331  4620 D ActivityManager: mImportantUids connections =1000 by uid = 10401 ConnectionRecord =ConnectionRecord{51b305 u0 CR FGSA io.github.ylimit.droidbotapp/io.github.privacystreams.accessibility.PSAccessibilityService:@a5de7c}
09-24 18:26:34.495  1331  4620 D ActivityManager: mImportantUids connections =1000 by uid = 10401 ConnectionRecord =ConnectionRecord{d18c6d6 u0 CR !FG UI !VIS io.github.ylimit.droidbotapp/.DroidBotIME:@a6a8af1}
09-24 18:26:34.507  4131  4131 D wpa_supplicant: wlan0: Control interface command 'SIGNAL_POLL'
09-24 18:26:34.515  4131  4131 D wpa_supplicant: CTRL-DEBUG: global_ctrl_sock-sendto: sock=12 sndbuf=212992 outq=0 send_len=48
09-24 18:26:34.682 14671 14671 W ResourceType: No package identifier when getting name for resource number 0x00018704
09-24 18:26:34.683 14671 14671 W ResourceType: No package identifier when getting name for resource number 0x00000001
09-24 18:26:34.683 14671 14671 W ResourceType: No package identifier when getting name for resource number 0x00000002
09-24 18:26:34.684 14671 14671 W ResourceType: No package identifier when getting name for resource number 0x000f0002
09-24 18:26:34.685 14671 14671 W ResourceType: No package identifier when getting name for resource number 0x00000001
09-24 18:26:34.686 14671 14671 W ResourceType: No package identifier when getting name for resource number 0x000f0001
09-24 18:26:34.686 14671 14671 W ResourceType: No package identifier when getting name for resource number 0x000f0002
09-24 18:26:34.687 14671 14671 W ResourceType: No package identifier when getting name for resource number 0x000f0002
09-24 18:26:34.687 14671 14671 W ResourceType: No package identifier when getting name for resource number 0x00000001
09-24 18:26:34.688 14671 14671 W ResourceType: No package identifier when getting name for resource number 0x00000064
09-24 18:26:34.689 14671 14671 W ResourceType: No package identifier when getting name for resource number 0x00000065
09-24 18:26:34.689 14671 14671 W ResourceType: No package identifier when getting name for resource number 0x00000068
09-24 18:26:34.690 14671 14671 W ResourceType: No package identifier when getting name for resource number 0x00000066
09-24 18:26:34.690 14671 14671 W ResourceType: No package identifier when getting name for resource number 0x00000067
09-24 18:26:34.690 14671 14671 W ResourceType: No package identifier when getting name for resource number 0x00000062
09-24 18:26:34.693 14671 14671 W ResourceType: No package identifier when getting name for resource number 0x000000c8
09-24 18:26:34.694 14671 14671 W ResourceType: No package identifier when getting name for resource number 0x000000ca
09-24 18:26:34.695 14671 14671 W ResourceType: No package identifier when getting name for resource number 0x000000cb
09-24 18:26:34.696 14671 14671 W ResourceType: No package identifier when getting name for resource number 0x000000c9
09-24 18:26:34.696 14671 14671 W ResourceType: No package identifier when getting name for resource number 0x00000061
09-24 18:26:34.723  1331  4402 D GpsLocationProvider: reportNmea $GPGSV,2,1,07,05,12,108,,08,00,000,,10,16,299,,12,00,000,*7D  timestamp = 1506248794723
09-24 18:26:34.723  1331  4402 D GpsLocationProvider: reportNmea $GPGSV,2,2,07,13,29,050,,14,00,000,,15,61,039,*4E  timestamp = 1506248794723
09-24 18:26:34.723  1331  4402 D GpsLocationProvider: reportNmea $GLGSV,3,1,11,66,09,080,,82,20,215,,77,44,090,,76,15,028,*6E  timestamp = 1506248794723
09-24 18:26:34.723  1331  4402 D GpsLocationProvider: reportNmea $GLGSV,3,2,11,79,00,000,,69,01,282,,84,15,330,,83,38,272,*63  timestamp = 1506248794723
09-24 18:26:34.724  1331  4402 D GpsLocationProvider: reportNmea $GLGSV,3,3,11,81,00,000,,67,49,039,,68,41,312,*51  timestamp = 1506248794724
09-24 18:26:34.724  1331  4402 D GpsLocationProvider: reportNmea $GPGSA,A,1,,,,,,,,,,,,,,,*1E  timestamp = 1506248794724
09-24 18:26:34.724  1331  4402 D GpsLocationProvider: reportNmea $GPVTG,,T,,M,,N,,K,N*2C  timestamp = 1506248794724
09-24 18:26:34.724  1331  4402 D GpsLocationProvider: reportNmea $GPRMC,,V,,,,,,,,,,N*53  timestamp = 1506248794724
09-24 18:26:34.724  1331  4402 D GpsLocationProvider: reportNmea $GPGGA,,,,,,0,,,,,,,,*66  timestamp = 1506248794724
09-24 18:26:34.828   357   357 W auditd  : type=1400 "ps""/proc/350""proc"
09-24 18:26:34.831   357   357 W auditd  : type=1400 "ps""task""proc"
09-24 18:26:35.051  1331  1331 I DeviceIdleController: updateChargingLocked: charging=true
09-24 18:26:35.052  1331  1331 I DeviceIdleController: becomeActiveLocked, reason = charging
09-24 18:26:35.058  5111  5111 D AbstractProcessor: onBatteryChange Percent:62 State:2 
09-24 18:26:35.101 14671 14671 W ResourceType: No package identifier when getting name for resource number 0x00018704
09-24 18:26:35.103 14671 14671 W ResourceType: No package identifier when getting name for resource number 0x00000001
09-24 18:26:35.105 14671 14671 W ResourceType: No package identifier when getting name for resource number 0x00000002
09-24 18:26:35.105 14671 14671 W ResourceType: No package identifier when getting name for resource number 0x000f0002
09-24 18:26:35.106 14671 14671 W ResourceType: No package identifier when getting name for resource number 0x00000001
09-24 18:26:35.107 14671 14671 W ResourceType: No package identifier when getting name for resource number 0x000f0001
09-24 18:26:35.108 14671 14671 W ResourceType: No package identifier when getting name for resource number 0x000f0002
09-24 18:26:35.108 14671 14671 W ResourceType: No package identifier when getting name for resource number 0x000f0002
09-24 18:26:35.124 14671 14671 W ResourceType: No package identifier when getting name for resource number 0x00000001
09-24 18:26:35.125 14671 14671 W ResourceType: No package identifier when getting name for resource number 0x00000064
09-24 18:26:35.125 14671 14671 W ResourceType: No package identifier when getting name for resource number 0x00000065
09-24 18:26:35.126 14671 14671 W ResourceType: No package identifier when getting name for resource number 0x00000068
09-24 18:26:35.126 14671 14671 W ResourceType: No package identifier when getting name for resource number 0x00000066
09-24 18:26:35.127 14671 14671 W ResourceType: No package identifier when getting name for resource number 0x00000067
09-24 18:26:35.127 14671 14671 W ResourceType: No package identifier when getting name for resource number 0x00000062
09-24 18:26:35.127 14671 14671 W ResourceType: No package identifier when getting name for resource number 0x000000c8
09-24 18:26:35.128 14671 14671 W ResourceType: No package identifier when getting name for resource number 0x000000ca
09-24 18:26:35.128 14671 14671 W ResourceType: No package identifier when getting name for resource number 0x000000cb
09-24 18:26:35.128 14671 14671 W ResourceType: No package identifier when getting name for resource number 0x000000c9
09-24 18:26:35.129 14671 14671 W ResourceType: No package identifier when getting name for resource number 0x00000061
09-24 18:26:35.405 14671 14671 W ResourceType: No package identifier when getting name for resource number 0x00018704
09-24 18:26:35.405 14671 14671 W ResourceType: No package identifier when getting name for resource number 0x00000001
09-24 18:26:35.406 14671 14671 W ResourceType: No package identifier when getting name for resource number 0x00000002
09-24 18:26:35.406 14671 14671 W ResourceType: No package identifier when getting name for resource number 0x000f0002
09-24 18:26:35.407 14671 14671 W ResourceType: No package identifier when getting name for resource number 0x00000001
09-24 18:26:35.408 14671 14671 W ResourceType: No package identifier when getting name for resource number 0x000f0001
09-24 18:26:35.408 14671 14671 W ResourceType: No package identifier when getting name for resource number 0x000f0002
09-24 18:26:35.409 14671 14671 W ResourceType: No package identifier when getting name for resource number 0x000f0002
09-24 18:26:35.410 14671 14671 W ResourceType: No package identifier when getting name for resource number 0x00000001
09-24 18:26:35.410 14671 14671 W ResourceType: No package identifier when getting name for resource number 0x00000064
09-24 18:26:35.411 14671 14671 W ResourceType: No package identifier when getting name for resource number 0x00000065
09-24 18:26:35.411 14671 14671 W ResourceType: No package identifier when getting name for resource number 0x00000068
09-24 18:26:35.412 14671 14671 W ResourceType: No package identifier when getting name for resource number 0x00000066
09-24 18:26:35.412 14671 14671 W ResourceType: No package identifier when getting name for resource number 0x00000067
09-24 18:26:35.412 14671 14671 W ResourceType: No package identifier when getting name for resource number 0x00000062
09-24 18:26:35.414 14671 14671 W ResourceType: No package identifier when getting name for resource number 0x000000c8
09-24 18:26:35.414 14671 14671 W ResourceType: No package identifier when getting name for resource number 0x000000ca
09-24 18:26:35.415 14671 14671 W ResourceType: No package identifier when getting name for resource number 0x000000cb
09-24 18:26:35.416 14671 14671 W ResourceType: No package identifier when getting name for resource number 0x000000c9
09-24 18:26:35.416 14671 14671 W ResourceType: No package identifier when getting name for resource number 0x00000061
09-24 18:26:35.724  1331  4402 D GpsLocationProvider: reportNmea $GPGSV,2,1,07,05,12,108,,08,00,000,,10,16,299,,12,00,000,*7D  timestamp = 1506248795723
09-24 18:26:35.724  1331  4402 D GpsLocationProvider: reportNmea $GPGSV,2,2,07,13,29,050,,14,00,000,,15,61,039,*4E  timestamp = 1506248795724
09-24 18:26:35.724  1331  4402 D GpsLocationProvider: reportNmea $GLGSV,3,1,11,66,09,080,,82,20,215,,77,44,090,,76,15,028,*6E  timestamp = 1506248795724
09-24 18:26:35.724  1331  4402 D GpsLocationProvider: reportNmea $GLGSV,3,2,11,79,00,000,,69,01,282,,84,15,330,,83,38,272,*63  timestamp = 1506248795724
09-24 18:26:35.724  1331  4402 D GpsLocationProvider: reportNmea $GLGSV,3,3,11,81,00,000,,67,49,039,,68,41,312,*51  timestamp = 1506248795724
09-24 18:26:35.725  1331  4402 D GpsLocationProvider: reportNmea $GPGSA,A,1,,,,,,,,,,,,,,,*1E  timestamp = 1506248795724
09-24 18:26:35.725  1331  4402 D GpsLocationProvider: reportNmea $GPVTG,,T,,M,,N,,K,N*2C  timestamp = 1506248795725
09-24 18:26:35.725  1331  4402 D GpsLocationProvider: reportNmea $GPRMC,,V,,,,,,,,,,N*53  timestamp = 1506248795725
09-24 18:26:35.725  1331  4402 D GpsLocationProvider: reportNmea $GPGGA,,,,,,0,,,,,,,,*66  timestamp = 1506248795725
09-24 18:26:36.493   357   357 W auditd  : type=1400 "ps""/proc/350""proc"
09-24 18:26:36.496   357   357 W auditd  : type=1400 "ps""task""proc"
09-24 18:26:36.724  1331  4402 D GpsLocationProvider: reportNmea $GPGSV,2,1,07,05,12,108,,08,00,000,,10,16,299,,12,00,000,*7D  timestamp = 1506248796724
09-24 18:26:36.724  1331  4402 D GpsLocationProvider: reportNmea $GPGSV,2,2,07,13,29,050,,14,00,000,,15,61,039,*4E  timestamp = 1506248796724
09-24 18:26:36.724  1331  4402 D GpsLocationProvider: reportNmea $GLGSV,3,1,11,66,09,080,,82,20,215,,77,44,090,,76,15,028,*6E  timestamp = 1506248796724
09-24 18:26:36.724  1331  4402 D GpsLocationProvider: reportNmea $GLGSV,3,2,11,79,00,000,,69,01,282,,84,15,330,,83,38,272,*63  timestamp = 1506248796724
09-24 18:26:36.724  1331  4402 D GpsLocationProvider: reportNmea $GLGSV,3,3,11,81,00,000,,67,49,039,,68,41,312,*51  timestamp = 1506248796724
09-24 18:26:36.724  1331  4402 D GpsLocationProvider: reportNmea $GPGSA,A,1,,,,,,,,,,,,,,,*1E  timestamp = 1506248796724
09-24 18:26:36.724  1331  4402 D GpsLocationProvider: reportNmea $GPVTG,,T,,M,,N,,K,N*2C  timestamp = 1506248796724
09-24 18:26:36.725  1331  4402 D GpsLocationProvider: reportNmea $GPRMC,,V,,,,,,,,,,N*53  timestamp = 1506248796725
09-24 18:26:36.725  1331  4402 D GpsLocationProvider: reportNmea $GPGGA,,,,,,0,,,,,,,,*66  timestamp = 1506248796725
09-24 18:26:36.914 15170 15170 D AndroidRuntime: >>>>>> START com.android.internal.os.RuntimeInit uid 2000 <<<<<<
09-24 18:26:36.927 15170 15170 D AndroidRuntime: CheckJNI is OFF
09-24 18:26:37.027 15170 15170 D ICU     : No timezone override file found: /data/misc/zoneinfo/current/icu/icu_tzdata.dat
09-24 18:26:37.111 15170 15170 I Radio-JNI: register_android_hardware_Radio DONE
09-24 18:26:37.179 15170 15170 D AndroidRuntime: Calling main entry com.android.commands.am.Am
09-24 18:26:37.187  1331  4622 I ActivityManager: START u0 {act=android.intent.action.MAIN cat=[android.intent.category.LAUNCHER] flg=0x10000000 cmp=com.heaven.assistant/.AcMain} from uid 2000 pid 15170 on display 0
09-24 18:26:37.193  3889  3889 I StatusBarIconController:  appTransitionPending
09-24 18:26:37.214  1331  4622 I ActivityManager_Thumbnails: Setting thumbnail of ActivityRecord{e781eb u0 com.android.browser/com.tencent.mtt.MainActivity t1123} to android.graphics.Bitmap@5699c86
09-24 18:26:37.218 14671 15182 E AbstractTracker: Can't create handler inside thread that has not called Looper.prepare()
09-24 18:26:37.218 14671 15182 D AppTracker: App Event: stop
09-24 18:26:37.231 15170 15170 D AndroidRuntime: Shutting down VM
09-24 18:26:37.261  1331  4398 D ActivityManager: mImportantUids connections =1000 by uid = 10401 ConnectionRecord =ConnectionRecord{51b305 u0 CR FGSA io.github.ylimit.droidbotapp/io.github.privacystreams.accessibility.PSAccessibilityService:@a5de7c}
09-24 18:26:37.261  1331  4398 D ActivityManager: mImportantUids connections =1000 by uid = 10401 ConnectionRecord =ConnectionRecord{d18c6d6 u0 CR !FG UI !VIS io.github.ylimit.droidbotapp/.DroidBotIME:@a6a8af1}
09-24 18:26:37.264  3889  3889 I StatusBarIconController:  appTransitionPending
09-24 18:26:37.278  1331  3656 D ActivityManager: mImportantUids connections =1000 by uid = 10401 ConnectionRecord =ConnectionRecord{51b305 u0 CR FGSA io.github.ylimit.droidbotapp/io.github.privacystreams.accessibility.PSAccessibilityService:@a5de7c}
09-24 18:26:37.278  1331  3656 D ActivityManager: mImportantUids connections =1000 by uid = 10401 ConnectionRecord =ConnectionRecord{d18c6d6 u0 CR !FG UI !VIS io.github.ylimit.droidbotapp/.DroidBotIME:@a6a8af1}
09-24 18:26:37.321  3889  3889 D PhoneStatusBar: setSystemUiVisibility vis=0 mask=ffffffff oldVal=a610 newVal=0 diff=a610
09-24 18:26:37.321  3889  3889 D PhoneStatusBar: checkBarMode:powerSave=false, getBarState()=0
09-24 18:26:37.321  3889  3889 D BarTransitions.PhoneStatusBarView: MODE_TRANSPARENT -> MODE_OPAQUE animate=true
09-24 18:26:37.321  3889  3889 D BarTransitions.PhoneStatusBarView: applyModeBackground oldMode=MODE_TRANSPARENT newMode=MODE_OPAQUE animate=true
09-24 18:26:37.322  3889  3889 I StatusBarIconController: setIconsDark dark:false animate:true currentDark:true mTransitionPending:true mTransitionDeferring:false mPendingDarkIntensity:0.0
09-24 18:26:37.322  3889  3889 I StatusBarIconController: animateIconTint:0.0 mDarkIntensity:1.0
09-24 18:26:37.322  3889  3889 I StatusBarIconController: setIconTintInternal:1.0
09-24 18:26:37.342  3889  3889 I StatusBarIconController: setIconTintInternal:1.0
09-24 18:26:37.381  3889  3889 D BarBackgroundDrawable: BarTransitions: draw: mode=MODE_OPAQUE, targetColor=0xff000000
09-24 18:26:37.382  3889  3889 D BarBackgroundDrawable: BarTransitions: drawColor:0x4d000000
09-24 18:26:37.385  3889  3889 I StatusBarIconController: appTransitionStarting
09-24 18:26:37.405  3889  3889 I StatusBarIconController: setIconTintInternal:0.94172597
09-24 18:26:37.417  3889  3889 D BarBackgroundDrawable: BarTransitions: draw: mode=MODE_OPAQUE, targetColor=0xff000000
09-24 18:26:37.417  3889  3889 D BarBackgroundDrawable: BarTransitions: drawColor:0x7a000000
09-24 18:26:37.418  3889  3889 W PathParser: Points are too far apart 4.030360828967057
09-24 18:26:37.418  3889  3889 W PathParser: Points are too far apart 4.030360538880159
09-24 18:26:37.433  3889  3889 I StatusBarIconController: setIconTintInternal:0.35622203
09-24 18:26:37.450  3889  3889 D BarBackgroundDrawable: BarTransitions: draw: mode=MODE_OPAQUE, targetColor=0xff000000
09-24 18:26:37.451  3889  3889 D BarBackgroundDrawable: BarTransitions: drawColor:0xa5000000
09-24 18:26:37.454  3889  3889 W PathParser: Points are too far apart 4.030360828967057
09-24 18:26:37.454  3889  3889 W PathParser: Points are too far apart 4.030360538880159
09-24 18:26:37.463  3889  3889 I StatusBarIconController: setIconTintInternal:0.06216371
09-24 18:26:37.475  3889  3889 D BarBackgroundDrawable: BarTransitions: draw: mode=MODE_OPAQUE, targetColor=0xff000000
09-24 18:26:37.475  3889  3889 D BarBackgroundDrawable: BarTransitions: drawColor:0xc4000000
09-24 18:26:37.477  3889  3889 W PathParser: Points are too far apart 4.030360828967057
09-24 18:26:37.477  3889  3889 W PathParser: Points are too far apart 4.030360538880159
09-24 18:26:37.506  1331  1339 I art     : Background partial concurrent mark sweep GC freed 22368(1892KB) AllocSpace objects, 20(444KB) LOS objects, 33% free, 25MB/38MB, paused 2.996ms total 292.524ms
09-24 18:26:37.533  4131  4131 D wpa_supplicant: wlan0: Control interface command 'SIGNAL_POLL'
09-24 18:26:37.537  4131  4131 D wpa_supplicant: CTRL-DEBUG: global_ctrl_sock-sendto: sock=12 sndbuf=212992 outq=0 send_len=48
09-24 18:26:37.547  3889  3889 I StatusBarIconController: setIconTintInternal:9.943843E-4
09-24 18:26:37.584  3889  3889 D BarBackgroundDrawable: BarTransitions: draw: mode=MODE_OPAQUE, targetColor=0xff000000
09-24 18:26:37.584  3889  3889 D BarBackgroundDrawable: BarTransitions: drawColor:0xff000000
09-24 18:26:37.586  3889  3889 W PathParser: Points are too far apart 4.030360828967057
09-24 18:26:37.586  3889  3889 W PathParser: Points are too far apart 4.030360538880159
09-24 18:26:37.617  3889  3889 I StatusBarIconController: setIconTintInternal:0.0
09-24 18:26:37.677  1331  4584 V NotificationService: enqueueNotificationInternal: pkg=com.heaven.assistant id=0 notification=Notification(pri=0 contentView=null vibrate=null sound=null tick defaults=0x0 flags=0x0 color=0x00000000 vis=PRIVATE)
09-24 18:26:37.679  1331  1331 V NotificationService: pkg=com.heaven.assistant canInterrupt=true intercept=true
09-24 18:26:37.699 14488 14488 I ResourcesManager: isUpToDate /system/priv-app/Contacts/Contacts.apk: true
09-24 18:26:37.723  3889  3889 D StatusBar: onNotificationPosted: begin: StatusBarNotification(pkg=com.heaven.assistant user=UserHandle{0} id=0 tag=null score=0 key=0|com.heaven.assistant|0|null|10494: Notification(pri=0 contentView=com.heaven.assistant/0x1090085 vibrate=null sound=null tick defaults=0x0 flags=0x0 color=0x00000000 vis=PRIVATE))
09-24 18:26:37.723  3889  3889 D StatusBar: shouldInterrupt: isFullscreen = false, isHighPriority = false, isNoisy = false, hasTicker = false
09-24 18:26:37.723  3889  3889 D StatusBar: interrupt: false
09-24 18:26:37.724  1331  4402 D GpsLocationProvider: reportNmea $GPGSV,2,1,07,05,12,108,,08,00,000,,10,16,299,,12,00,000,*7D  timestamp = 1506248797724
09-24 18:26:37.724  1331  4402 D GpsLocationProvider: reportNmea $GPGSV,2,2,07,13,29,050,,14,00,000,,15,61,039,*4E  timestamp = 1506248797724
09-24 18:26:37.725  1331  4402 D GpsLocationProvider: reportNmea $GLGSV,3,1,11,66,09,080,,82,20,215,,77,44,090,,76,15,028,*6E  timestamp = 1506248797725
09-24 18:26:37.725  1331  4402 D GpsLocationProvider: reportNmea $GLGSV,3,2,11,79,00,000,,69,01,282,,84,15,330,,83,38,272,*63  timestamp = 1506248797725
09-24 18:26:37.725  1331  4402 D GpsLocationProvider: reportNmea $GLGSV,3,3,11,81,00,000,,67,49,039,,68,41,312,*51  timestamp = 1506248797725
09-24 18:26:37.727  1331  4402 D GpsLocationProvider: reportNmea $GPGSA,A,1,,,,,,,,,,,,,,,*1E  timestamp = 1506248797726
09-24 18:26:37.727  1331  4402 D GpsLocationProvider: reportNmea $GPVTG,,T,,M,,N,,K,N*2C  timestamp = 1506248797727
09-24 18:26:37.727  1331  4402 D GpsLocationProvider: reportNmea $GPRMC,,V,,,,,,,,,,N*53  timestamp = 1506248797727
09-24 18:26:37.727  1331  4402 D GpsLocationProvider: reportNmea $GPGGA,,,,,,0,,,,,,,,*66  timestamp = 1506248797727
09-24 18:26:37.731  3889  3889 I ResourcesManager: isUpToDate /data/app/com.heaven.assistant-1/base.apk: true
09-24 18:26:37.731  3889  3889 E Theme   : Different package name.com.android.systemui,com.heaven.assistant
09-24 18:26:37.741  3889  3889 D StatusBar: onNotificationPosted: end
09-24 18:26:37.891 14488 14488 W cr_AwContents: onDetachedFromWindow called when already detached. Ignoring
09-24 18:26:37.911 14488 15202 W Settings: Setting install_non_market_apps has moved from android.provider.Settings.Global to android.provider.Settings.Secure, returning read-only value.
09-24 18:26:37.917 14488 14488 W cr_AwContents: onDetachedFromWindow called when already detached. Ignoring
09-24 18:26:37.937   357   357 W auditd  : type=1400 "Binder_7""socket:[434449]""sockfs"
09-24 18:26:37.938   357   357 W auditd  : type=1400 "Binder_7""socket:[434449]""sockfs"
09-24 18:26:37.938 14488 15203 W Settings: Setting install_non_market_apps has moved from android.provider.Settings.Global to android.provider.Settings.Secure, returning read-only value.
09-24 18:26:37.940 14488 14488 I Choreographer: Skipped 39 frames!  The application may be doing too much work on its main thread.
09-24 18:26:38.033   357   357 W auditd  : type=1400 "Binder_4""socket:[426676]""sockfs"
09-24 18:26:38.035   357   357 W auditd  : type=1400 "Binder_4""socket:[426676]""sockfs"
09-24 18:26:38.030  1331  3663 I ActivityManager: Displayed com.heaven.assistant/.AcMain: +796ms
09-24 18:26:38.182   357   357 W auditd  : type=1400 "ps""/proc/350""proc"
09-24 18:26:38.182   357   357 W auditd  : type=1400 "ps""task""proc"
09-24 18:26:38.189 14488 14488 E ExtMediaPlayer-JNI: env->IsInstanceOf fails
09-24 18:26:38.189 14488 14488 E MediaPlayer-JNI: JNIMediaPlayerFactory: bIsQCMediaPlayerPresent 0
09-24 18:26:38.189 14488 14488 E ExtMediaPlayer-JNI: env->IsInstanceOf fails
09-24 18:26:38.189 14488 14488 E MediaPlayer-JNI: JNIMediaPlayerFactory: bIsQCMediaPlayerPresent 0
09-24 18:26:38.194   540   540 D MediaPlayerService: LF player type = 4
09-24 18:26:38.195   540   540 I ExtendedNuUtils: printFileName fd(45) -> /data/app/com.heaven.assistant-1/base.apk
09-24 18:26:38.214   540 15207 I ExtendedExtractor: ExtendedExtractor::create 0x0
09-24 18:26:38.215   540 15206 D NuPlayerDriver: notifyListener_l(0xf0e1c3c0), (1, 0, 0)
09-24 18:26:38.215 14488 14488 D MediaPlayer: setSubtitleAnchor in MediaPlayer
09-24 18:26:38.233   540   540 D NuPlayerDriver: start(0xf0e1c3c0), state is 4, eos is 0
09-24 18:26:38.233   540 15206 I GenericSource: start
09-24 18:26:38.243   540 15206 D AudioPolicyManagerCustom: Offload denied by duration < audio.offload.min.duration.secs(=30)
09-24 18:26:38.244   540 15206 D AudioPolicyManagerCustom: Offload denied by duration < audio.offload.min.duration.secs(=30)
09-24 18:26:38.245   540 15206 D AudioPolicyManagerCustom: Offload denied by duration < audio.offload.min.duration.secs(=30)
09-24 18:26:38.246   540 15206 D AudioPolicyManagerCustom: Offload denied by duration < audio.offload.min.duration.secs(=30)
09-24 18:26:38.250   540 15210 D audio_hw_extn: audio_extn_get_parameters: returns 
09-24 18:26:38.250   540 15210 I str_params: key: 'is_hw_dec_session_available' value: 'audio/mpeg'
09-24 18:26:38.250   540 15210 D NuPlayerDecoder: LF MediaCodec::CreateByType ,select ComponentName+++++
09-24 18:26:38.265   540 15210 D NuPlayerDecoder: LF MediaCodec::CreateByType ,select ComponentName-----
09-24 18:26:38.265   540 15210 D NuPlayerDecoder: LF configure ComponentName+++++
09-24 18:26:38.265   540 15211 E OMXNodeInstance: setConfig(60:google.mp3.decoder, ConfigPriority(0x6f800002)) ERROR: Undefined(0x80001001)
09-24 18:26:38.265   540 15211 I ACodec  : codec does not support config priority (err -2147483648)
09-24 18:26:38.266   540 15210 D NuPlayerDecoder: LF configure ComponentName----
09-24 18:26:38.266   540 15211 I MediaCodec: MediaCodec will operate in async mode
09-24 18:26:38.280   540 15210 I ExtendedNuUtils: Both src and dst missing for durationUs
09-24 18:26:38.280   540 15210 I ExtendedNuUtils: Both src and dst missing for channel-mask
09-24 18:26:38.280   540 15210 D AudioPolicyManagerCustom: Offload denied by duration < audio.offload.min.duration.secs(=30)
09-24 18:26:38.281   540 15209 D APM-AudioPolicyManager: getOutput() device 2, stream 3, samplingRate 0, format 0, channelMask 3, flags 0
09-24 18:26:38.281   540 15209 D AudioPolicyManagerCustom: getOutput() The last flag  8
09-24 18:26:38.281   540 15209 I AudioPolicyManagerCustom: setting force DEEP buffer now 
09-24 18:26:38.281   540 15209 D AudioPolicyManagerCustom: getOutputForDevice() returns output 6
09-24 18:26:38.281   540 15209 D APM-AudioPolicyManager: getOutput() device 2, stream 3, samplingRate 0, format 0, channelMask 3, flags 0
09-24 18:26:38.281   540 15209 D AudioPolicyManagerCustom: getOutput() The last flag  8
09-24 18:26:38.281   540 15209 I AudioPolicyManagerCustom: setting force DEEP buffer now 
09-24 18:26:38.281   540 15209 D AudioPolicyManagerCustom: getOutputForDevice() returns output 6
09-24 18:26:38.281   540 15209 D AudioTrack: set(): streamType 3, sampleRate 44100, format 0x1, channelMask 0x3, frameCount 22050, flags #0, notificationFrames 0, sessionId 317, transferType 0, uid 10494, pid 14488
09-24 18:26:38.281   540 15209 D AudioPolicyManagerCustom: getOutput() The last flag  8
09-24 18:26:38.281   540 15209 I AudioPolicyManagerCustom: setting force DEEP buffer now 
09-24 18:26:38.281   540 15209 D AudioPolicyManagerCustom: getOutputForDevice() returns output 6
09-24 18:26:38.281   540 15209 D AudioFlinger: AudioOut_6 createTrack_l() stmType 3,typeVolume 0.000000,fc 22050,sId 317, flags 0
09-24 18:26:38.281   540 15209 D AudioFlinger: Creating track with 131072 buffers bytes.format 1,mFrameSize 4,mFrameCount 22050
09-24 18:26:38.282   540  3640 D APM-AudioPolicyManager: startOutput() output 6, stream 3, session 317
09-24 18:26:38.282   540  3640 D AudioPolicyManagerCustom: getNewOutputDevice() selected device 2
09-24 18:26:38.282   540  3640 D APM-AudioPolicyManager: setOutputDevice() device 0002 delayMs 0
09-24 18:26:38.284  3889  3889 D SystemServicesProxy: exclude com.android.packageinstaller
09-24 18:26:38.284  3889  3889 D SystemServicesProxy: add 8 Task
09-24 18:26:38.284  3889  3889 D RecentsTaskLoadPlan: preloadPlan, 8
09-24 18:26:38.286   540  3646 D audio_hw_primary: out_set_parameters: enter: usecase(0: deep-buffer-playback) kvpairs: routing=2
09-24 18:26:38.286   540  3640 D APM-AudioPolicyManager: startOutput()--
09-24 18:26:38.287   540 15206 D NuPlayerDriver: notifyListener_l(0xf0e1c3c0), (6, 0, 0)
09-24 18:26:38.296   540  3646 D audio_hw_primary: start_output_stream: enter: stream(0xf2988200)usecase(0: deep-buffer-playback) devices(0x2)
09-24 18:26:38.297   540  3646 D audio_hw_primary: select_devices: out_snd_device(2: speaker) in_snd_device(0: )
09-24 18:26:38.297   540  3646 W msm8974_platform: Codec backend bitwidth 16, samplerate 48000
09-24 18:26:38.297   540  3646 D hardware_info: hw_info_append_hw_type : device_name = speaker
09-24 18:26:38.297   540  3646 D audio_hw_primary: enable_snd_device: snd_device(2: speaker)
09-24 18:26:38.297   540  3646 I soundtrigger: audio_extn_sound_trigger_update_device_status: device 0x2 of type 0 for Event 1, with Raise=0
09-24 18:26:38.297   540  3646 I audio_hw_primary: select_devices Selected apptype: 69936
09-24 18:26:38.297   540  3646 E audio_hw_dolby: audio_extn_dolby_ds2_set_endpoint: Dolby set endpint :0x2
09-24 18:26:38.297   540  3646 D soundtrigger: audio_extn_sound_trigger_update_stream_status: uc_id 0 of type 0 for Event 3, with Raise=0
09-24 18:26:38.297   540  3646 D ACDB-LOADER: ACDB -> send_audio_cal, acdb_id = 15, path =  0
09-24 18:26:38.297   540  3646 D         : Failed to fetch the lookup information of the device 0000000F 
09-24 18:26:38.297   540  3646 D ACDB-LOADER: ACDB -> AUDIO_SET_AUDPROC_VOL_CAL
09-24 18:26:38.297   540  3646 D ACDB-LOADER: ACDB -> send_hw_delay : acdb_id = 15 path = 0
09-24 18:26:38.297   540  3646 I audio_hw_utils: audio_extn_utils_send_app_type_cfg app_type 69936, acdb_dev_id 15, sample_rate 48000
09-24 18:26:38.298   540  3646 D audio_hw_primary: enable_audio_route: apply mixer and update path: deep-buffer-playback speaker
09-24 18:26:38.299   540  3646 D audio_hw_primary: select_devices: done
09-24 18:26:38.305   540  3646 D msm8974_platform: platform_set_channel_map mixer_ctl_name:Playback Channel Map0
09-24 18:26:38.305   540  3646 D msm8974_platform: platform_set_channel_map: set mapping(1 2 0 0 0 0 0 0) for channel:2
09-24 18:26:38.368   540  3646 D audio_hw_primary: start_output_stream: exit
09-24 18:26:38.368   540  3646 D AudioResampler: resampler create load 18 -> 24 MHz due to delta +6 MHz from quality 6
09-24 18:26:38.557   540  3646 D AudioFlinger: mixer(0xf1840000) throttle end: throttle time(151)
09-24 18:26:38.694 14488 14488 W cr_AwContents: onDetachedFromWindow called when already detached. Ignoring
09-24 18:26:38.701 14488 14488 I cr_Ime  : ImeThread is not enabled.
09-24 18:26:38.725  1331  4402 D GpsLocationProvider: reportNmea $GPGSV,2,1,07,05,12,108,,08,00,000,,10,16,299,,12,00,000,*7D  timestamp = 1506248798725
09-24 18:26:38.725  1331  4402 D GpsLocationProvider: reportNmea $GPGSV,2,2,07,13,29,050,,14,00,000,,15,61,039,*4E  timestamp = 1506248798725
09-24 18:26:38.725  1331  4402 D GpsLocationProvider: reportNmea $GLGSV,3,1,11,66,09,080,,82,20,215,,77,44,090,,76,15,028,*6E  timestamp = 1506248798725
09-24 18:26:38.725  1331  4402 D GpsLocationProvider: reportNmea $GLGSV,3,2,11,79,00,000,,69,01,282,,84,15,330,,83,38,272,*63  timestamp = 1506248798725
09-24 18:26:38.725  1331  4402 D GpsLocationProvider: reportNmea $GLGSV,3,3,11,81,00,000,,67,49,039,,68,41,312,*51  timestamp = 1506248798725
09-24 18:26:38.725  1331  4402 D GpsLocationProvider: reportNmea $GPGSA,A,1,,,,,,,,,,,,,,,*1E  timestamp = 1506248798725
09-24 18:26:38.725  1331  4402 D GpsLocationProvider: reportNmea $GPVTG,,T,,M,,N,,K,N*2C  timestamp = 1506248798725
09-24 18:26:38.725  1331  4402 D GpsLocationProvider: reportNmea $GPRMC,,V,,,,,,,,,,N*53  timestamp = 1506248798725
09-24 18:26:38.726  1331  4402 D GpsLocationProvider: reportNmea $GPGGA,,,,,,0,,,,,,,,*66  timestamp = 1506248798725
09-24 18:26:38.852 14488 14488 W cr_AwContents: onDetachedFromWindow called when already detached. Ignoring
09-24 18:26:38.861 14488 14488 I cr_Ime  : ImeThread is not enabled.
09-24 18:26:38.923 14488 14488 W cr_BindingManager: Cannot call determinedVisibility() - never saw a connection for the pid: 14488
09-24 18:26:39.014 14488 14488 W cr_BindingManager: Cannot call determinedVisibility() - never saw a connection for the pid: 14488
09-24 18:26:39.327   540 15210 I NuPlayerDecoder: [audio] saw output EOS
09-24 18:26:39.722  1331  4402 D GpsLocationProvider: reportNmea $GPGSV,2,1,07,05,12,108,,08,00,000,,10,16,299,,12,00,000,*7D  timestamp = 1506248799722
09-24 18:26:39.722  1331  4402 D GpsLocationProvider: reportNmea $GPGSV,2,2,07,13,29,050,,14,00,000,,15,61,039,*4E  timestamp = 1506248799722
09-24 18:26:39.722  1331  4402 D GpsLocationProvider: reportNmea $GLGSV,3,1,11,66,09,080,,82,20,215,,77,44,090,,76,15,028,*6E  timestamp = 1506248799722
09-24 18:26:39.723  1331  4402 D GpsLocationProvider: reportNmea $GLGSV,3,2,11,79,00,000,,69,01,282,,84,15,330,,83,38,272,*63  timestamp = 1506248799723
09-24 18:26:39.723  1331  4402 D GpsLocationProvider: reportNmea $GLGSV,3,3,11,81,00,000,,67,49,039,,68,41,312,*51  timestamp = 1506248799723
09-24 18:26:39.725  1331  4402 D GpsLocationProvider: reportNmea $GPGSA,A,1,,,,,,,,,,,,,,,*1E  timestamp = 1506248799725
09-24 18:26:39.725  1331  4402 D GpsLocationProvider: reportNmea $GPVTG,,T,,M,,N,,K,N*2C  timestamp = 1506248799725
09-24 18:26:39.725  1331  4402 D GpsLocationProvider: reportNmea $GPRMC,,V,,,,,,,,,,N*53  timestamp = 1506248799725
