09-24 18:26:07.722  1331  4402 D GpsLocationProvider: reportNmea $GLGSV,3,1,11,66,09,080,,82,20,215,,77,44,090,,76,15,028,*6E  timestamp = 1506248767722
09-24 18:26:07.722  1331  4402 D GpsLocationProvider: reportNmea $GLGSV,3,2,11,79,00,000,,69,01,282,,84,15,330,,83,38,272,*63  timestamp = 1506248767722
09-24 18:26:07.722  1331  4402 D GpsLocationProvider: reportNmea $GLGSV,3,3,11,81,00,000,,67,49,039,,68,41,312,*51  timestamp = 1506248767722
09-24 18:26:07.722  1331  4402 D GpsLocationProvider: reportNmea $GPGSA,A,1,,,,,,,,,,,,,,,*1E  timestamp = 1506248767722
09-24 18:26:07.722  1331  4402 D GpsLocationProvider: reportNmea $GPVTG,,T,,M,,N,,K,N*2C  timestamp = 1506248767722
09-24 18:26:07.722  1331  4402 D GpsLocationProvider: reportNmea $GPRMC,,V,,,,,,,,,,N*53  timestamp = 1506248767722
09-24 18:26:07.722  1331  4402 D GpsLocationProvider: reportNmea $GPGGA,,,,,,0,,,,,,,,*66  timestamp = 1506248767722
09-24 18:26:07.751   357   357 W auditd  : type=1400 "MemoryCheckThre""mem""debugfs"
09-24 18:26:07.752   357   357 W auditd  : type=1400 "MemoryCheckThre""mem""debugfs"
09-24 18:26:07.765 14671 14671 D TMYPAGER: onmeasure
09-24 18:26:07.765 14671 14671 V QBViewPager: Measuring #0 com.tencent.mtt.browser.homepage.a.a.ae{c96efe9 V.E...... ......ID 0,0-1080,1530}: 1073742904
09-24 18:26:07.765 14671 14671 D TMYPAGER: onmeasure
09-24 18:26:07.765 14671 14671 V QBViewPager: Measuring #0 com.tencent.mtt.browser.homepage.a.a.ae{c96efe9 V.E...... ......ID 0,0-1080,1530}: 1073742904
09-24 18:26:07.766 14671 14671 D QBViewPager: viewpager onlayout!
09-24 18:26:07.769 14671 14671 D TMYGALLERY: viewpager onlayout!
09-24 18:26:07.850  1331  3653 W ActivityManager_Service: Unable to start service Intent { act=com.googlecode.eyesfree.braille.service.ACTION_SELF_BRAILLE_SERVICE pkg=com.googlecode.eyesfree.brailleback } U=0: not found
09-24 18:26:07.851 14671 14671 E d       : Failed to bind to service
09-24 18:26:07.896   357   357 W auditd  : type=1400 "MemoryCheckThre""mem""debugfs"
09-24 18:26:07.913   357   357 W auditd  : type=1400 "MemoryCheckThre""mem""debugfs"
09-24 18:26:08.009 14671 14671 W ResourceType: No package identifier when getting name for resource number 0x00018704
09-24 18:26:08.009 14671 14671 W ResourceType: No package identifier when getting name for resource number 0x00000001
09-24 18:26:08.009 14671 14671 W ResourceType: No package identifier when getting name for resource number 0x00000002
09-24 18:26:08.009 14671 14671 W ResourceType: No package identifier when getting name for resource number 0x000f0002
09-24 18:26:08.010 14671 14671 W ResourceType: No package identifier when getting name for resource number 0x00000001
09-24 18:26:08.010 14671 14671 W ResourceType: No package identifier when getting name for resource number 0x000f0001
09-24 18:26:08.011 14671 14671 W ResourceType: No package identifier when getting name for resource number 0x000f0002
09-24 18:26:08.011 14671 14671 W ResourceType: No package identifier when getting name for resource number 0x000f0002
09-24 18:26:08.011 14671 14671 W ResourceType: No package identifier when getting name for resource number 0x00000001
09-24 18:26:08.012 14671 14671 W ResourceType: No package identifier when getting name for resource number 0x00000064
09-24 18:26:08.012 14671 14671 W ResourceType: No package identifier when getting name for resource number 0x00000065
09-24 18:26:08.012 14671 14671 W ResourceType: No package identifier when getting name for resource number 0x00000068
09-24 18:26:08.012 14671 14671 W ResourceType: No package identifier when getting name for resource number 0x00000066
09-24 18:26:08.012 14671 14671 W ResourceType: No package identifier when getting name for resource number 0x00000067
09-24 18:26:08.013 14671 14671 W ResourceType: No package identifier when getting name for resource number 0x00000062
09-24 18:26:08.013 14671 14671 W ResourceType: No package identifier when getting name for resource number 0x000000c8
09-24 18:26:08.013 14671 14671 W ResourceType: No package identifier when getting name for resource number 0x000000ca
09-24 18:26:08.013 14671 14671 W ResourceType: No package identifier when getting name for resource number 0x000000cb
09-24 18:26:08.013 14671 14671 W ResourceType: No package identifier when getting name for resource number 0x000000c9
09-24 18:26:08.014 14671 14671 W ResourceType: No package identifier when getting name for resource number 0x00000061
09-24 18:26:08.038   357   357 W auditd  : type=1400 "MemoryCheckThre""mem""debugfs"
09-24 18:26:08.038   357   357 W auditd  : type=1400 "MemoryCheckThre""mem""debugfs"
09-24 18:26:08.083 14671 14671 D TMYPAGER: onmeasure
09-24 18:26:08.083 14671 14671 V QBViewPager: Measuring #0 com.tencent.mtt.browser.homepage.a.a.ae{c96efe9 V.E...... ......ID 0,0-1080,1530}: 1073742904
09-24 18:26:08.083 14671 14671 D TMYPAGER: onmeasure
09-24 18:26:08.083 14671 14671 V QBViewPager: Measuring #0 com.tencent.mtt.browser.homepage.a.a.ae{c96efe9 V.E...... ......ID 0,0-1080,1530}: 1073742904
09-24 18:26:08.084 14671 14671 D QBViewPager: viewpager onlayout!
09-24 18:26:08.085 14671 14671 D TMYGALLERY: viewpager onlayout!
09-24 18:26:08.112 14671 14671 I TextToSpeech: Sucessfully bound to com.svox.pico
09-24 18:26:08.114  1331  4475 W ActivityManager_Service: Unable to start service Intent { act=com.googlecode.eyesfree.braille.service.ACTION_SELF_BRAILLE_SERVICE pkg=com.googlecode.eyesfree.brailleback } U=0: not found
09-24 18:26:08.114 14671 14671 E d       : Failed to bind to service
09-24 18:26:08.141 14671 14671 I TextToSpeech: Connected to ComponentInfo{com.svox.pico/com.svox.pico.PicoService}
09-24 18:26:08.169 14671 14820 I TextToSpeech: Set up connection to ComponentInfo{com.svox.pico/com.svox.pico.PicoService}
09-24 18:26:08.198   357   357 W auditd  : type=1400 "MemoryCheckThre""mem""debugfs"
09-24 18:26:08.198 14671 14768 I memcheck: needTrimMemory: trimFrom = 0, vmSize = 1785564, totalPss = 78334, avail = 2109492, sRunningMemAgressiveGrowthLimit = 2277924, sRunningMemGentleGrowthLimit = 2277924, sAvailableMemoryThreshold = 221184
09-24 18:26:08.203   357   357 W auditd  : type=1400 "MemoryCheckThre""mem""debugfs"
09-24 18:26:08.216 14671 14766 W chromium: [WARNING:jni_string.cc(28)] ConvertJavaStringToUTF8 called with null string.
09-24 18:26:08.216 14671 14766 W chromium: [WARNING:jni_string.cc(28)] ConvertJavaStringToUTF8 called with null string.
09-24 18:26:08.282 14671 14671 W ResourceType: No package identifier when getting name for resource number 0x00018704
09-24 18:26:08.282 14671 14671 W ResourceType: No package identifier when getting name for resource number 0x00000001
09-24 18:26:08.282 14671 14671 W ResourceType: No package identifier when getting name for resource number 0x00000002
09-24 18:26:08.282 14671 14671 W ResourceType: No package identifier when getting name for resource number 0x000f0002
09-24 18:26:08.284 14671 14671 W ResourceType: No package identifier when getting name for resource number 0x00000001
09-24 18:26:08.284 14671 14671 W ResourceType: No package identifier when getting name for resource number 0x000f0001
09-24 18:26:08.284 14671 14671 W ResourceType: No package identifier when getting name for resource number 0x000f0002
09-24 18:26:08.285 14671 14671 W ResourceType: No package identifier when getting name for resource number 0x000f0002
09-24 18:26:08.285 14671 14671 W ResourceType: No package identifier when getting name for resource number 0x00000001
09-24 18:26:08.285 14671 14671 W ResourceType: No package identifier when getting name for resource number 0x00000064
09-24 18:26:08.285 14671 14671 W ResourceType: No package identifier when getting name for resource number 0x00000065
09-24 18:26:08.286 14671 14671 W ResourceType: No package identifier when getting name for resource number 0x00000068
09-24 18:26:08.286 14671 14671 W ResourceType: No package identifier when getting name for resource number 0x00000066
09-24 18:26:08.286 14671 14671 W ResourceType: No package identifier when getting name for resource number 0x00000067
09-24 18:26:08.286 14671 14671 W ResourceType: No package identifier when getting name for resource number 0x00000062
09-24 18:26:08.286 14671 14671 W ResourceType: No package identifier when getting name for resource number 0x000000c8
09-24 18:26:08.287 14671 14671 W ResourceType: No package identifier when getting name for resource number 0x000000ca
09-24 18:26:08.287 14671 14671 W ResourceType: No package identifier when getting name for resource number 0x000000cb
09-24 18:26:08.287 14671 14671 W ResourceType: No package identifier when getting name for resource number 0x000000c9
09-24 18:26:08.287 14671 14671 W ResourceType: No package identifier when getting name for resource number 0x00000061
09-24 18:26:08.346  1331  3770 D NtpTrustedTime: currentTimeMillis() cache hit
09-24 18:26:08.351  1331  3770 I TetherStatsReporting: getTetherStats() called NetworkStats: elapsedRealtime=7494293
09-24 18:26:08.351  1331  3770 I TetherStatsReporting:   [0] iface=wlan0 uid=0 set=DEFAULT tag=0x0 rxBytes=1284798 rxPackets=2969 txBytes=127344 txPackets=2777 operations=0
09-24 18:26:08.351  1331  3770 I TetherStatsReporting:   [1] iface=wlan0 uid=0 set=FOREGROUND tag=0x0 rxBytes=0 rxPackets=0 txBytes=0 txPackets=0 operations=0
09-24 18:26:08.351  1331  3770 I TetherStatsReporting:   [2] iface=wlan0 uid=1000 set=DEFAULT tag=0x0 rxBytes=572908 rxPackets=521 txBytes=58452 txPackets=555 operations=0
09-24 18:26:08.351  1331  3770 I TetherStatsReporting:   [3] iface=wlan0 uid=1000 set=FOREGROUND tag=0x0 rxBytes=0 rxPackets=0 txBytes=0 txPackets=0 operations=0
09-24 18:26:08.351  1331  3770 I TetherStatsReporting:   [4] iface=wlan0 uid=10002 set=DEFAULT tag=0x0 rxBytes=1232 rxPackets=4 txBytes=551 txPackets=5 operations=0
09-24 18:26:08.351  1331  3770 I TetherStatsReporting:   [5] iface=wlan0 uid=10002 set=FOREGROUND tag=0x0 rxBytes=0 rxPackets=0 txBytes=0 txPackets=0 operations=0
09-24 18:26:08.351  1331  3770 I TetherStatsReporting:   [6] iface=wlan0 uid=10013 set=DEFAULT tag=0x0 rxBytes=47022 rxPackets=265 txBytes=58788 txPackets=416 operations=0
09-24 18:26:08.351  1331  3770 I TetherStatsReporting:   [7] iface=wlan0 uid=10013 set=FOREGROUND tag=0x0 rxBytes=2215299 rxPackets=2017 txBytes=143995 txPackets=2088 operations=0
09-24 18:26:08.351  1331  3770 I TetherStatsReporting:   [8] iface=wlan0 uid=10018 set=DEFAULT tag=0x0 rxBytes=1432 rxPackets=10 txBytes=2549 txPackets=13 operations=0
09-24 18:26:08.351  1331  3770 I TetherStatsReporting:   [9] iface=wlan0 uid=10018 set=FOREGROUND tag=0x0 rxBytes=0 rxPackets=0 txBytes=0 txPackets=0 operations=0
09-24 18:26:08.351  1331  3770 I TetherStatsReporting:   [10] iface=wlan0 uid=10048 set=DEFAULT tag=0x0 rxBytes=286 rxPackets=4 txBytes=1253 txPackets=6 operations=0
09-24 18:26:08.351  1331  3770 I TetherStatsReporting:   [11] iface=wlan0 uid=10048 set=FOREGROUND tag=0x0 rxBytes=0 rxPackets=0 txBytes=0 txPackets=0 operations=0
09-24 18:26:08.351  1331  3770 I TetherStatsReporting:   [12] iface=wlan0 uid=10062 set=DEFAULT tag=0x0 rxBytes=3767930 rxPackets=3097 txBytes=219236 txPackets=3317 operations=0
09-24 18:26:08.351  1331  3770 I TetherStatsReporting:   [13] iface=wlan0 uid=10062 set=FOREGROUND tag=0x0 rxBytes=1802420 rxPackets=1939 txBytes=303934 txPackets=2202 operations=0
09-24 18:26:08.351  1331  3770 I TetherStatsReporting:   [14] iface=wlan0 uid=10066 set=DEFAULT tag=0x0 rxBytes=2969 rxPackets=14 txBytes=3868 txPackets=18 operations=0
09-24 18:26:08.351  1331  3770 I TetherStatsReporting:   [15] iface=wlan0 uid=10066 set=FOREGROUND tag=0x0 rxBytes=0 rxPackets=0 txBytes=0 txPackets=0 operations=0
09-24 18:26:08.351  1331  3770 I TetherStatsReporting:   [16] iface=wlan0 uid=10069 set=DEFAULT tag=0x0 rxBytes=186865 rxPackets=403 txBytes=59339 txPackets=500 operations=0
09-24 18:26:08.351  1331  3770 I TetherStatsReporting:   [17] iface=wlan0 uid=10069 set=FOREGROUND tag=0x0 rxBytes=0 rxPackets=0 txBytes=0 txPackets=0 operations=0
09-24 18:26:08.351  1331  3770 I TetherStatsReporting:   [18] iface=wlan0 uid=10071 set=DEFAULT tag=0x0 rxBytes=76 rxPackets=1 txBytes=76 txPackets=1 operations=0
09-24 18:26:08.351  1331  3770 I TetherStatsReporting:   [19] iface=wlan0 uid=10071 set=FOREGROUND tag=0x0 rxBytes=0 rxPackets=0 txBytes=0 txPackets=0 operations=0
09-24 18:26:08.351  1331  3770 I TetherStatsReporting:   [20] iface=wlan0 uid=10072 set=DEFAULT tag=0x0 rxBytes=7739 rxPackets=8 txBytes=756 txPackets=10 operations=0
09-24 18:26:08.351  1331  3770 I TetherStatsReporting:   [21] iface=wlan0 uid=10072 set=FOREGROUND tag=0x0 rxBytes=0 rxPackets=0 txBytes=0 txPackets=0 operations=0
09-24 18:26:08.351  1331  3770 I TetherStatsReporting:   [22] iface=wlan0 uid=10094 set=DEFAULT tag=0x0 rxBytes=726 rxPackets=4 txBytes=1562 txPackets=6 operations=0
09-24 18:26:08.351  1331  3770 I TetherStatsReporting:   [23] iface=wlan0 uid=10094 set=FOREGROUND tag=0x0 rxBytes=0 rxPackets=0 txBytes=0 txPackets=0 operations=0
09-24 18:26:08.351  1331  3770 I TetherStatsReporting:   [24] iface=wlan0 uid=10096 set=DEFAULT tag=0x0 rxBytes=2280 rxPackets=28 txBytes=9893 txPackets=52 operations=0
09-24 18:26:08.351  1331  3770 I TetherStatsReporting:   [25] iface=wlan0 uid=10096 set=FOREGROUND tag=0x0 rxBytes=20460 rxPackets=80 txBytes=24322 txPackets=103 operations=0
09-24 18:26:08.351  1331  3770 I TetherStatsReporting:   [26] iface=wlan0 uid=10197 set=DEFAULT tag=0x0 rxBytes=152097 rxPackets=752 txBytes=82164 txPackets=954 operations=0
09-24 18:26:08.351  1331  3770 I TetherStatsReporting:   [27] iface=wlan0 uid=10197 set=FOREGROUND tag=0x0 rxBytes=388017 rxPackets=887 txBytes=87871 txPackets=1065 operations=0
09-24 18:26:08.351  1331  3770 I TetherStatsReporting:   [28] iface=wlan0 uid=10494 set=DEFAULT tag=0x0 rxBytes=111812 rxPackets=105 txBytes=11240 txPackets=118 operations=0
09-24 18:26:08.351  1331  3770 I TetherStatsReporting:   [29] iface=wlan0 uid=10494 set=FOREGROUND tag=0x0 rxBytes=708 rxPackets=8 txBytes=4865 txPackets=16 operations=0
09-24 18:26:08.351  1331  3770 I TetherStatsReporting:   [30] iface=wlan0 uid=10066 set=DEFAULT tag=0x3c9bead5 rxBytes=1143 rxPackets=3 txBytes=424 txPackets=4 operations=0
09-24 18:26:08.351  1331  3770 I TetherStatsReporting:   [31] iface=wlan0 uid=10066 set=FOREGROUND tag=0x3c9bead5 rxBytes=0 rxPackets=0 txBytes=0 txPackets=0 operations=0
09-24 18:26:08.351  1331  3770 I TetherStatsReporting:   [32] iface=dummy0 uid=0 set=DEFAULT tag=0x0 rxBytes=0 rxPackets=0 txBytes=168 txPackets=3 operations=0
09-24 18:26:08.351  1331  3770 I TetherStatsReporting:   [33] iface=dummy0 uid=0 set=FOREGROUND tag=0x0 rxBytes=0 rxPackets=0 txBytes=0 txPackets=0 operations=0
09-24 18:26:08.351  1331  3770 I TetherStatsReporting:   [34] iface=lo uid=0 set=DEFAULT tag=0x0 rxBytes=244232 rxPackets=153 txBytes=7388 txPackets=121 operations=0
09-24 18:26:08.351  1331  3770 I TetherStatsReporting:   [35] iface=lo uid=
09-24 18:26:08.351  1331  3770 I TetherStatsReporting: combining tether stats
09-24 18:26:08.355  4623  4701 D QtiTetherService/IpaWrapper: getStats(false)
09-24 18:26:08.357  1331  3770 D NtpTrustedTime: currentTimeMillis() cache hit
09-24 18:26:08.358  1331  3771 D NtpTrustedTime: currentTimeMillis() cache hit
09-24 18:26:08.358  1331  3771 D NtpTrustedTime: currentTimeMillis() cache hit
09-24 18:26:08.371  1331  3827 W ActivityManager_Service: Unable to start service Intent { act=com.googlecode.eyesfree.braille.service.ACTION_SELF_BRAILLE_SERVICE pkg=com.googlecode.eyesfree.brailleback } U=0: not found
09-24 18:26:08.372 14671 14671 E d       : Failed to bind to service
09-24 18:26:08.399   357   357 W auditd  : type=1400 "MemoryCheckThre""mem""debugfs"
09-24 18:26:08.405   357   357 W auditd  : type=1400 "MemoryCheckThre""mem""debugfs"
09-24 18:26:08.435 14671 14671 D TMYPAGER: onmeasure
09-24 18:26:08.435 14671 14671 V QBViewPager: Measuring #0 com.tencent.mtt.browser.homepage.a.a.ae{c96efe9 V.E...... ......ID 0,0-1080,1530}: 1073742904
09-24 18:26:08.435 14671 14671 D TMYPAGER: onmeasure
09-24 18:26:08.435 14671 14671 V QBViewPager: Measuring #0 com.tencent.mtt.browser.homepage.a.a.ae{c96efe9 V.E...... ......ID 0,0-1080,1530}: 1073742904
09-24 18:26:08.435 14671 14671 D QBViewPager: viewpager onlayout!
09-24 18:26:08.439 14671 14671 D TMYGALLERY: viewpager onlayout!
09-24 18:26:08.490   357   357 W auditd  : type=1400 "ps""/proc/350""proc"
09-24 18:26:08.495   357   357 W auditd  : type=1400 "ps""task""proc"
09-24 18:26:08.546   357   357 W auditd  : type=1400 "MemoryCheckThre""mem""debugfs"
09-24 18:26:08.546   357   357 W auditd  : type=1400 "MemoryCheckThre""mem""debugfs"
09-24 18:26:08.621  1331  3827 W ActivityManager_Service: Unable to start service Intent { act=com.googlecode.eyesfree.braille.service.ACTION_SELF_BRAILLE_SERVICE pkg=com.googlecode.eyesfree.brailleback } U=0: not found
09-24 18:26:08.622 14671 14671 E d       : Failed to bind to service
09-24 18:26:08.719   357   357 W auditd  : type=1400 "MemoryCheckThre""mem""debugfs"
09-24 18:26:08.723  1331  4402 D GpsLocationProvider: reportNmea $GPGSV,2,1,07,05,12,108,,08,00,000,,10,16,299,,12,00,000,*7D  timestamp = 1506248768723
09-24 18:26:08.723  1331  4402 D GpsLocationProvider: reportNmea $GPGSV,2,2,07,13,29,050,,14,00,000,,15,62,039,*4D  timestamp = 1506248768723
09-24 18:26:08.723  1331  4402 D GpsLocationProvider: reportNmea $GLGSV,3,1,11,66,09,080,,82,20,215,,77,44,090,,76,15,028,*6E  timestamp = 1506248768723
09-24 18:26:08.723  1331  4402 D GpsLocationProvider: reportNmea $GLGSV,3,2,11,79,00,000,,69,01,282,,84,15,330,,83,38,272,*63  timestamp = 1506248768723
09-24 18:26:08.723  1331  4402 D GpsLocationProvider: reportNmea $GLGSV,3,3,11,81,00,000,,67,49,039,,68,41,312,*51  timestamp = 1506248768723
09-24 18:26:08.724  1331  4402 D GpsLocationProvider: reportNmea $GPGSA,A,1,,,,,,,,,,,,,,,*1E  timestamp = 1506248768724
09-24 18:26:08.724  1331  4402 D GpsLocationProvider: reportNmea $GPVTG,,T,,M,,N,,K,N*2C  timestamp = 1506248768724
09-24 18:26:08.724  1331  4402 D GpsLocationProvider: reportNmea $GPRMC,,V,,,,,,,,,,N*53  timestamp = 1506248768724
09-24 18:26:08.724  1331  4402 D GpsLocationProvider: reportNmea $GPGGA,,,,,,0,,,,,,,,*66  timestamp = 1506248768724
09-24 18:26:08.728   357   357 W auditd  : type=1400 "MemoryCheckThre""mem""debugfs"
09-24 18:26:08.774 14671 14671 W ResourceType: No package identifier when getting name for resource number 0x00018704
09-24 18:26:08.774 14671 14671 W ResourceType: No package identifier when getting name for resource number 0x00000001
09-24 18:26:08.775 14671 14671 W ResourceType: No package identifier when getting name for resource number 0x00000002
09-24 18:26:08.775 14671 14671 W ResourceType: No package identifier when getting name for resource number 0x000f0002
09-24 18:26:08.776 14671 14671 W ResourceType: No package identifier when getting name for resource number 0x00000001
09-24 18:26:08.776 14671 14671 W ResourceType: No package identifier when getting name for resource number 0x000f0001
09-24 18:26:08.776 14671 14671 W ResourceType: No package identifier when getting name for resource number 0x000f0002
09-24 18:26:08.777 14671 14671 W ResourceType: No package identifier when getting name for resource number 0x000f0002
09-24 18:26:08.777 14671 14671 W ResourceType: No package identifier when getting name for resource number 0x00000001
09-24 18:26:08.778 14671 14671 W ResourceType: No package identifier when getting name for resource number 0x00000064
09-24 18:26:08.778 14671 14671 W ResourceType: No package identifier when getting name for resource number 0x00000065
09-24 18:26:08.778 14671 14671 W ResourceType: No package identifier when getting name for resource number 0x00000068
09-24 18:26:08.778 14671 14671 W ResourceType: No package identifier when getting name for resource number 0x00000066
09-24 18:26:08.778 14671 14671 W ResourceType: No package identifier when getting name for resource number 0x00000067
09-24 18:26:08.779 14671 14671 W ResourceType: No package identifier when getting name for resource number 0x00000062
09-24 18:26:08.779 14671 14671 W ResourceType: No package identifier when getting name for resource number 0x000000c8
09-24 18:26:08.779 14671 14671 W ResourceType: No package identifier when getting name for resource number 0x000000ca
09-24 18:26:08.779 14671 14671 W ResourceType: No package identifier when getting name for resource number 0x000000cb
09-24 18:26:08.780 14671 14671 W ResourceType: No package identifier when getting name for resource number 0x000000c9
09-24 18:26:08.780 14671 14671 W ResourceType: No package identifier when getting name for resource number 0x00000061
09-24 18:26:08.859   357   357 W auditd  : type=1400 "MemoryCheckThre""mem""debugfs"
09-24 18:26:08.859   357   357 W auditd  : type=1400 "MemoryCheckThre""mem""debugfs"
09-24 18:26:08.983 14671 14671 W ResourceType: No package identifier when getting name for resource number 0x00018704
09-24 18:26:08.984 14671 14671 W ResourceType: No package identifier when getting name for resource number 0x00000001
09-24 18:26:08.984 14671 14671 W ResourceType: No package identifier when getting name for resource number 0x00000002
09-24 18:26:08.984 14671 14671 W ResourceType: No package identifier when getting name for resource number 0x000f0002
09-24 18:26:08.985 14671 14671 W ResourceType: No package identifier when getting name for resource number 0x00000001
09-24 18:26:08.985 14671 14671 W ResourceType: No package identifier when getting name for resource number 0x000f0001
09-24 18:26:08.990 14671 14671 W ResourceType: No package identifier when getting name for resource number 0x000f0002
09-24 18:26:08.990 14671 14671 W ResourceType: No package identifier when getting name for resource number 0x000f0002
09-24 18:26:08.993 14671 14671 W ResourceType: No package identifier when getting name for resource number 0x00000001
09-24 18:26:08.993 14671 14671 W ResourceType: No package identifier when getting name for resource number 0x00000064
09-24 18:26:08.993 14671 14671 W ResourceType: No package identifier when getting name for resource number 0x00000065
09-24 18:26:08.994 14671 14671 W ResourceType: No package identifier when getting name for resource number 0x00000068
09-24 18:26:08.994 14671 14671 W ResourceType: No package identifier when getting name for resource number 0x00000066
09-24 18:26:08.994 14671 14671 W ResourceType: No package identifier when getting name for resource number 0x00000067
09-24 18:26:08.994 14671 14671 W ResourceType: No package identifier when getting name for resource number 0x00000062
09-24 18:26:08.994 14671 14671 W ResourceType: No package identifier when getting name for resource number 0x000000c8
09-24 18:26:08.995 14671 14671 W ResourceType: No package identifier when getting name for resource number 0x000000ca
09-24 18:26:08.995 14671 14671 W ResourceType: No package identifier when getting name for resource number 0x000000cb
09-24 18:26:08.995 14671 14671 W ResourceType: No package identifier when getting name for resource number 0x000000c9
09-24 18:26:08.995 14671 14671 W ResourceType: No package identifier when getting name for resource number 0x00000061
09-24 18:26:09.007   357   357 W auditd  : type=1400 "MemoryCheckThre""mem""debugfs"
09-24 18:26:09.007 14671 14768 I memcheck: needTrimMemory: trimFrom = 0, vmSize = 1797552, totalPss = 86613, avail = 2094592, sRunningMemAgressiveGrowthLimit = 2277924, sRunningMemGentleGrowthLimit = 2277924, sAvailableMemoryThreshold = 221184
09-24 18:26:09.008   357   357 W auditd  : type=1400 "MemoryCheckThre""mem""debugfs"
09-24 18:26:09.053 14671 14671 D TMYPAGER: onmeasure
09-24 18:26:09.053 14671 14671 V QBViewPager: Measuring #0 com.tencent.mtt.browser.homepage.a.a.ae{c96efe9 V.E...... ......I. 0,0-1080,1530}: 1073742904
09-24 18:26:09.053 14671 14671 D TMYPAGER: onmeasure
09-24 18:26:09.053 14671 14671 V QBViewPager: Measuring #0 com.tencent.mtt.browser.homepage.a.a.ae{c96efe9 V.E...... ......I. 0,0-1080,1530}: 1073742904
09-24 18:26:09.053 14671 14671 D QBViewPager: viewpager onlayout!
09-24 18:26:09.059 14671 14671 D TMYGALLERY: viewpager onlayout!
09-24 18:26:09.197   357   357 W auditd  : type=1400 "MemoryCheckThre""mem""debugfs"
09-24 18:26:09.198   357   357 W auditd  : type=1400 "MemoryCheckThre""mem""debugfs"
09-24 18:26:09.221   357   357 W auditd  : type=1400 "RoutineDaemon""mem""debugfs"
09-24 18:26:09.225   357   357 W auditd  : type=1400 "RoutineDaemon""mem""debugfs"
09-24 18:26:09.390  1331  4650 D ActivityManager: mImportantUids connections =1000 by uid = 10401 ConnectionRecord =ConnectionRecord{51b305 u0 CR FGSA io.github.ylimit.droidbotapp/io.github.privacystreams.accessibility.PSAccessibilityService:@a5de7c}
09-24 18:26:09.390  1331  4650 D ActivityManager: mImportantUids connections =1000 by uid = 10401 ConnectionRecord =ConnectionRecord{d18c6d6 u0 CR !FG UI !VIS io.github.ylimit.droidbotapp/.DroidBotIME:@a6a8af1}
09-24 18:26:09.402  1331  4507 D ActivityManager: mImportantUids connections =1000 by uid = 10401 ConnectionRecord =ConnectionRecord{51b305 u0 CR FGSA io.github.ylimit.droidbotapp/io.github.privacystreams.accessibility.PSAccessibilityService:@a5de7c}
09-24 18:26:09.403  1331  4507 D ActivityManager: mImportantUids connections =1000 by uid = 10401 ConnectionRecord =ConnectionRecord{d18c6d6 u0 CR !FG UI !VIS io.github.ylimit.droidbotapp/.DroidBotIME:@a6a8af1}
09-24 18:26:09.565  1331  4526 D ActivityManager: mImportantUids connections =1000 by uid = 10401 ConnectionRecord =ConnectionRecord{51b305 u0 CR FGSA io.github.ylimit.droidbotapp/io.github.privacystreams.accessibility.PSAccessibilityService:@a5de7c}
09-24 18:26:09.565  1331  4526 D ActivityManager: mImportantUids connections =1000 by uid = 10401 ConnectionRecord =ConnectionRecord{d18c6d6 u0 CR !FG UI !VIS io.github.ylimit.droidbotapp/.DroidBotIME:@a6a8af1}
09-24 18:26:09.624  1331  4584 W ActivityManager_Service: Unable to start service Intent { act=com.googlecode.eyesfree.braille.service.ACTION_SELF_BRAILLE_SERVICE pkg=com.googlecode.eyesfree.brailleback } U=0: not found
09-24 18:26:09.627 14671 14671 E d       : Failed to bind to service
09-24 18:26:09.646  1331  4475 D ActivityManager: mImportantUids connections =1000 by uid = 10401 ConnectionRecord =ConnectionRecord{51b305 u0 CR FGSA io.github.ylimit.droidbotapp/io.github.privacystreams.accessibility.PSAccessibilityService:@a5de7c}
09-24 18:26:09.646  1331  4475 D ActivityManager: mImportantUids connections =1000 by uid = 10401 ConnectionRecord =ConnectionRecord{d18c6d6 u0 CR !FG UI !VIS io.github.ylimit.droidbotapp/.DroidBotIME:@a6a8af1}
09-24 18:26:09.670  1331  3827 D ActivityManager: mImportantUids connections =1000 by uid = 10401 ConnectionRecord =ConnectionRecord{51b305 u0 CR FGSA io.github.ylimit.droidbotapp/io.github.privacystreams.accessibility.PSAccessibilityService:@a5de7c}
09-24 18:26:09.670  1331  3827 D ActivityManager: mImportantUids connections =1000 by uid = 10401 ConnectionRecord =ConnectionRecord{d18c6d6 u0 CR !FG UI !VIS io.github.ylimit.droidbotapp/.DroidBotIME:@a6a8af1}
09-24 18:26:09.712  1331  3653 D ActivityManager: mImportantUids connections =1000 by uid = 10401 ConnectionRecord =ConnectionRecord{51b305 u0 CR FGSA io.github.ylimit.droidbotapp/io.github.privacystreams.accessibility.PSAccessibilityService:@a5de7c}
09-24 18:26:09.712  1331  3653 D ActivityManager: mImportantUids connections =1000 by uid = 10401 ConnectionRecord =ConnectionRecord{d18c6d6 u0 CR !FG UI !VIS io.github.ylimit.droidbotapp/.DroidBotIME:@a6a8af1}
09-24 18:26:09.725  1331  4402 D GpsLocationProvider: reportNmea $GPGSV,2,1,07,05,12,108,,08,00,000,,10,16,299,,12,00,000,*7D  timestamp = 1506248769724
09-24 18:26:09.725  1331  4402 D GpsLocationProvider: reportNmea $GPGSV,2,2,07,13,29,050,,14,00,000,,15,62,039,*4D  timestamp = 1506248769725
09-24 18:26:09.725  1331  4402 D GpsLocationProvider: reportNmea $GLGSV,3,1,11,66,09,080,,82,20,215,,77,44,090,,76,15,028,*6E  timestamp = 1506248769725
09-24 18:26:09.725  1331  4402 D GpsLocationProvider: reportNmea $GLGSV,3,2,11,79,00,000,,69,01,282,,84,15,330,,83,38,272,*63  timestamp = 1506248769725
09-24 18:26:09.725  1331  4402 D GpsLocationProvider: reportNmea $GLGSV,3,3,11,81,00,000,,67,49,039,,68,41,312,*51  timestamp = 1506248769725
09-24 18:26:09.725  1331  4402 D GpsLocationProvider: reportNmea $GPGSA,A,1,,,,,,,,,,,,,,,*1E  timestamp = 1506248769725
09-24 18:26:09.725  1331  4402 D GpsLocationProvider: reportNmea $GPVTG,,T,,M,,N,,K,N*2C  timestamp = 1506248769725
09-24 18:26:09.725  1331  4402 D GpsLocationProvider: reportNmea $GPRMC,,V,,,,,,,,,,N*53  timestamp = 1506248769725
09-24 18:26:09.725  1331  4402 D GpsLocationProvider: reportNmea $GPGGA,,,,,,0,,,,,,,,*66  timestamp = 1506248769725
09-24 18:26:09.746  1331  4507 D ActivityManager: mImportantUids connections =1000 by uid = 10401 ConnectionRecord =ConnectionRecord{51b305 u0 CR FGSA io.github.ylimit.droidbotapp/io.github.privacystreams.accessibility.PSAccessibilityService:@a5de7c}
09-24 18:26:09.746  1331  4507 D ActivityManager: mImportantUids connections =1000 by uid = 10401 ConnectionRecord =ConnectionRecord{d18c6d6 u0 CR !FG UI !VIS io.github.ylimit.droidbotapp/.DroidBotIME:@a6a8af1}
09-24 18:26:09.791  1331  4622 D ActivityManager: mImportantUids connections =1000 by uid = 10401 ConnectionRecord =ConnectionRecord{51b305 u0 CR FGSA io.github.ylimit.droidbotapp/io.github.privacystreams.accessibility.PSAccessibilityService:@a5de7c}
09-24 18:26:09.791  1331  4622 D ActivityManager: mImportantUids connections =1000 by uid = 10401 ConnectionRecord =ConnectionRecord{d18c6d6 u0 CR !FG UI !VIS io.github.ylimit.droidbotapp/.DroidBotIME:@a6a8af1}
09-24 18:26:09.807  1331  4650 D ActivityManager: mImportantUids connections =1000 by uid = 10401 ConnectionRecord =ConnectionRecord{51b305 u0 CR FGSA io.github.ylimit.droidbotapp/io.github.privacystreams.accessibility.PSAccessibilityService:@a5de7c}
09-24 18:26:09.807  1331  4650 D ActivityManager: mImportantUids connections =1000 by uid = 10401 ConnectionRecord =ConnectionRecord{d18c6d6 u0 CR !FG UI !VIS io.github.ylimit.droidbotapp/.DroidBotIME:@a6a8af1}
09-24 18:26:09.852  1331  4587 W ActivityManager_Service: Unable to start service Intent { act=com.googlecode.eyesfree.braille.service.ACTION_SELF_BRAILLE_SERVICE pkg=com.googlecode.eyesfree.brailleback } U=0: not found
09-24 18:26:09.854 14671 14671 E d       : Failed to bind to service
09-24 18:26:09.954   357   357 W auditd  : type=1400 "ps""/proc/350""proc"
09-24 18:26:09.957   357   357 W auditd  : type=1400 "ps""task""proc"
09-24 18:26:10.004   774   774 I MSM-irqbalance: Decided to move IRQ57 from CPU2 to CPU3
09-24 18:26:10.014 14852 14852 D AndroidRuntime: >>>>>> START com.android.internal.os.RuntimeInit uid 2000 <<<<<<
09-24 18:26:10.020 14852 14852 D AndroidRuntime: CheckJNI is OFF
09-24 18:26:10.084 14852 14852 D ICU     : No timezone override file found: /data/misc/zoneinfo/current/icu/icu_tzdata.dat
09-24 18:26:10.148 14852 14852 I Radio-JNI: register_android_hardware_Radio DONE
09-24 18:26:10.190 14852 14852 D AndroidRuntime: Calling main entry com.android.commands.am.Am
09-24 18:26:10.198  1331  4398 I ActivityManager: START u0 {act=android.intent.action.MAIN cat=[android.intent.category.LAUNCHER] flg=0x10000000 cmp=com.heaven.assistant/.AcMain} from uid 2000 pid 14852 on display 0
09-24 18:26:10.201  3889  3889 I StatusBarIconController:  appTransitionPending
09-24 18:26:10.223  1331  4398 I ActivityManager_Thumbnails: Setting thumbnail of ActivityRecord{e781eb u0 com.android.browser/com.tencent.mtt.MainActivity t1123} to android.graphics.Bitmap@34fac52
09-24 18:26:10.225 14852 14852 D AndroidRuntime: Shutting down VM
09-24 18:26:10.236 14671 14671 V NFC     : this device does not have NFC support
09-24 18:26:10.238  3889  3889 I StatusBarIconController:  appTransitionPending
09-24 18:26:10.239 14671 14867 E AbstractTracker: Can't create handler inside thread that has not called Looper.prepare()
09-24 18:26:10.239 14671 14867 D AppTracker: App Event: stop
09-24 18:26:10.245  1331  3654 D ActivityManager: mImportantUids connections =1000 by uid = 10401 ConnectionRecord =ConnectionRecord{51b305 u0 CR FGSA io.github.ylimit.droidbotapp/io.github.privacystreams.accessibility.PSAccessibilityService:@a5de7c}
09-24 18:26:10.245  1331  3654 D ActivityManager: mImportantUids connections =1000 by uid = 10401 ConnectionRecord =ConnectionRecord{d18c6d6 u0 CR !FG UI !VIS io.github.ylimit.droidbotapp/.DroidBotIME:@a6a8af1}
09-24 18:26:10.256  1331  3656 D ActivityManager: mImportantUids connections =1000 by uid = 10401 ConnectionRecord =ConnectionRecord{51b305 u0 CR FGSA io.github.ylimit.droidbotapp/io.github.privacystreams.accessibility.PSAccessibilityService:@a5de7c}
09-24 18:26:10.256  1331  3656 D ActivityManager: mImportantUids connections =1000 by uid = 10401 ConnectionRecord =ConnectionRecord{d18c6d6 u0 CR !FG UI !VIS io.github.ylimit.droidbotapp/.DroidBotIME:@a6a8af1}
09-24 18:26:10.300  1331  4507 I ActivityManager: START u0 {flg=0x14880000 cmp=com.heaven.assistant/com.startapp.android.publish.list3d.List3DActivity (has extras)} from uid 10494 pid 14488 on display 0
09-24 18:26:10.305  3889  3889 I StatusBarIconController:  appTransitionPending
09-24 18:26:10.346 14488 14488 W cr_AwContents: onDetachedFromWindow called when already detached. Ignoring
09-24 18:26:10.354  4131  4131 D wpa_supplicant: wlan0: Control interface command 'SIGNAL_POLL'
09-24 18:26:10.356  4131  4131 D wpa_supplicant: CTRL-DEBUG: global_ctrl_sock-sendto: sock=12 sndbuf=212992 outq=0 send_len=48
09-24 18:26:10.369  1331  1339 I art     : Background partial concurrent mark sweep GC freed 35858(2MB) AllocSpace objects, 21(452KB) LOS objects, 33% free, 25MB/38MB, paused 2.202ms total 149.534ms
09-24 18:26:10.370 14488 14488 W cr_AwContents: onDetachedFromWindow called when already detached. Ignoring
09-24 18:26:10.376  1331  4500 W ActivityManager_Service: Unable to start service Intent { act=com.googlecode.eyesfree.braille.service.ACTION_SELF_BRAILLE_SERVICE pkg=com.googlecode.eyesfree.brailleback } U=0: not found
09-24 18:26:10.376 14671 14671 E d       : Failed to bind to service
09-24 18:26:10.380 14488 14541 E AbstractTracker: Can't create handler inside thread that has not called Looper.prepare()
09-24 18:26:10.380 14488 14541 D AppTracker: App Event: start
09-24 18:26:10.390 14488 14870 W Settings: Setting install_non_market_apps has moved from android.provider.Settings.Global to android.provider.Settings.Secure, returning read-only value.
09-24 18:26:10.399  3889  3889 D PhoneStatusBar: setSystemUiVisibility vis=8000 mask=ffffffff oldVal=a610 newVal=8000 diff=2610
09-24 18:26:10.399  3889  3889 I StatusBarIconController: setIconsDark dark:false animate:true currentDark:true mTransitionPending:true mTransitionDeferring:false mPendingDarkIntensity:0.0
09-24 18:26:10.399  3889  3889 I StatusBarIconController: animateIconTint:0.0 mDarkIntensity:1.0
09-24 18:26:10.399  3889  3889 I StatusBarIconController: setIconTintInternal:1.0
09-24 18:26:10.402 14488 14543 E AbstractTracker: Can't create handler inside thread that has not called Looper.prepare()
09-24 18:26:10.402 14488 14543 D AppTracker: App Event: stop
09-24 18:26:10.406  1331  3823 D ActivityManager: mImportantUids connections =1000 by uid = 10401 ConnectionRecord =ConnectionRecord{51b305 u0 CR FGSA io.github.ylimit.droidbotapp/io.github.privacystreams.accessibility.PSAccessibilityService:@a5de7c}
09-24 18:26:10.406  1331  3823 D ActivityManager: mImportantUids connections =1000 by uid = 10401 ConnectionRecord =ConnectionRecord{d18c6d6 u0 CR !FG UI !VIS io.github.ylimit.droidbotapp/.DroidBotIME:@a6a8af1}
09-24 18:26:10.408  3889  3889 I StatusBarIconController: setIconTintInternal:1.0
09-24 18:26:10.433  3889  3889 I StatusBarIconController:  appTransitionPending
09-24 18:26:10.433  3889  3889 I StatusBarIconController: setIconTintInternal:0.9493786
09-24 18:26:10.446  1331  3656 D ActivityManager: mImportantUids connections =1000 by uid = 10401 ConnectionRecord =ConnectionRecord{51b305 u0 CR FGSA io.github.ylimit.droidbotapp/io.github.privacystreams.accessibility.PSAccessibilityService:@a5de7c}
09-24 18:26:10.446  1331  3656 D ActivityManager: mImportantUids connections =1000 by uid = 10401 ConnectionRecord =ConnectionRecord{d18c6d6 u0 CR !FG UI !VIS io.github.ylimit.droidbotapp/.DroidBotIME:@a6a8af1}
09-24 18:26:10.473  3889  3889 W PathParser: Points are too far apart 4.030360828967057
09-24 18:26:10.474  3889  3889 W PathParser: Points are too far apart 4.030360538880159
09-24 18:26:10.479  3889  3889 I StatusBarIconController: appTransitionStarting
09-24 18:26:10.479  3889  3889 I StatusBarIconController: setIconTintInternal:0.16050619
09-24 18:26:10.480 14671 14671 W ResourceType: No known package when getting value for resource number 0x022400af
09-24 18:26:10.481 14671 14671 W ResourceType: No known package when getting value for resource number 0x022400af
09-24 18:26:10.483 14671 14671 W ResourceType: No known package when getting value for resource number 0x022400b3
09-24 18:26:10.484 14671 14671 W ResourceType: No known package when getting value for resource number 0x022400b3
09-24 18:26:10.485 14671 14671 W ResourceType: No known package when getting value for resource number 0x022400b4
09-24 18:26:10.486 14671 14671 W ResourceType: No known package when getting value for resource number 0x022400b4
09-24 18:26:10.488 14671 14671 W ResourceType: No known package when getting value for resource number 0x022400b6
09-24 18:26:10.488 14671 14671 W ResourceType: No known package when getting value for resource number 0x022400b6
09-24 18:26:10.490  3889  3889 W PathParser: Points are too far apart 4.030360828967057
09-24 18:26:10.490  3889  3889 W PathParser: Points are too far apart 4.030360538880159
09-24 18:26:10.494 14671 14671 W ResourceType: No known package when getting value for resource number 0x022400b6
09-24 18:26:10.494 14671 14671 W ResourceType: No known package when getting value for resource number 0x022400b6
09-24 18:26:10.500  1331  4587 W InputMethodManagerService: Focus gain on non-focused client com.android.internal.view.IInputMethodClient$Stub$Proxy@de12a7c (uid=10494 pid=14488)
09-24 18:26:10.523  3889  3889 D PhoneStatusBar: setSystemUiVisibility vis=0 mask=ffffffff oldVal=8000 newVal=0 diff=8000
09-24 18:26:10.523  3889  3889 D PhoneStatusBar: checkBarMode:powerSave=false, getBarState()=0
09-24 18:26:10.523  3889  3889 D BarTransitions.PhoneStatusBarView: MODE_TRANSPARENT -> MODE_OPAQUE animate=true
09-24 18:26:10.523  3889  3889 D BarTransitions.PhoneStatusBarView: applyModeBackground oldMode=MODE_TRANSPARENT newMode=MODE_OPAQUE animate=true
09-24 18:26:10.523  3889  3889 I StatusBarIconController: setIconsDark dark:false animate:true currentDark:true mTransitionPending:false mTransitionDeferring:false mPendingDarkIntensity:0.0
09-24 18:26:10.524  3889  3889 I StatusBarIconController: animateIconTint:0.0 mDarkIntensity:0.16050619
09-24 18:26:10.524  3889  3889 I StatusBarIconController: setIconTintInternal:0.16050619
09-24 18:26:10.525  3889  3889 I StatusBarIconController: setIconTintInternal:0.16050619
09-24 18:26:10.540  3889  3889 D BarBackgroundDrawable: BarTransitions: draw: mode=MODE_OPAQUE, targetColor=0xff000000
09-24 18:26:10.540  3889  3889 D BarBackgroundDrawable: BarTransitions: drawColor:0x15000000
09-24 18:26:10.564  3889  3889 I StatusBarIconController: setIconTintInternal:0.15115285
09-24 18:26:10.578  3889  3889 D BarBackgroundDrawable: BarTransitions: draw: mode=MODE_OPAQUE, targetColor=0xff000000
09-24 18:26:10.578  3889  3889 D BarBackgroundDrawable: BarTransitions: drawColor:0x46000000
09-24 18:26:10.580  3889  3889 W PathParser: Points are too far apart 4.030360828967057
09-24 18:26:10.580  3889  3889 W PathParser: Points are too far apart 4.030360538880159
09-24 18:26:10.589  3889  3889 I StatusBarIconController: setIconTintInternal:0.057175837
09-24 18:26:10.621  3889  3889 D BarBackgroundDrawable: BarTransitions: draw: mode=MODE_OPAQUE, targetColor=0xff000000
09-24 18:26:10.622  3889  3889 D BarBackgroundDrawable: BarTransitions: drawColor:0x7e000000
09-24 18:26:10.623  3889  3889 W PathParser: Points are too far apart 4.030360828967057
09-24 18:26:10.623  3889  3889 W PathParser: Points are too far apart 4.030360538880159
09-24 18:26:10.635  3889  3889 I StatusBarIconController: setIconTintInternal:0.0027916282
09-24 18:26:10.642  3889  3889 D BarBackgroundDrawable: BarTransitions: draw: mode=MODE_OPAQUE, targetColor=0xff000000
09-24 18:26:10.642  3889  3889 D BarBackgroundDrawable: BarTransitions: drawColor:0x97000000
09-24 18:26:10.644  3889  3889 W PathParser: Points are too far apart 4.030360828967057
09-24 18:26:10.644  3889  3889 W PathParser: Points are too far apart 4.030360538880159
09-24 18:26:10.646   357   357 W auditd  : type=1400 "MemoryCheckThre""mem""debugfs"
09-24 18:26:10.646   357   357 W auditd  : type=1400 "MemoryCheckThre""mem""debugfs"
09-24 18:26:10.671  3889  3889 I StatusBarIconController: setIconTintInternal:1.5960634E-4
09-24 18:26:10.682 14488 14547 E AbstractTracker: Can't create handler inside thread that has not called Looper.prepare()
09-24 18:26:10.683 14488 14547 D AppTracker: App Event: start
09-24 18:26:10.684  3889  3889 D BarBackgroundDrawable: BarTransitions: draw: mode=MODE_OPAQUE, targetColor=0xff000000
09-24 18:26:10.684  3889  3889 D BarBackgroundDrawable: BarTransitions: drawColor:0xcd000000
09-24 18:26:10.686   357   357 W auditd  : type=1400 "Binder_7""socket:[432458]""sockfs"
09-24 18:26:10.686   357   357 W auditd  : type=1400 "Binder_7""socket:[432458]""sockfs"
09-24 18:26:10.687  3889  3889 I StatusBarIconController: setIconTintInternal:0.0
09-24 18:26:10.695  3889  3889 D BarBackgroundDrawable: BarTransitions: draw: mode=MODE_OPAQUE, targetColor=0xff000000
09-24 18:26:10.695  3889  3889 D BarBackgroundDrawable: BarTransitions: drawColor:0xdb000000
09-24 18:26:10.704  3889  3889 D BarBackgroundDrawable: BarTransitions: draw: mode=MODE_OPAQUE, targetColor=0xff000000
09-24 18:26:10.704  3889  3889 D BarBackgroundDrawable: BarTransitions: drawColor:0xe6000000
09-24 18:26:10.710  3889  3889 D BarBackgroundDrawable: BarTransitions: draw: mode=MODE_OPAQUE, targetColor=0xff000000
09-24 18:26:10.710  3889  3889 D BarBackgroundDrawable: BarTransitions: drawColor:0xee000000
09-24 18:26:10.722  1331  4402 D GpsLocationProvider: reportNmea $GPGSV,2,1,07,05,12,108,,08,00,000,,10,16,299,,12,00,000,*7D  timestamp = 1506248770722
09-24 18:26:10.722  1331  4402 D GpsLocationProvider: reportNmea $GPGSV,2,2,07,13,29,050,,14,00,000,,15,62,039,*4D  timestamp = 1506248770722
09-24 18:26:10.722  1331  4402 D GpsLocationProvider: reportNmea $GLGSV,3,1,11,66,09,080,,82,20,215,,77,44,090,,76,15,028,*6E  timestamp = 1506248770722
09-24 18:26:10.722  1331  4402 D GpsLocationProvider: reportNmea $GLGSV,3,2,11,79,00,000,,69,01,282,,84,15,330,,83,38,272,*63  timestamp = 1506248770722
09-24 18:26:10.723  1331  4402 D GpsLocationProvider: reportNmea $GLGSV,3,3,11,81,00,000,,67,49,039,,68,41,312,*51  timestamp = 1506248770722
09-24 18:26:10.723  1331  4402 D GpsLocationProvider: reportNmea $GPGSA,A,1,,,,,,,,,,,,,,,*1E  timestamp = 1506248770723
09-24 18:26:10.723  1331  4402 D GpsLocationProvider: reportNmea $GPVTG,,T,,M,,N,,K,N*2C  timestamp = 1506248770723
09-24 18:26:10.723  1331  4402 D GpsLocationProvider: reportNmea $GPRMC,,V,,,,,,,,,,N*53  timestamp = 1506248770723
09-24 18:26:10.723  1331  4402 D GpsLocationProvider: reportNmea $GPGGA,,,,,,0,,,,,,,,*66  timestamp = 1506248770723
09-24 18:26:10.725  3889  3889 D BarBackgroundDrawable: BarTransitions: draw: mode=MODE_OPAQUE, targetColor=0xff000000
09-24 18:26:10.725  3889  3889 D BarBackgroundDrawable: BarTransitions: drawColor:0xff000000
09-24 18:26:10.922 14488 14548 V RenderScript: 0x7f77664000 Launching thread(s), CPUs 8
09-24 18:26:10.938   357   357 W auditd  : type=1400 "Binder_4""socket:[426676]""sockfs"
09-24 18:26:10.937  1331  3663 I ActivityManager: Displayed com.heaven.assistant/com.startapp.android.publish.list3d.List3DActivity: +532ms
09-24 18:26:10.939   357   357 W auditd  : type=1400 "Binder_4""socket:[426676]""sockfs"
09-24 18:26:10.940 14488 14488 W ResourceType: No known package when getting name for resource number 0x57f00000
09-24 18:26:10.941 14488 14488 W ResourceType: No known package when getting name for resource number 0x57f00001
09-24 18:26:10.962 14488 14488 W ResourceType: No known package when getting name for resource number 0x57f00000
09-24 18:26:10.963 14488 14488 W ResourceType: No known package when getting name for resource number 0x57f00001
09-24 18:26:10.972 14488 14488 W ResourceType: No known package when getting name for resource number 0x57f00000
09-24 18:26:10.973 14488 14488 W ResourceType: No known package when getting name for resource number 0x57f00001
09-24 18:26:10.985 14488 14488 W ResourceType: No known package when getting name for resource number 0x57f00000
09-24 18:26:10.985 14488 14488 W ResourceType: No known package when getting name for resource number 0x57f00001
09-24 18:26:11.038 14488 14488 W ResourceType: No known package when getting name for resource number 0x57f00000
09-24 18:26:11.038 14488 14488 W ResourceType: No known package when getting name for resource number 0x57f00001
09-24 18:26:11.053  1331  1331 I DeviceIdleController: updateChargingLocked: charging=true
09-24 18:26:11.053  1331  1331 I DeviceIdleController: becomeActiveLocked, reason = charging
09-24 18:26:11.057  5111  5111 D AbstractProcessor: onBatteryChange Percent:62 State:2 
09-24 18:26:11.059 14488 14488 W ResourceType: No known package when getting name for resource number 0x57f00000
09-24 18:26:11.060 14488 14488 W ResourceType: No known package when getting name for resource number 0x57f00001
09-24 18:26:11.074 14488 14488 W ResourceType: No known package when getting name for resource number 0x57f00000
09-24 18:26:11.075 14488 14488 W ResourceType: No known package when getting name for resource number 0x57f00001
09-24 18:26:11.096 14488 14488 W ResourceType: No known package when getting name for resource number 0x57f00000
09-24 18:26:11.096 14488 14488 W ResourceType: No known package when getting name for resource number 0x57f00001
09-24 18:26:11.125 14488 14488 W ResourceType: No known package when getting name for resource number 0x57f00000
09-24 18:26:11.126 14488 14488 W ResourceType: No known package when getting name for resource number 0x57f00001
09-24 18:26:11.137 14488 14488 W ResourceType: No known package when getting name for resource number 0x57f00000
09-24 18:26:11.138 14488 14488 W ResourceType: No known package when getting name for resource number 0x57f00001
09-24 18:26:11.149 14488 14488 W ResourceType: No known package when getting name for resource number 0x57f00000
09-24 18:26:11.150 14488 14488 W ResourceType: No known package when getting name for resource number 0x57f00001
09-24 18:26:11.161  1331  4525 D ActivityManager: mImportantUids connections =1000 by uid = 10401 ConnectionRecord =ConnectionRecord{51b305 u0 CR FGSA io.github.ylimit.droidbotapp/io.github.privacystreams.accessibility.PSAccessibilityService:@a5de7c}
09-24 18:26:11.161  1331  4525 D ActivityManager: mImportantUids connections =1000 by uid = 10401 ConnectionRecord =ConnectionRecord{d18c6d6 u0 CR !FG UI !VIS io.github.ylimit.droidbotapp/.DroidBotIME:@a6a8af1}
09-24 18:26:11.170 14488 14488 W ResourceType: No known package when getting name for resource number 0x57f00000
09-24 18:26:11.170 14488 14488 W ResourceType: No known package when getting name for resource number 0x57f00001
09-24 18:26:11.181  1331  4525 D ActivityManager: mImportantUids connections =1000 by uid = 10401 ConnectionRecord =ConnectionRecord{51b305 u0 CR FGSA io.github.ylimit.droidbotapp/io.github.privacystreams.accessibility.PSAccessibilityService:@a5de7c}
09-24 18:26:11.181  1331  4525 D ActivityManager: mImportantUids connections =1000 by uid = 10401 ConnectionRecord =ConnectionRecord{d18c6d6 u0 CR !FG UI !VIS io.github.ylimit.droidbotapp/.DroidBotIME:@a6a8af1}
09-24 18:26:11.183 14488 14488 W ResourceType: No known package when getting name for resource number 0x57f00000
09-24 18:26:11.184 14488 14488 W ResourceType: No known package when getting name for resource number 0x57f00001
09-24 18:26:11.188  1331  4525 D ActivityManager: mImportantUids connections =1000 by uid = 10401 ConnectionRecord =ConnectionRecord{51b305 u0 CR FGSA io.github.ylimit.droidbotapp/io.github.privacystreams.accessibility.PSAccessibilityService:@a5de7c}
09-24 18:26:11.188  1331  4525 D ActivityManager: mImportantUids connections =1000 by uid = 10401 ConnectionRecord =ConnectionRecord{d18c6d6 u0 CR !FG UI !VIS io.github.ylimit.droidbotapp/.DroidBotIME:@a6a8af1}
09-24 18:26:11.205 14488 14488 W ResourceType: No known package when getting name for resource number 0x57f00000
09-24 18:26:11.205 14488 14488 W ResourceType: No known package when getting name for resource number 0x57f00001
09-24 18:26:11.219 14488 14488 W ResourceType: No known package when getting name for resource number 0x57f00000
09-24 18:26:11.220 14488 14488 W ResourceType: No known package when getting name for resource number 0x57f00001
09-24 18:26:11.237  1331  4525 D ActivityManager: mImportantUids connections =1000 by uid = 10401 ConnectionRecord =ConnectionRecord{51b305 u0 CR FGSA io.github.ylimit.droidbotapp/io.github.privacystreams.accessibility.PSAccessibilityService:@a5de7c}
09-24 18:26:11.237  1331  4525 D ActivityManager: mImportantUids connections =1000 by uid = 10401 ConnectionRecord =ConnectionRecord{d18c6d6 u0 CR !FG UI !VIS io.github.ylimit.droidbotapp/.DroidBotIME:@a6a8af1}
09-24 18:26:11.240 14488 14488 W ResourceType: No known package when getting name for resource number 0x57f00000
