09-24 18:26:11.241 14488 14488 W ResourceType: No known package when getting name for resource number 0x57f00001
09-24 18:26:11.256 14488 14488 W ResourceType: No known package when getting name for resource number 0x57f00000
09-24 18:26:11.256 14488 14488 W ResourceType: No known package when getting name for resource number 0x57f00001
09-24 18:26:11.286 14488 14488 W ResourceType: No known package when getting name for resource number 0x57f00000
09-24 18:26:11.287 14488 14488 W ResourceType: No known package when getting name for resource number 0x57f00001
09-24 18:26:11.291 14488 14488 W ResourceType: No known package when getting name for resource number 0x57f00000
09-24 18:26:11.294 14488 14488 W ResourceType: No known package when getting name for resource number 0x57f00001
09-24 18:26:11.297  1331  4622 W ActivityManager: Permission Denial: opening provider net.oneplus.launcher.LauncherProvider from ProcessRecord{d555c31 14671:com.android.browser/u0a62} (pid=14671, uid=10062) requires net.oneplus.launcher.permission.READ_SETTINGS or net.oneplus.launcher.permission.WRITE_SETTINGS
09-24 18:26:11.309  1331  4584 W ActivityManager: Permission Denial: opening provider net.oneplus.launcher.LauncherProvider from ProcessRecord{d555c31 14671:com.android.browser/u0a62} (pid=14671, uid=10062) requires net.oneplus.launcher.permission.READ_SETTINGS or net.oneplus.launcher.permission.WRITE_SETTINGS
09-24 18:26:11.317 14488 14488 W ResourceType: No known package when getting name for resource number 0x57f00000
09-24 18:26:11.318 14488 14488 W ResourceType: No known package when getting name for resource number 0x57f00001
09-24 18:26:11.325  1331  4507 W ActivityManager: Permission Denial: opening provider net.oneplus.launcher.LauncherProvider from ProcessRecord{d555c31 14671:com.android.browser/u0a62} (pid=14671, uid=10062) requires net.oneplus.launcher.permission.READ_SETTINGS or net.oneplus.launcher.permission.WRITE_SETTINGS
09-24 18:26:11.333 14488 14488 W ResourceType: No known package when getting name for resource number 0x57f00000
09-24 18:26:11.334 14488 14488 W ResourceType: No known package when getting name for resource number 0x57f00001
09-24 18:26:11.353 14488 14488 W ResourceType: No known package when getting name for resource number 0x57f00000
09-24 18:26:11.353 14488 14488 W ResourceType: No known package when getting name for resource number 0x57f00001
09-24 18:26:11.413 14488 14488 W ResourceType: No known package when getting name for resource number 0x57f00000
09-24 18:26:11.414 14488 14488 W ResourceType: No known package when getting name for resource number 0x57f00001
09-24 18:26:11.431 14488 14488 W ResourceType: No known package when getting name for resource number 0x57f00000
09-24 18:26:11.431 14488 14488 W ResourceType: No known package when getting name for resource number 0x57f00001
09-24 18:26:11.433   357   357 W auditd  : type=1400 "ps""/proc/350""proc"
09-24 18:26:11.434   357   357 W auditd  : type=1400 "ps""task""proc"
09-24 18:26:11.451  3889  3889 D SystemServicesProxy: exclude com.heaven.assistant
09-24 18:26:11.451  3889  3889 D SystemServicesProxy: exclude com.android.packageinstaller
09-24 18:26:11.451  3889  3889 D SystemServicesProxy: add 8 Task
09-24 18:26:11.451  3889  3889 D RecentsTaskLoadPlan: preloadPlan, 8
09-24 18:26:11.464 14488 14488 W ResourceType: No known package when getting name for resource number 0x57f00000
09-24 18:26:11.465 14488 14488 W ResourceType: No known package when getting name for resource number 0x57f00001
09-24 18:26:11.531 14488 14488 W ResourceType: No known package when getting name for resource number 0x57f00000
09-24 18:26:11.532 14488 14488 W ResourceType: No known package when getting name for resource number 0x57f00001
09-24 18:26:11.558 14671 14695 W art     : Verification of com.tencent.mtt.external.market.inhost.IQQMarketJsExtensions com.tencent.mtt.external.market.outhost.QQMarketInterfaceImpl.createQQMarketJsExtensions(com.tencent.mtt.browser.g.b) took 186.706ms
09-24 18:26:11.593 14488 14488 W ResourceType: No known package when getting name for resource number 0x57f00000
09-24 18:26:11.604 14488 14488 W ResourceType: No known package when getting name for resource number 0x57f00001
09-24 18:26:11.627 14488 14488 W ResourceType: No known package when getting name for resource number 0x57f00000
09-24 18:26:11.628 14488 14488 W ResourceType: No known package when getting name for resource number 0x57f00001
09-24 18:26:11.630  1331  4475 W ActivityManager_Service: Unable to start service Intent { act=com.googlecode.eyesfree.braille.service.ACTION_SELF_BRAILLE_SERVICE pkg=com.googlecode.eyesfree.brailleback } U=0: not found
09-24 18:26:11.630 14671 14671 E d       : Failed to bind to service
09-24 18:26:11.634  3889  3899 I art     : Background partial concurrent mark sweep GC freed 33155(2MB) AllocSpace objects, 0(0B) LOS objects, 28% free, 39MB/55MB, paused 1.126ms total 106.325ms
09-24 18:26:11.659 14488 14909 W Settings: Setting install_non_market_apps has moved from android.provider.Settings.Global to android.provider.Settings.Secure, returning read-only value.
09-24 18:26:11.662 14488 14488 W ResourceType: No known package when getting name for resource number 0x57f00000
09-24 18:26:11.663 14488 14488 W ResourceType: No known package when getting name for resource number 0x57f00001
09-24 18:26:11.677 14488 14488 W ResourceType: No known package when getting name for resource number 0x57f00000
09-24 18:26:11.677 14488 14488 W ResourceType: No known package when getting name for resource number 0x57f00001
09-24 18:26:11.705 14488 14488 W ResourceType: No known package when getting name for resource number 0x57f00000
09-24 18:26:11.706 14488 14488 W ResourceType: No known package when getting name for resource number 0x57f00001
09-24 18:26:11.719 14671 14695 W art     : Verification of void com.tencent.mtt.external.market.outhost.QQMarketInterfaceImpl.reportDownloadInfoCancel(com.tencent.mtt.browser.a.c.j, int) took 129.566ms
09-24 18:26:11.721 14488 14488 W ResourceType: No known package when getting name for resource number 0x57f00000
09-24 18:26:11.722 14488 14488 W ResourceType: No known package when getting name for resource number 0x57f00001
09-24 18:26:11.726  1331  4402 D GpsLocationProvider: reportNmea $GPGSV,2,1,07,05,12,108,,08,00,000,,10,16,299,,12,00,000,*7D  timestamp = 1506248771726
09-24 18:26:11.726  1331  4402 D GpsLocationProvider: reportNmea $GPGSV,2,2,07,13,29,050,,14,00,000,,15,62,039,*4D  timestamp = 1506248771726
09-24 18:26:11.726  1331  4402 D GpsLocationProvider: reportNmea $GLGSV,3,1,11,66,09,080,,82,20,215,,77,44,090,,76,15,028,*6E  timestamp = 1506248771726
09-24 18:26:11.726  1331  4402 D GpsLocationProvider: reportNmea $GLGSV,3,2,11,79,00,000,,69,01,282,,84,15,330,,83,38,272,*63  timestamp = 1506248771726
09-24 18:26:11.726  1331  4402 D GpsLocationProvider: reportNmea $GLGSV,3,3,11,81,00,000,,67,49,039,,68,41,312,*51  timestamp = 1506248771726
09-24 18:26:11.726  1331  4402 D GpsLocationProvider: reportNmea $GPGSA,A,1,,,,,,,,,,,,,,,*1E  timestamp = 1506248771726
09-24 18:26:11.727  1331  4402 D GpsLocationProvider: reportNmea $GPVTG,,T,,M,,N,,K,N*2C  timestamp = 1506248771727
09-24 18:26:11.727  1331  4402 D GpsLocationProvider: reportNmea $GPRMC,,V,,,,,,,,,,N*53  timestamp = 1506248771727
09-24 18:26:11.727  1331  4402 D GpsLocationProvider: reportNmea $GPGGA,,,,,,0,,,,,,,,*66  timestamp = 1506248771727
09-24 18:26:11.787 14488 14488 W ResourceType: No known package when getting name for resource number 0x57f00000
09-24 18:26:11.788 14488 14488 W ResourceType: No known package when getting name for resource number 0x57f00001
09-24 18:26:11.806 14488 14488 W ResourceType: No known package when getting name for resource number 0x57f00000
09-24 18:26:11.806 14488 14488 W ResourceType: No known package when getting name for resource number 0x57f00001
09-24 18:26:11.824 14488 14488 W ResourceType: No known package when getting name for resource number 0x57f00000
09-24 18:26:11.824 14488 14488 W ResourceType: No known package when getting name for resource number 0x57f00001
09-24 18:26:11.851 14488 14488 W ResourceType: No known package when getting name for resource number 0x57f00000
09-24 18:26:11.852 14488 14488 W ResourceType: No known package when getting name for resource number 0x57f00001
09-24 18:26:11.877 14671 14695 W ResourceType: No package identifier when getting value for resource number 0x00000000
09-24 18:26:11.878 14671 14695 W ResourceType: No package identifier when getting value for resource number 0x00000000
09-24 18:26:11.878 14671 14695 W ResourceType: No package identifier when getting value for resource number 0x00000000
09-24 18:26:11.878 14671 14695 W ResourceType: No package identifier when getting value for resource number 0x00000000
09-24 18:26:11.879 14671 14695 W ResourceType: No package identifier when getting value for resource number 0x00000000
09-24 18:26:11.880 14671 14695 W ResourceType: No package identifier when getting value for resource number 0x00000000
09-24 18:26:11.902 14488 14488 W ResourceType: No known package when getting name for resource number 0x57f00000
09-24 18:26:11.903 14488 14488 W ResourceType: No known package when getting name for resource number 0x57f00001
09-24 18:26:11.917 14488 14908 W Settings: Setting install_non_market_apps has moved from android.provider.Settings.Global to android.provider.Settings.Secure, returning read-only value.
09-24 18:26:11.920 14488 14488 W ResourceType: No known package when getting name for resource number 0x57f00000
09-24 18:26:11.920 14488 14488 W ResourceType: No known package when getting name for resource number 0x57f00001
09-24 18:26:11.940 14488 14488 W ResourceType: No known package when getting name for resource number 0x57f00000
09-24 18:26:11.941 14488 14488 W ResourceType: No known package when getting name for resource number 0x57f00001
09-24 18:26:11.946  1331  4525 W ActivityManager: Permission Denial: opening provider net.oneplus.launcher.LauncherProvider from ProcessRecord{d555c31 14671:com.android.browser/u0a62} (pid=14671, uid=10062) requires net.oneplus.launcher.permission.READ_SETTINGS or net.oneplus.launcher.permission.WRITE_SETTINGS
09-24 18:26:11.959 14488 14488 W ResourceType: No known package when getting name for resource number 0x57f00000
09-24 18:26:11.960 14488 14488 W ResourceType: No known package when getting name for resource number 0x57f00001
09-24 18:26:11.986 14488 14488 W ResourceType: No known package when getting name for resource number 0x57f00000
09-24 18:26:11.987 14488 14488 W ResourceType: No known package when getting name for resource number 0x57f00001
09-24 18:26:12.006 14488 14488 W ResourceType: No known package when getting name for resource number 0x57f00000
09-24 18:26:12.007 14488 14488 W ResourceType: No known package when getting name for resource number 0x57f00001
09-24 18:26:12.021 14488 14488 W ResourceType: No known package when getting name for resource number 0x57f00000
09-24 18:26:12.022 14488 14488 W ResourceType: No known package when getting name for resource number 0x57f00001
09-24 18:26:12.035 14488 14488 W ResourceType: No known package when getting name for resource number 0x57f00000
09-24 18:26:12.036 14488 14488 W ResourceType: No known package when getting name for resource number 0x57f00001
09-24 18:26:12.046 14488 14488 W ResourceType: No known package when getting name for resource number 0x57f00000
09-24 18:26:12.047 14488 14488 W ResourceType: No known package when getting name for resource number 0x57f00001
09-24 18:26:12.057 14488 14488 W ResourceType: No known package when getting name for resource number 0x57f00000
09-24 18:26:12.057 14488 14488 W ResourceType: No known package when getting name for resource number 0x57f00001
09-24 18:26:12.071 14488 14488 W ResourceType: No known package when getting name for resource number 0x57f00000
09-24 18:26:12.071 14488 14488 W ResourceType: No known package when getting name for resource number 0x57f00001
09-24 18:26:12.090 14488 14488 W ResourceType: No known package when getting name for resource number 0x57f00000
09-24 18:26:12.091 14488 14488 W ResourceType: No known package when getting name for resource number 0x57f00001
09-24 18:26:12.111 14488 14488 W ResourceType: No known package when getting name for resource number 0x57f00000
09-24 18:26:12.112 14488 14488 W ResourceType: No known package when getting name for resource number 0x57f00001
09-24 18:26:12.137 14488 14488 W ResourceType: No known package when getting name for resource number 0x57f00000
09-24 18:26:12.138 14488 14488 W ResourceType: No known package when getting name for resource number 0x57f00001
09-24 18:26:12.157 14488 14488 W ResourceType: No known package when getting name for resource number 0x57f00000
09-24 18:26:12.157 14488 14488 W ResourceType: No known package when getting name for resource number 0x57f00001
09-24 18:26:12.172 14488 14488 W ResourceType: No known package when getting name for resource number 0x57f00000
09-24 18:26:12.173 14488 14488 W ResourceType: No known package when getting name for resource number 0x57f00001
09-24 18:26:12.188 14488 14488 W ResourceType: No known package when getting name for resource number 0x57f00000
09-24 18:26:12.189 14488 14488 W ResourceType: No known package when getting name for resource number 0x57f00001
09-24 18:26:12.207 14488 14488 W ResourceType: No known package when getting name for resource number 0x57f00000
09-24 18:26:12.208 14488 14488 W ResourceType: No known package when getting name for resource number 0x57f00001
09-24 18:26:12.223 14488 14488 W ResourceType: No known package when getting name for resource number 0x57f00000
09-24 18:26:12.224 14488 14488 W ResourceType: No known package when getting name for resource number 0x57f00001
09-24 18:26:12.239 14488 14488 W ResourceType: No known package when getting name for resource number 0x57f00000
09-24 18:26:12.239 14488 14488 W ResourceType: No known package when getting name for resource number 0x57f00001
09-24 18:26:12.253 14488 14488 W ResourceType: No known package when getting name for resource number 0x57f00000
09-24 18:26:12.254 14488 14488 W ResourceType: No known package when getting name for resource number 0x57f00001
09-24 18:26:12.272 14488 14488 W ResourceType: No known package when getting name for resource number 0x57f00000
09-24 18:26:12.272 14488 14488 W ResourceType: No known package when getting name for resource number 0x57f00001
09-24 18:26:12.292 14488 14488 W ResourceType: No known package when getting name for resource number 0x57f00000
09-24 18:26:12.292 14488 14488 W ResourceType: No known package when getting name for resource number 0x57f00001
09-24 18:26:12.308 14488 14488 W ResourceType: No known package when getting name for resource number 0x57f00000
09-24 18:26:12.309 14488 14488 W ResourceType: No known package when getting name for resource number 0x57f00001
09-24 18:26:12.315  1331  3770 D NtpTrustedTime: currentTimeMillis() cache hit
09-24 18:26:12.321  1331  3770 I TetherStatsReporting: getTetherStats() called NetworkStats: elapsedRealtime=7498262
09-24 18:26:12.321  1331  3770 I TetherStatsReporting:   [0] iface=wlan0 uid=0 set=DEFAULT tag=0x0 rxBytes=1288132 rxPackets=2978 txBytes=127790 txPackets=2786 operations=0
09-24 18:26:12.321  1331  3770 I TetherStatsReporting:   [1] iface=wlan0 uid=0 set=FOREGROUND tag=0x0 rxBytes=0 rxPackets=0 txBytes=0 txPackets=0 operations=0
09-24 18:26:12.321  1331  3770 I TetherStatsReporting:   [2] iface=wlan0 uid=1000 set=DEFAULT tag=0x0 rxBytes=572908 rxPackets=521 txBytes=58452 txPackets=555 operations=0
09-24 18:26:12.321  1331  3770 I TetherStatsReporting:   [3] iface=wlan0 uid=1000 set=FOREGROUND tag=0x0 rxBytes=0 rxPackets=0 txBytes=0 txPackets=0 operations=0
09-24 18:26:12.321  1331  3770 I TetherStatsReporting:   [4] iface=wlan0 uid=10002 set=DEFAULT tag=0x0 rxBytes=1232 rxPackets=4 txBytes=551 txPackets=5 operations=0
09-24 18:26:12.321  1331  3770 I TetherStatsReporting:   [5] iface=wlan0 uid=10002 set=FOREGROUND tag=0x0 rxBytes=0 rxPackets=0 txBytes=0 txPackets=0 operations=0
09-24 18:26:12.321  1331  3770 I TetherStatsReporting:   [6] iface=wlan0 uid=10013 set=DEFAULT tag=0x0 rxBytes=47022 rxPackets=265 txBytes=58788 txPackets=416 operations=0
09-24 18:26:12.321  1331  3770 I TetherStatsReporting:   [7] iface=wlan0 uid=10013 set=FOREGROUND tag=0x0 rxBytes=2215299 rxPackets=2017 txBytes=143995 txPackets=2088 operations=0
09-24 18:26:12.321  1331  3770 I TetherStatsReporting:   [8] iface=wlan0 uid=10018 set=DEFAULT tag=0x0 rxBytes=1432 rxPackets=10 txBytes=2549 txPackets=13 operations=0
09-24 18:26:12.321  1331  3770 I TetherStatsReporting:   [9] iface=wlan0 uid=10018 set=FOREGROUND tag=0x0 rxBytes=0 rxPackets=0 txBytes=0 txPackets=0 operations=0
09-24 18:26:12.321  1331  3770 I TetherStatsReporting:   [10] iface=wlan0 uid=10048 set=DEFAULT tag=0x0 rxBytes=286 rxPackets=4 txBytes=1253 txPackets=6 operations=0
09-24 18:26:12.321  1331  3770 I TetherStatsReporting:   [11] iface=wlan0 uid=10048 set=FOREGROUND tag=0x0 rxBytes=0 rxPackets=0 txBytes=0 txPackets=0 operations=0
09-24 18:26:12.321  1331  3770 I TetherStatsReporting:   [12] iface=wlan0 uid=10062 set=DEFAULT tag=0x0 rxBytes=3768284 rxPackets=3101 txBytes=220852 txPackets=3324 operations=0
09-24 18:26:12.321  1331  3770 I TetherStatsReporting:   [13] iface=wlan0 uid=10062 set=FOREGROUND tag=0x0 rxBytes=1805473 rxPackets=1958 txBytes=313047 txPackets=2236 operations=0
09-24 18:26:12.321  1331  3770 I TetherStatsReporting:   [14] iface=wlan0 uid=10066 set=DEFAULT tag=0x0 rxBytes=2969 rxPackets=14 txBytes=3868 txPackets=18 operations=0
09-24 18:26:12.321  1331  3770 I TetherStatsReporting:   [15] iface=wlan0 uid=10066 set=FOREGROUND tag=0x0 rxBytes=0 rxPackets=0 txBytes=0 txPackets=0 operations=0
09-24 18:26:12.321  1331  3770 I TetherStatsReporting:   [16] iface=wlan0 uid=10069 set=DEFAULT tag=0x0 rxBytes=186865 rxPackets=403 txBytes=59339 txPackets=500 operations=0
09-24 18:26:12.321  1331  3770 I TetherStatsReporting:   [17] iface=wlan0 uid=10069 set=FOREGROUND tag=0x0 rxBytes=0 rxPackets=0 txBytes=0 txPackets=0 operations=0
09-24 18:26:12.321  1331  3770 I TetherStatsReporting:   [18] iface=wlan0 uid=10071 set=DEFAULT tag=0x0 rxBytes=76 rxPackets=1 txBytes=76 txPackets=1 operations=0
09-24 18:26:12.321  1331  3770 I TetherStatsReporting:   [19] iface=wlan0 uid=10071 set=FOREGROUND tag=0x0 rxBytes=0 rxPackets=0 txBytes=0 txPackets=0 operations=0
09-24 18:26:12.321  1331  3770 I TetherStatsReporting:   [20] iface=wlan0 uid=10072 set=DEFAULT tag=0x0 rxBytes=7739 rxPackets=8 txBytes=756 txPackets=10 operations=0
09-24 18:26:12.321  1331  3770 I TetherStatsReporting:   [21] iface=wlan0 uid=10072 set=FOREGROUND tag=0x0 rxBytes=0 rxPackets=0 txBytes=0 txPackets=0 operations=0
09-24 18:26:12.321  1331  3770 I TetherStatsReporting:   [22] iface=wlan0 uid=10094 set=DEFAULT tag=0x0 rxBytes=726 rxPackets=4 txBytes=1562 txPackets=6 operations=0
09-24 18:26:12.321  1331  3770 I TetherStatsReporting:   [23] iface=wlan0 uid=10094 set=FOREGROUND tag=0x0 rxBytes=0 rxPackets=0 txBytes=0 txPackets=0 operations=0
09-24 18:26:12.321  1331  3770 I TetherStatsReporting:   [24] iface=wlan0 uid=10096 set=DEFAULT tag=0x0 rxBytes=2280 rxPackets=28 txBytes=9893 txPackets=52 operations=0
09-24 18:26:12.321  1331  3770 I TetherStatsReporting:   [25] iface=wlan0 uid=10096 set=FOREGROUND tag=0x0 rxBytes=20460 rxPackets=80 txBytes=24322 txPackets=103 operations=0
09-24 18:26:12.321  1331  3770 I TetherStatsReporting:   [26] iface=wlan0 uid=10197 set=DEFAULT tag=0x0 rxBytes=152097 rxPackets=752 txBytes=82164 txPackets=954 operations=0
09-24 18:26:12.321  1331  3770 I TetherStatsReporting:   [27] iface=wlan0 uid=10197 set=FOREGROUND tag=0x0 rxBytes=388017 rxPackets=887 txBytes=87871 txPackets=1065 operations=0
09-24 18:26:12.321  1331  3770 I TetherStatsReporting:   [28] iface=wlan0 uid=10494 set=DEFAULT tag=0x0 rxBytes=183916 rxPackets=164 txBytes=14979 txPackets=177 operations=0
09-24 18:26:12.321  1331  3770 I TetherStatsReporting:   [29] iface=wlan0 uid=10494 set=FOREGROUND tag=0x0 rxBytes=30698 rxPackets=37 txBytes=11583 txPackets=57 operations=0
09-24 18:26:12.321  1331  3770 I TetherStatsReporting:   [30] iface=wlan0 uid=10066 set=DEFAULT tag=0x3c9bead5 rxBytes=1143 rxPackets=3 txBytes=424 txPackets=4 operations=0
09-24 18:26:12.321  1331  3770 I TetherStatsReporting:   [31] iface=wlan0 uid=10066 set=FOREGROUND tag=0x3c9bead5 rxBytes=0 rxPackets=0 txBytes=0 txPackets=0 operations=0
09-24 18:26:12.321  1331  3770 I TetherStatsReporting:   [32] iface=dummy0 uid=0 set=DEFAULT tag=0x0 rxBytes=0 rxPackets=0 txBytes=168 txPackets=3 operations=0
09-24 18:26:12.321  1331  3770 I TetherStatsReporting:   [33] iface=dummy0 uid=0 set=FOREGROUND tag=0x0 rxBytes=0 rxPackets=0 txBytes=0 txPackets=0 operations=0
09-24 18:26:12.321  1331  3770 I TetherStatsReporting:   [34] iface=lo uid=0 set=DEFAULT tag=0x0 rxBytes=244232 rxPackets=153 txBytes=7388 txPackets=121 operations=0
09-24 18:26:12.321  1331  3770 I TetherStatsReporting:   [35] iface=lo 
09-24 18:26:12.321  1331  3770 I TetherStatsReporting: combining tether stats
09-24 18:26:12.325 14488 14488 W ResourceType: No known package when getting name for resource number 0x57f00000
09-24 18:26:12.326 14488 14488 W ResourceType: No known package when getting name for resource number 0x57f00001
09-24 18:26:12.329  4623  4635 D QtiTetherService/IpaWrapper: getStats(false)
09-24 18:26:12.330  1331  3770 D NtpTrustedTime: currentTimeMillis() cache hit
09-24 18:26:12.331  1331  3771 D NtpTrustedTime: currentTimeMillis() cache hit
09-24 18:26:12.331  1331  3771 D NtpTrustedTime: currentTimeMillis() cache hit
09-24 18:26:12.337 14488 14488 W ResourceType: No known package when getting name for resource number 0x57f00000
09-24 18:26:12.338 14488 14488 W ResourceType: No known package when getting name for resource number 0x57f00001
09-24 18:26:12.352 14488 14488 W ResourceType: No known package when getting name for resource number 0x57f00000
09-24 18:26:12.353 14488 14488 W ResourceType: No known package when getting name for resource number 0x57f00001
09-24 18:26:12.372 14488 14488 W ResourceType: No known package when getting name for resource number 0x57f00000
09-24 18:26:12.373 14488 14488 W ResourceType: No known package when getting name for resource number 0x57f00001
09-24 18:26:12.410 14488 14488 W ResourceType: No known package when getting name for resource number 0x57f00000
09-24 18:26:12.411 14488 14488 W ResourceType: No known package when getting name for resource number 0x57f00001
09-24 18:26:12.522 14488 14488 W ResourceType: No known package when getting name for resource number 0x57f00000
09-24 18:26:12.523 14488 14488 W ResourceType: No known package when getting name for resource number 0x57f00001
09-24 18:26:12.626 14488 14488 W ResourceType: No known package when getting name for resource number 0x57f00000
09-24 18:26:12.627 14488 14488 W ResourceType: No known package when getting name for resource number 0x57f00001
09-24 18:26:12.727  1331  4402 D GpsLocationProvider: reportNmea $GPGSV,2,1,07,05,12,108,,08,00,000,,10,16,299,,12,00,000,*7D  timestamp = 1506248772727
09-24 18:26:12.727  1331  4402 D GpsLocationProvider: reportNmea $GPGSV,2,2,07,13,29,050,,14,00,000,,15,62,039,*4D  timestamp = 1506248772727
09-24 18:26:12.727  1331  4402 D GpsLocationProvider: reportNmea $GLGSV,3,1,11,66,09,080,,82,20,215,,77,44,090,,76,15,028,*6E  timestamp = 1506248772727
09-24 18:26:12.727  1331  4402 D GpsLocationProvider: reportNmea $GLGSV,3,2,11,79,00,000,,69,01,282,,84,15,330,,83,38,272,*63  timestamp = 1506248772727
09-24 18:26:12.727  1331  4402 D GpsLocationProvider: reportNmea $GLGSV,3,3,11,81,00,000,,67,49,039,,68,41,312,*51  timestamp = 1506248772727
09-24 18:26:12.728  1331  4402 D GpsLocationProvider: reportNmea $GPGSA,A,1,,,,,,,,,,,,,,,*1E  timestamp = 1506248772728
09-24 18:26:12.728  1331  4402 D GpsLocationProvider: reportNmea $GPVTG,,T,,M,,N,,K,N*2C  timestamp = 1506248772728
09-24 18:26:12.728  1331  4402 D GpsLocationProvider: reportNmea $GPRMC,,V,,,,,,,,,,N*53  timestamp = 1506248772728
09-24 18:26:12.728  1331  4402 D GpsLocationProvider: reportNmea $GPGGA,,,,,,0,,,,,,,,*66  timestamp = 1506248772728
09-24 18:26:12.743 14488 14488 W ResourceType: No known package when getting name for resource number 0x57f00000
09-24 18:26:12.743 14488 14488 W ResourceType: No known package when getting name for resource number 0x57f00001
09-24 18:26:12.839 14488 14488 W ResourceType: No known package when getting name for resource number 0x57f00000
09-24 18:26:12.840 14488 14488 W ResourceType: No known package when getting name for resource number 0x57f00001
09-24 18:26:12.929 14488 14488 W ResourceType: No known package when getting name for resource number 0x57f00000
09-24 18:26:12.930 14488 14488 W ResourceType: No known package when getting name for resource number 0x57f00001
09-24 18:26:12.961 14488 14488 W cr_AwContents: onDetachedFromWindow called when already detached. Ignoring
09-24 18:26:12.967 14488 14488 I cr_Ime  : ImeThread is not enabled.
09-24 18:26:12.995 14488 14488 W cr_BindingManager: Cannot call determinedVisibility() - never saw a connection for the pid: 14488
09-24 18:26:13.030 14488 14488 W ResourceType: No known package when getting name for resource number 0x57f00000
09-24 18:26:13.030 14488 14488 W ResourceType: No known package when getting name for resource number 0x57f00001
09-24 18:26:13.118   357   357 W auditd  : type=1400 "ps""/proc/350""proc"
09-24 18:26:13.123   357   357 W auditd  : type=1400 "ps""task""proc"
09-24 18:26:13.144 14488 14488 W ResourceType: No known package when getting name for resource number 0x57f00000
09-24 18:26:13.145 14488 14488 W ResourceType: No known package when getting name for resource number 0x57f00001
09-24 18:26:13.241 14488 14488 W ResourceType: No known package when getting name for resource number 0x57f00000
09-24 18:26:13.242 14488 14488 W ResourceType: No known package when getting name for resource number 0x57f00001
09-24 18:26:13.342 14488 14488 W ResourceType: No known package when getting name for resource number 0x57f00000
09-24 18:26:13.343 14488 14488 W ResourceType: No known package when getting name for resource number 0x57f00001
09-24 18:26:13.368  4131  4131 D wpa_supplicant: wlan0: Control interface command 'SIGNAL_POLL'
09-24 18:26:13.371  4131  4131 D wpa_supplicant: CTRL-DEBUG: global_ctrl_sock-sendto: sock=12 sndbuf=212992 outq=0 send_len=48
09-24 18:26:13.407 14488 14488 W ResourceType: No known package when getting name for resource number 0x57f00000
09-24 18:26:13.408 14488 14488 W ResourceType: No known package when getting name for resource number 0x57f00001
09-24 18:26:13.466 14488 14488 W ResourceType: No known package when getting name for resource number 0x57f00000
09-24 18:26:13.466 14488 14488 W ResourceType: No known package when getting name for resource number 0x57f00001
09-24 18:26:13.608 14488 14488 W ResourceType: No known package when getting name for resource number 0x57f00000
09-24 18:26:13.610 14488 14488 W ResourceType: No known package when getting name for resource number 0x57f00001
09-24 18:26:13.703 14488 14488 W ResourceType: No known package when getting name for resource number 0x57f00000
09-24 18:26:13.710 14488 14488 W ResourceType: No known package when getting name for resource number 0x57f00001
09-24 18:26:13.724  1331  4402 D GpsLocationProvider: reportNmea $GPGSV,2,1,07,05,12,108,,08,00,000,,10,16,299,,12,00,000,*7D  timestamp = 1506248773724
09-24 18:26:13.724  1331  4402 D GpsLocationProvider: reportNmea $GPGSV,2,2,07,13,29,050,,14,00,000,,15,62,039,*4D  timestamp = 1506248773724
09-24 18:26:13.724  1331  4402 D GpsLocationProvider: reportNmea $GLGSV,3,1,11,66,09,080,,82,20,215,,77,44,090,,76,15,028,*6E  timestamp = 1506248773724
09-24 18:26:13.724  1331  4402 D GpsLocationProvider: reportNmea $GLGSV,3,2,11,79,00,000,,69,01,282,,84,15,330,,83,38,272,*63  timestamp = 1506248773724
09-24 18:26:13.724  1331  4402 D GpsLocationProvider: reportNmea $GLGSV,3,3,11,81,00,000,,67,49,039,,68,41,312,*51  timestamp = 1506248773724
09-24 18:26:13.724  1331  4402 D GpsLocationProvider: reportNmea $GPGSA,A,1,,,,,,,,,,,,,,,*1E  timestamp = 1506248773724
09-24 18:26:13.724  1331  4402 D GpsLocationProvider: reportNmea $GPVTG,,T,,M,,N,,K,N*2C  timestamp = 1506248773724
09-24 18:26:13.724  1331  4402 D GpsLocationProvider: reportNmea $GPRMC,,V,,,,,,,,,,N*53  timestamp = 1506248773724
09-24 18:26:13.725  1331  4402 D GpsLocationProvider: reportNmea $GPGGA,,,,,,0,,,,,,,,*66  timestamp = 1506248773725
09-24 18:26:13.749 14488 14488 W ResourceType: No known package when getting name for resource number 0x57f00000
09-24 18:26:13.750 14488 14488 W ResourceType: No known package when getting name for resource number 0x57f00001
09-24 18:26:13.856  1331  4650 W ActivityManager_Service: Unable to start service Intent { act=com.googlecode.eyesfree.braille.service.ACTION_SELF_BRAILLE_SERVICE pkg=com.googlecode.eyesfree.brailleback } U=0: not found
09-24 18:26:13.860 14671 14671 E d       : Failed to bind to service
09-24 18:26:13.892 14488 14488 W ResourceType: No known package when getting name for resource number 0x57f00000
09-24 18:26:13.893 14488 14488 W ResourceType: No known package when getting name for resource number 0x57f00001
09-24 18:26:13.918  4372  4383 I art     : Background sticky concurrent mark sweep GC freed 89534(4MB) AllocSpace objects, 190(6MB) LOS objects, 30% free, 24MB/35MB, paused 739us total 119.999ms
09-24 18:26:13.992 14488 14488 W ResourceType: No known package when getting name for resource number 0x57f00000
09-24 18:26:13.993 14488 14488 W ResourceType: No known package when getting name for resource number 0x57f00001
09-24 18:26:14.080 14488 14488 W ResourceType: No known package when getting name for resource number 0x57f00000
09-24 18:26:14.081 14488 14488 W ResourceType: No known package when getting name for resource number 0x57f00001
09-24 18:26:14.327 14488 14488 W ResourceType: No known package when getting name for resource number 0x57f00000
09-24 18:26:14.328 14488 14488 W ResourceType: No known package when getting name for resource number 0x57f00001
09-24 18:26:14.378  1331  4398 W ActivityManager_Service: Unable to start service Intent { act=com.googlecode.eyesfree.braille.service.ACTION_SELF_BRAILLE_SERVICE pkg=com.googlecode.eyesfree.brailleback } U=0: not found
09-24 18:26:14.378 14671 14671 E d       : Failed to bind to service
09-24 18:26:14.624 14488 14488 W ResourceType: No known package when getting name for resource number 0x57f00000
09-24 18:26:14.625 14488 14488 W ResourceType: No known package when getting name for resource number 0x57f00001
09-24 18:26:14.723  1331  4402 D GpsLocationProvider: reportNmea $GPGSV,2,1,07,05,12,108,,08,00,000,,10,16,299,,12,00,000,*7D  timestamp = 1506248774723
09-24 18:26:14.723  1331  4402 D GpsLocationProvider: reportNmea $GPGSV,2,2,07,13,29,050,,14,00,000,,15,62,039,*4D  timestamp = 1506248774723
09-24 18:26:14.723  1331  4402 D GpsLocationProvider: reportNmea $GLGSV,3,1,11,66,09,080,,82,20,215,,77,44,090,,76,15,028,*6E  timestamp = 1506248774723
09-24 18:26:14.723  1331  4402 D GpsLocationProvider: reportNmea $GLGSV,3,2,11,79,00,000,,69,01,282,,84,15,330,,83,38,272,*63  timestamp = 1506248774723
09-24 18:26:14.723  1331  4402 D GpsLocationProvider: reportNmea $GLGSV,3,3,11,81,00,000,,67,49,039,,68,41,312,*51  timestamp = 1506248774723
09-24 18:26:14.723  1331  4402 D GpsLocationProvider: reportNmea $GPGSA,A,1,,,,,,,,,,,,,,,*1E  timestamp = 1506248774723
09-24 18:26:14.723  1331  4402 D GpsLocationProvider: reportNmea $GPVTG,,T,,M,,N,,K,N*2C  timestamp = 1506248774723
09-24 18:26:14.723  1331  4402 D GpsLocationProvider: reportNmea $GPRMC,,V,,,,,,,,,,N*53  timestamp = 1506248774723
09-24 18:26:14.723  1331  4402 D GpsLocationProvider: reportNmea $GPGGA,,,,,,0,,,,,,,,*66  timestamp = 1506248774723
09-24 18:26:14.857 14488 14488 W ResourceType: No known package when getting name for resource number 0x57f00000
09-24 18:26:14.858 14488 14488 W ResourceType: No known package when getting name for resource number 0x57f00001
09-24 18:26:14.902   357   357 W auditd  : type=1400 "ps""/proc/350""proc"
09-24 18:26:14.902   357   357 W auditd  : type=1400 "ps""task""proc"
09-24 18:26:15.632  1331  3654 W ActivityManager_Service: Unable to start service Intent { act=com.googlecode.eyesfree.braille.service.ACTION_SELF_BRAILLE_SERVICE pkg=com.googlecode.eyesfree.brailleback } U=0: not found
09-24 18:26:15.633 14671 14671 E d       : Failed to bind to service
09-24 18:26:15.723  1331  4402 D GpsLocationProvider: reportNmea $GPGSV,2,1,07,05,12,108,,08,00,000,,10,16,299,,12,00,000,*7D  timestamp = 1506248775723
09-24 18:26:15.723  1331  4402 D GpsLocationProvider: reportNmea $GPGSV,2,2,07,13,29,050,,14,00,000,,15,62,039,*4D  timestamp = 1506248775723
09-24 18:26:15.723  1331  4402 D GpsLocationProvider: reportNmea $GLGSV,3,1,11,66,09,080,,82,20,215,,77,44,090,,76,15,028,*6E  timestamp = 1506248775723
09-24 18:26:15.723  1331  4402 D GpsLocationProvider: reportNmea $GLGSV,3,2,11,79,00,000,,69,01,282,,84,15,330,,83,38,272,*63  timestamp = 1506248775723
09-24 18:26:15.724  1331  4402 D GpsLocationProvider: reportNmea $GLGSV,3,3,11,81,00,000,,67,49,039,,68,41,312,*51  timestamp = 1506248775724
09-24 18:26:15.724  1331  4402 D GpsLocationProvider: reportNmea $GPGSA,A,1,,,,,,,,,,,,,,,*1E  timestamp = 1506248775724
09-24 18:26:15.724  1331  4402 D GpsLocationProvider: reportNmea $GPVTG,,T,,M,,N,,K,N*2C  timestamp = 1506248775724
09-24 18:26:15.724  1331  4402 D GpsLocationProvider: reportNmea $GPRMC,,V,,,,,,,,,,N*53  timestamp = 1506248775724
09-24 18:26:15.724  1331  4402 D GpsLocationProvider: reportNmea $GPGGA,,,,,,0,,,,,,,,*66  timestamp = 1506248775724
09-24 18:26:15.734 14488 14488 W cr_ScreenOrientation: Removing an inexistent observer!
09-24 18:26:16.138 14974 14974 D AndroidRuntime: >>>>>> START com.android.internal.os.RuntimeInit uid 2000 <<<<<<
09-24 18:26:16.147 14974 14974 D AndroidRuntime: CheckJNI is OFF
09-24 18:26:16.217 14974 14974 D ICU     : No timezone override file found: /data/misc/zoneinfo/current/icu/icu_tzdata.dat
09-24 18:26:16.287 14974 14974 I Radio-JNI: register_android_hardware_Radio DONE
09-24 18:26:16.346 14974 14974 D AndroidRuntime: Calling main entry com.android.commands.input.Input
09-24 18:26:16.349 14974 14974 I Input   : injectKeyEvent: KeyEvent { action=ACTION_DOWN, keyCode=KEYCODE_BACK, scanCode=0, metaState=0, flags=0x0, repeatCount=0, eventTime=7502296, downTime=7502296, deviceId=-1, source=0x101 }
09-24 18:26:16.359 14974 14974 I Input   : injectKeyEvent: KeyEvent { action=ACTION_UP, keyCode=KEYCODE_BACK, scanCode=0, metaState=0, flags=0x0, repeatCount=0, eventTime=7502296, downTime=7502296, deviceId=-1, source=0x101 }
09-24 18:26:16.368  3889  3889 I StatusBarIconController:  appTransitionPending
09-24 18:26:16.382  4131  4131 D wpa_supplicant: wlan0: Control interface command 'SIGNAL_POLL'
09-24 18:26:16.387  4131  4131 D wpa_supplicant: CTRL-DEBUG: global_ctrl_sock-sendto: sock=12 sndbuf=212992 outq=0 send_len=48
09-24 18:26:16.396  1331  3827 I ActivityManager_Thumbnails: Setting thumbnail of ActivityRecord{d171820 u0 com.heaven.assistant/com.startapp.android.publish.list3d.List3DActivity t1124 f} to android.graphics.Bitmap@9f35703
09-24 18:26:16.398 14974 14974 D AndroidRuntime: Shutting down VM
09-24 18:26:16.404  1331  4526 W ActivityManager: Finishing task with all activities already finished
09-24 18:26:16.404  1331  4526 W ActivityManager: Duplicate finish request for ActivityRecord{d171820 u0 com.heaven.assistant/com.startapp.android.publish.list3d.List3DActivity t1124 f}
09-24 18:26:16.405 14488 14549 E AbstractTracker: Can't create handler inside thread that has not called Looper.prepare()
09-24 18:26:16.405 14488 14549 D AppTracker: App Event: stop
09-24 18:26:16.408  1331  4650 D ActivityManager: mImportantUids connections =1000 by uid = 10401 ConnectionRecord =ConnectionRecord{51b305 u0 CR FGSA io.github.ylimit.droidbotapp/io.github.privacystreams.accessibility.PSAccessibilityService:@a5de7c}
09-24 18:26:16.408  3889  3889 I StatusBarIconController:  appTransitionPending
09-24 18:26:16.408  1331  4650 D ActivityManager: mImportantUids connections =1000 by uid = 10401 ConnectionRecord =ConnectionRecord{d18c6d6 u0 CR !FG UI !VIS io.github.ylimit.droidbotapp/.DroidBotIME:@a6a8af1}
09-24 18:26:16.446  1331  4398 I ActivityManager: START u0 {flg=0x14880000 cmp=com.heaven.assistant/com.startapp.android.publish.AppWallActivity (has extras)} from uid 10494 pid 14488 on display 0
09-24 18:26:16.452  3889  3889 I StatusBarIconController:  appTransitionPending
09-24 18:26:16.476 14488 14488 W cr_AwContents: onDetachedFromWindow called when already detached. Ignoring
09-24 18:26:16.485   357   357 W auditd  : type=1400 "ps""/proc/350""proc"
09-24 18:26:16.497   357   357 W auditd  : type=1400 "ps""task""proc"
09-24 18:26:16.509 14488 14488 W cr_AwContents: onDetachedFromWindow called when already detached. Ignoring
09-24 18:26:16.517 14488 14988 W Settings: Setting install_non_market_apps has moved from android.provider.Settings.Global to android.provider.Settings.Secure, returning read-only value.
09-24 18:26:16.522 14488 14550 E AbstractTracker: Can't create handler inside thread that has not called Looper.prepare()
09-24 18:26:16.522 14488 14550 D AppTracker: App Event: start
09-24 18:26:16.549 14488 14670 E AbstractTracker: Can't create handler inside thread that has not called Looper.prepare()
09-24 18:26:16.549 14488 14670 D AppTracker: App Event: stop
09-24 18:26:16.553  3889  3889 I StatusBarIconController:  appTransitionPending
09-24 18:26:16.553  1331  3653 D ActivityManager: mImportantUids connections =1000 by uid = 10401 ConnectionRecord =ConnectionRecord{51b305 u0 CR FGSA io.github.ylimit.droidbotapp/io.github.privacystreams.accessibility.PSAccessibilityService:@a5de7c}
09-24 18:26:16.556  1331  3653 D ActivityManager: mImportantUids connections =1000 by uid = 10401 ConnectionRecord =ConnectionRecord{d18c6d6 u0 CR !FG UI !VIS io.github.ylimit.droidbotapp/.DroidBotIME:@a6a8af1}
09-24 18:26:16.564 14488 14989 W Settings: Setting install_non_market_apps has moved from android.provider.Settings.Global to android.provider.Settings.Secure, returning read-only value.
09-24 18:26:16.568  1331  1339 I art     : Background partial concurrent mark sweep GC freed 23184(1891KB) AllocSpace objects, 16(320KB) LOS objects, 33% free, 25MB/38MB, paused 3.283ms total 175.529ms
09-24 18:26:16.575   357   357 W auditd  : type=1400 "Binder_D""socket:[426676]""sockfs"
09-24 18:26:16.593   357   357 W auditd  : type=1400 "Binder_D""socket:[426676]""sockfs"
09-24 18:26:16.639 14488 14488 W cr_AwContents: onDetachedFromWindow called when already detached. Ignoring
09-24 18:26:16.652 14488 14488 I cr_Ime  : ImeThread is not enabled.
09-24 18:26:16.680   357   357 W auditd  : type=1400 "Binder_A""socket:[430056]""sockfs"
09-24 18:26:16.695   357   357 W auditd  : type=1400 "Binder_A""socket:[430056]""sockfs"
09-24 18:26:16.721 14488 14708 E AbstractTracker: Can't create handler inside thread that has not called Looper.prepare()
09-24 18:26:16.721 14488 14708 D AppTracker: App Event: start
09-24 18:26:16.722  1331  4402 D GpsLocationProvider: reportNmea $GPGSV,2,1,07,05,12,108,,08,00,000,,10,16,299,,12,00,000,*7D  timestamp = 1506248776722
09-24 18:26:16.723  1331  4402 D GpsLocationProvider: reportNmea $GPGSV,2,2,07,13,29,050,,14,00,000,,15,62,039,*4D  timestamp = 1506248776723
09-24 18:26:16.723  1331  4402 D GpsLocationProvider: reportNmea $GLGSV,3,1,11,66,09,080,,82,20,215,,77,44,090,,76,15,028,*6E  timestamp = 1506248776723
09-24 18:26:16.723  1331  4402 D GpsLocationProvider: reportNmea $GLGSV,3,2,11,79,00,000,,69,01,282,,84,15,330,,83,38,272,*63  timestamp = 1506248776723
09-24 18:26:16.723  1331  4402 D GpsLocationProvider: reportNmea $GLGSV,3,3,11,81,00,000,,67,49,039,,68,41,312,*51  timestamp = 1506248776723
09-24 18:26:16.724  1331  4402 D GpsLocationProvider: reportNmea $GPGSA,A,1,,,,,,,,,,,,,,,*1E  timestamp = 1506248776724
09-24 18:26:16.724  1331  4402 D GpsLocationProvider: reportNmea $GPVTG,,T,,M,,N,,K,N*2C  timestamp = 1506248776724
09-24 18:26:16.725  1331  4402 D GpsLocationProvider: reportNmea $GPRMC,,V,,,,,,,,,,N*53  timestamp = 1506248776724
09-24 18:26:16.725  1331  4402 D GpsLocationProvider: reportNmea $GPGGA,,,,,,0,,,,,,,,*66  timestamp = 1506248776725
09-24 18:26:16.797 14488 14488 W cr_BindingManager: Cannot call determinedVisibility() - never saw a connection for the pid: 14488
09-24 18:26:16.803 14488 14488 W ResourceType: No known package when getting name for resource number 0x57f00000
09-24 18:26:16.804 14488 14488 W ResourceType: No known package when getting name for resource number 0x57f00001
09-24 18:26:16.835   357   357 W auditd  : type=1400 "Binder_9""socket:[426676]""sockfs"
09-24 18:26:16.835   357   357 W auditd  : type=1400 "Binder_9""socket:[426676]""sockfs"
09-24 18:26:16.848  1331  3663 I ActivityManager: Displayed com.heaven.assistant/com.startapp.android.publish.AppWallActivity: +296ms
09-24 18:26:16.851  3889  3889 I StatusBarIconController: appTransitionStarting
09-24 18:26:16.873 14488 14488 W ResourceType: No known package when getting name for resource number 0x57f00000
09-24 18:26:16.873 14488 14488 W ResourceType: No known package when getting name for resource number 0x57f00001
09-24 18:26:16.878 14488 14488 W ResourceType: No known package when getting name for resource number 0x57f00000
09-24 18:26:16.879 14488 14488 W ResourceType: No known package when getting name for resource number 0x57f00001
09-24 18:26:16.882  1331  3823 D ActivityManager: mImportantUids connections =1000 by uid = 10401 ConnectionRecord =ConnectionRecord{51b305 u0 CR FGSA io.github.ylimit.droidbotapp/io.github.privacystreams.accessibility.PSAccessibilityService:@a5de7c}
09-24 18:26:16.882  1331  3823 D ActivityManager: mImportantUids connections =1000 by uid = 10401 ConnectionRecord =ConnectionRecord{d18c6d6 u0 CR !FG UI !VIS io.github.ylimit.droidbotapp/.DroidBotIME:@a6a8af1}
09-24 18:26:16.885 14488 14488 W ResourceType: No known package when getting name for resource number 0x57f00000
09-24 18:26:16.885 14488 14488 W ResourceType: No known package when getting name for resource number 0x57f00001
09-24 18:26:16.896  1331  3823 D ActivityManager: mImportantUids connections =1000 by uid = 10401 ConnectionRecord =ConnectionRecord{51b305 u0 CR FGSA io.github.ylimit.droidbotapp/io.github.privacystreams.accessibility.PSAccessibilityService:@a5de7c}
09-24 18:26:16.896  1331  3823 D ActivityManager: mImportantUids connections =1000 by uid = 10401 ConnectionRecord =ConnectionRecord{d18c6d6 u0 CR !FG UI !VIS io.github.ylimit.droidbotapp/.DroidBotIME:@a6a8af1}
09-24 18:26:16.936 14488 14488 W ResourceType: No known package when getting name for resource number 0x57f00000
09-24 18:26:16.936 14488 14488 W ResourceType: No known package when getting name for resource number 0x57f00001
09-24 18:26:17.025 14488 14488 W ResourceType: No known package when getting name for resource number 0x57f00000
09-24 18:26:17.026 14488 14488 W ResourceType: No known package when getting name for resource number 0x57f00001
09-24 18:26:17.035 14488 14488 W ResourceType: No known package when getting name for resource number 0x57f00000
09-24 18:26:17.036 14488 14488 W ResourceType: No known package when getting name for resource number 0x57f00001
09-24 18:26:17.063  5111  5111 D AbstractProcessor: onBatteryChange Percent:62 State:2 
09-24 18:26:17.065  1331  1331 I DeviceIdleController: updateChargingLocked: charging=true
09-24 18:26:17.065  1331  1331 I DeviceIdleController: becomeActiveLocked, reason = charging
09-24 18:26:17.094 14488 14488 W ResourceType: No known package when getting name for resource number 0x57f00000
09-24 18:26:17.094 14488 14488 W ResourceType: No known package when getting name for resource number 0x57f00001
09-24 18:26:17.516  1331  3656 D ActivityManager: mImportantUids connections =1000 by uid = 10401 ConnectionRecord =ConnectionRecord{51b305 u0 CR FGSA io.github.ylimit.droidbotapp/io.github.privacystreams.accessibility.PSAccessibilityService:@a5de7c}
09-24 18:26:17.516  1331  3656 D ActivityManager: mImportantUids connections =1000 by uid = 10401 ConnectionRecord =ConnectionRecord{d18c6d6 u0 CR !FG UI !VIS io.github.ylimit.droidbotapp/.DroidBotIME:@a6a8af1}
09-24 18:26:17.544  1331  4622 D ActivityManager: mImportantUids connections =1000 by uid = 10401 ConnectionRecord =ConnectionRecord{51b305 u0 CR FGSA io.github.ylimit.droidbotapp/io.github.privacystreams.accessibility.PSAccessibilityService:@a5de7c}
09-24 18:26:17.544  1331  4622 D ActivityManager: mImportantUids connections =1000 by uid = 10401 ConnectionRecord =ConnectionRecord{d18c6d6 u0 CR !FG UI !VIS io.github.ylimit.droidbotapp/.DroidBotIME:@a6a8af1}
09-24 18:26:17.576  3889  3889 D SystemServicesProxy: exclude com.heaven.assistant
09-24 18:26:17.576  3889  3889 D SystemServicesProxy: exclude com.android.packageinstaller
09-24 18:26:17.576  3889  3889 D SystemServicesProxy: add 8 Task
09-24 18:26:17.576  3889  3889 D RecentsTaskLoadPlan: preloadPlan, 8
09-24 18:26:17.725  1331  4402 D GpsLocationProvider: reportNmea $GPGSV,2,1,07,05,12,108,,08,00,000,,10,16,299,,12,00,000,*7D  timestamp = 1506248777725
09-24 18:26:17.728  1331  4402 D GpsLocationProvider: reportNmea $GPGSV,2,2,07,13,29,050,,14,00,000,,15,62,039,*4D  timestamp = 1506248777728
09-24 18:26:17.729  1331  4402 D GpsLocationProvider: reportNmea $GLGSV,3,1,11,66,09,080,,82,20,215,,77,44,090,,76,15,028,*6E  timestamp = 1506248777729
09-24 18:26:17.729  1331  4402 D GpsLocationProvider: reportNmea $GLGSV,3,2,11,79,00,000,,69,01,282,,84,15,330,,83,38,272,*63  timestamp = 1506248777729
09-24 18:26:17.729  1331  4402 D GpsLocationProvider: reportNmea $GLGSV,3,3,11,81,00,000,,67,49,039,,68,41,312,*51  timestamp = 1506248777729
09-24 18:26:17.732 14488 14488 W ResourceType: No known package when getting name for resource number 0x57f00000
09-24 18:26:17.733 14488 14488 W ResourceType: No known package when getting name for resource number 0x57f00001
09-24 18:26:17.733  1331  4402 D GpsLocationProvider: reportNmea $GPGSA,A,1,,,,,,,,,,,,,,,*1E  timestamp = 1506248777733
09-24 18:26:17.733  1331  4402 D GpsLocationProvider: reportNmea $GPVTG,,T,,M,,N,,K,N*2C  timestamp = 1506248777733
09-24 18:26:17.734  1331  4402 D GpsLocationProvider: reportNmea $GPRMC,,V,,,,,,,,,,N*53  timestamp = 1506248777734
09-24 18:26:17.734  1331  4402 D GpsLocationProvider: reportNmea $GPGGA,,,,,,0,,,,,,,,*66  timestamp = 1506248777734
09-24 18:26:17.754 14488 14488 W ResourceType: No known package when getting name for resource number 0x57f00000
09-24 18:26:17.756 14488 14488 W ResourceType: No known package when getting name for resource number 0x57f00001
09-24 18:26:17.779 14488 14488 W ResourceType: No known package when getting name for resource number 0x57f00000
09-24 18:26:17.780 14488 14488 W ResourceType: No known package when getting name for resource number 0x57f00001
09-24 18:26:17.821 14488 14488 W ResourceType: No known package when getting name for resource number 0x57f00000
09-24 18:26:17.822 14488 14488 W ResourceType: No known package when getting name for resource number 0x57f00001
09-24 18:26:17.861 14488 14488 W ResourceType: No known package when getting name for resource number 0x57f00000
09-24 18:26:17.862 14488 14488 W ResourceType: No known package when getting name for resource number 0x57f00001
09-24 18:26:17.869 14488 14488 W ResourceType: No known package when getting name for resource number 0x57f00000
09-24 18:26:17.870 14488 14488 W ResourceType: No known package when getting name for resource number 0x57f00001
09-24 18:26:18.063  3153  3175 I GoLog   : Sep 24 10:26:18.060 - 12m38s DEBUG flashlight.config: fetcher.go:69 Fetching cloud config from http://config.getiantem.org/proxies.yaml.gz (http://d2wi0vwulmtn99.cloudfront.net/proxies.yaml.gz) [op=fetch_config root_op=fetch_config]
09-24 18:26:18.065  3153  3175 I GoLog   : Sep 24 10:26:18.065 - 12m38s DEBUG flashlight.proxied: proxied.go:168 Using dual fronter [http_method=GET http_proto=HTTP/1.1 op=chainedandfronted origin=config.getiantem.org root_op=fetch_config]
09-24 18:26:18.076  3153  3175 I GoLog   : Sep 24 10:26:18.074 - 12m38s DEBUG flashlight.proxied: proxied.go:226 In fronted [http_method=GET http_proto=HTTP/1.1 op=dualfetcher origin=config.getiantem.org root_op=fetch_config]
09-24 18:26:18.081  3153  3175 I GoLog   : Sep 24 10:26:18.075 - 12m38s DEBUG flashlight.proxied: proxied.go:236 Sending request via DDF: false [fronted_url=http://d2wi0vwulmtn99.cloudfront.net/proxies.yaml.gz http_method=GET http_proto=HTTP/1.1 op=dualfetcher origin=config.getiantem.org proxy_type=fronted root_op=fetch_config]
09-24 18:26:18.081  3153  3175 I GoLog   : Sep 24 10:26:18.077 - 12m38s DEBUG flashlight.proxied: proxied.go:246 Sending chained request: false [fronted_url=http://d2wi0vwulmtn99.cloudfront.net/proxies.yaml.gz http_method=GET http_proto=HTTP/1.1 op=dualfetcher origin=config.getiantem.org proxy_type=fronted root_op=fetch_config]
09-24 18:26:18.098  3153  3175 I GoLog   : Sep 24 10:26:18.095 - 12m38s DEBUG flashlight.client: handler.go:44 Reverse proxying GET http://config.getiantem.org/proxies.yaml.gz [op=proxy root_op=proxy user_agent=Go-http-client/1.1]
09-24 18:26:18.211   357   357 W auditd  : type=1400 "ps""/proc/350""proc"
09-24 18:26:18.212   357   357 W auditd  : type=1400 "ps""task""proc"
