09-24 18:26:05.915 14671 14671 W System.err: 						... 49 more
09-24 18:26:05.915 14671 14671 W System.err: 					Caused by: java.lang.NoClassDefFoundError: Class not found using the boot class loader; no stack trace available
09-24 18:26:05.916 14671 14671 W System.err: java.lang.ClassNotFoundException: android.view.HardwareCanvas
09-24 18:26:05.916 14671 14671 W System.err: 	at java.lang.Class.classForName(Native Method)
09-24 18:26:05.917 14671 14671 W System.err: 	at java.lang.Class.forName(Class.java:324)
09-24 18:26:05.917 14671 14671 W System.err: 	at java.lang.Class.forName(Class.java:285)
09-24 18:26:05.917 14671 14671 W System.err: 	at org.chromium.base.ApiCompatibilityUtils.a(Unknown Source)
09-24 18:26:05.917 14671 14671 W System.err: 	at org.chromium.base.ApiCompatibilityUtils.<clinit>(Unknown Source)
09-24 18:26:05.917 14671 14671 W System.err: 	at org.chromium.ui.base.DeviceFormFactor.isTablet(Unknown Source)
09-24 18:26:05.917 14671 14671 W System.err: 	at org.chromium.content.browser.DeviceUtils.a(Unknown Source)
09-24 18:26:05.917 14671 14671 W System.err: 	at org.chromium.content.browser.DeviceUtils.a(Unknown Source)
09-24 18:26:05.917 14671 14671 W System.err: 	at org.chromium.content.browser.BrowserStartupController.b(Unknown Source)
09-24 18:26:05.917 14671 14671 W System.err: 	at org.chromium.content.browser.BrowserStartupController.a(Unknown Source)
09-24 18:26:05.917 14671 14671 W System.err: 	at org.chromium.android_webview.AwBrowserProcess$1.run(Unknown Source)
09-24 18:26:05.917 14671 14671 W System.err: 	at org.chromium.base.ThreadUtils.a(Unknown Source)
09-24 18:26:05.917 14671 14671 W System.err: 	at org.chromium.android_webview.AwBrowserProcess.a(Unknown Source)
09-24 18:26:05.917 14671 14671 W System.err: 	at com.tencent.smtt.webkit.WebViewChromiumFactoryProvider.startChromiumLocked(Unknown Source)
09-24 18:26:05.917 14671 14671 W System.err: 	at com.tencent.smtt.webkit.WebViewChromiumFactoryProvider.ensureChromiumStartedLocked(Unknown Source)
09-24 18:26:05.917 14671 14671 W System.err: 	at com.tencent.smtt.webkit.WebViewChromiumFactoryProvider.startYourEngines(Unknown Source)
09-24 18:26:05.917 14671 14671 W System.err: 	at com.tencent.smtt.webkit.WebViewChromium.init(Unknown Source)
09-24 18:26:05.917 14671 14671 W System.err: 	at com.tencent.smtt.webkit.WebView.<init>(Unknown Source)
09-24 18:26:05.917 14671 14671 W System.err: 	at com.tencent.smtt.webkit.adapter.X5WebViewAdapter.<init>(Unknown Source)
09-24 18:26:05.917 14671 14671 W System.err: 	at java.lang.reflect.Constructor.newInstance(Native Method)
09-24 18:26:05.917 14671 14671 W System.err: 	at com.tencent.smtt.export.external.DexLoader.newInstance(DexLoader.java:59)
09-24 18:26:05.917 14671 14671 W System.err: 	at com.tencent.tbs.tbsshell.WebCoreProxy.newInstance(WebCoreProxy.java:139)
09-24 18:26:05.917 14671 14671 W System.err: 	at com.tencent.tbs.tbsshell.WebCoreProxy.createSDKWebview(WebCoreProxy.java:385)
09-24 18:26:05.917 14671 14671 W System.err: 	at java.lang.reflect.Method.invoke(Native Method)
09-24 18:26:05.917 14671 14671 W System.err: 	at com.tencent.smtt.export.external.DexLoader.invokeStaticMethod(DexLoader.java:79)
09-24 18:26:05.917 14671 14671 W System.err: 	at com.tencent.smtt.sdk.X5CoreWizard.createSDKWebview(X5CoreWizard.java:62)
09-24 18:26:05.917 14671 14671 W System.err: 	at com.tencent.smtt.sdk.WebView.<init>(WebView.java:286)
09-24 18:26:05.917 14671 14671 W System.err: 	at com.tencent.smtt.sdk.WebView.<init>(WebView.java:254)
09-24 18:26:05.917 14671 14671 W System.err: 	at com.tencent.smtt.sdk.WebView.<init>(WebView.java:248)
09-24 18:26:05.917 14671 14671 W System.err: 	at com.tencent.smtt.sdk.WebView.<init>(WebView.java:243)
09-24 18:26:05.917 14671 14671 W System.err: 	at com.tencent.smtt.sdk.WebView.<init>(WebView.java:238)
09-24 18:26:05.917 14671 14671 W System.err: 	at com.tencent.mtt.browser.x5.x5webview.r.<init>(RQDSRC:407)
09-24 18:26:05.917 14671 14671 W System.err: 	at com.tencent.mtt.browser.t.w.aj(RQDSRC:2729)
09-24 18:26:05.917 14671 14671 W System.err: 	at com.tencent.mtt.browser.t.w.ab(RQDSRC:2703)
09-24 18:26:05.917 14671 14671 W System.err: 	at com.tencent.mtt.browser.t.w.Z(RQDSRC:2641)
09-24 18:26:05.917 14671 14671 W System.err: 	at com.tencent.mtt.browser.engine.j.A(RQDSRC:576)
09-24 18:26:05.917 14671 14671 W System.err: 	at com.tencent.mtt.browser.engine.j$1.handleMessage(RQDSRC:244)
09-24 18:26:05.917 14671 14671 W System.err: 	at android.os.Handler.dispatchMessage(Handler.java:102)
09-24 18:26:05.917 14671 14671 W System.err: 	at android.os.Looper.loop(Looper.java:152)
09-24 18:26:05.917 14671 14671 W System.err: 	at android.app.ActivityThread.main(ActivityThread.java:5497)
09-24 18:26:05.917 14671 14671 W System.err: 	at java.lang.reflect.Method.invoke(Native Method)
09-24 18:26:05.917 14671 14671 W System.err: 	at com.android.internal.os.ZygoteInit$MethodAndArgsCaller.run(ZygoteInit.java:726)
09-24 18:26:05.917 14671 14671 W System.err: 	at com.android.internal.os.ZygoteInit.main(ZygoteInit.java:616)
09-24 18:26:05.917 14671 14671 W System.err: 	at de.robv.android.xposed.XposedBridge.main(XposedBridge.java:102)
09-24 18:26:05.917 14671 14671 W System.err: Caused by: java.lang.ClassNotFoundException: Didn't find class "android.view.HardwareCanvas" on path: DexPathList[[zip file "/data/user/0/com.android.browser/app_tbs/core_share/webview_dex.jar"],nativeLibraryDirectories=[/vendor/lib, /system/lib]]
09-24 18:26:05.918 14671 14671 W System.err: 	at dalvik.system.BaseDexClassLoader.findClass(BaseDexClassLoader.java:56)
09-24 18:26:05.918 14671 14671 W System.err: 	at java.lang.ClassLoader.loadClass(ClassLoader.java:511)
09-24 18:26:05.918 14671 14671 W System.err: 	at java.lang.ClassLoader.loadClass(ClassLoader.java:469)
09-24 18:26:05.918 14671 14671 W System.err: 	... 44 more
09-24 18:26:05.918 14671 14671 W System.err: 	Suppressed: java.lang.ClassNotFoundException: Didn't find class "android.view.HardwareCanvas" on path: DexPathList[[],nativeLibraryDirectories=[/vendor/lib, /system/lib]]
09-24 18:26:05.918 14671 14671 W System.err: 		at dalvik.system.BaseDexClassLoader.findClass(BaseDexClassLoader.java:56)
09-24 18:26:05.918 14671 14671 W System.err: 		at java.lang.ClassLoader.loadClass(ClassLoader.java:511)
09-24 18:26:05.918 14671 14671 W System.err: 		at java.lang.ClassLoader.loadClass(ClassLoader.java:504)
09-24 18:26:05.918 14671 14671 W System.err: 		... 45 more
09-24 18:26:05.918 14671 14671 W System.err: 		Suppressed: java.lang.ClassNotFoundException: Didn't find class "android.view.HardwareCanvas" on path: DexPathList[[zip file "/data/user/0/com.android.browser/app_tbs/core_share/base_module_dex.jar"],nativeLibraryDirectories=[/vendor/lib, /system/lib]]
09-24 18:26:05.919 14671 14671 W System.err: 			at dalvik.system.BaseDexClassLoader.findClass(BaseDexClassLoader.java:56)
09-24 18:26:05.919 14671 14671 W System.err: 			at java.lang.ClassLoader.loadClass(ClassLoader.java:511)
09-24 18:26:05.919 14671 14671 W System.err: 			at java.lang.ClassLoader.loadClass(ClassLoader.java:504)
09-24 18:26:05.919 14671 14671 W System.err: 			... 46 more
09-24 18:26:05.919 14671 14671 W System.err: 			Suppressed: java.lang.ClassNotFoundException: Didn't find class "android.view.HardwareCanvas" on path: DexPathList[[zip file "/system/app/QQBrowser/QQBrowser.apk"],nativeLibraryDirectories=[/system/app/QQBrowser/lib/arm, /system/app/QQBrowser/QQBrowser.apk!/lib/armeabi, /vendor/lib, /system/lib]]
09-24 18:26:05.919 14671 14671 W System.err: 				at dalvik.system.BaseDexClassLoader.findClass(BaseDexClassLoader.java:56)
09-24 18:26:05.919 14671 14671 W System.err: 				at java.lang.ClassLoader.loadClass(ClassLoader.java:511)
09-24 18:26:05.919 14671 14671 W System.err: 				at java.lang.ClassLoader.loadClass(ClassLoader.java:504)
09-24 18:26:05.919 14671 14671 W System.err: 				... 47 more
09-24 18:26:05.919 14671 14671 W System.err: 				Suppressed: java.lang.ClassNotFoundException: Didn't find class "android.view.HardwareCanvas" on path: DexPathList[[dex file "/data/dalvik-cache/xposed_XResourcesSuperClass.dex"],nativeLibraryDirectories=[/vendor/lib, /system/lib]]
09-24 18:26:05.920 14671 14671 W System.err: 					at dalvik.system.BaseDexClassLoader.findClass(BaseDexClassLoader.java:56)
09-24 18:26:05.920 14671 14671 W System.err: 					at java.lang.ClassLoader.loadClass(ClassLoader.java:511)
09-24 18:26:05.920 14671 14671 W System.err: 					at java.lang.ClassLoader.loadClass(ClassLoader.java:504)
09-24 18:26:05.920 14671 14671 W System.err: 					... 48 more
09-24 18:26:05.920 14671 14671 W System.err: 					Suppressed: java.lang.ClassNotFoundException: android.view.HardwareCanvas
09-24 18:26:05.920 14671 14671 W System.err: 						at java.lang.Class.classForName(Native Method)
09-24 18:26:05.920 14671 14671 W System.err: 						at java.lang.BootClassLoader.findClass(ClassLoader.java:781)
09-24 18:26:05.920 14671 14671 W System.err: 						at java.lang.BootClassLoader.loadClass(ClassLoader.java:841)
09-24 18:26:05.920 14671 14671 W System.err: 						at java.lang.ClassLoader.loadClass(ClassLoader.java:504)
09-24 18:26:05.921 14671 14671 W System.err: 						... 49 more
09-24 18:26:05.921 14671 14671 W System.err: 					Caused by: java.lang.NoClassDefFoundError: Class not found using the boot class loader; no stack trace available
09-24 18:26:05.922 14671 14671 W System.err: java.lang.ClassNotFoundException: android.view.HardwareCanvas
09-24 18:26:05.922 14671 14671 W System.err: 	at java.lang.Class.classForName(Native Method)
09-24 18:26:05.923 14671 14671 W System.err: 	at java.lang.Class.forName(Class.java:324)
09-24 18:26:05.923 14671 14671 W System.err: 	at java.lang.Class.forName(Class.java:285)
09-24 18:26:05.923 14671 14671 W System.err: 	at org.chromium.base.ApiCompatibilityUtils.a(Unknown Source)
09-24 18:26:05.923 14671 14671 W System.err: 	at org.chromium.base.ApiCompatibilityUtils.<clinit>(Unknown Source)
09-24 18:26:05.923 14671 14671 W System.err: 	at org.chromium.ui.base.DeviceFormFactor.isTablet(Unknown Source)
09-24 18:26:05.923 14671 14671 W System.err: 	at org.chromium.content.browser.DeviceUtils.a(Unknown Source)
09-24 18:26:05.923 14671 14671 W System.err: 	at org.chromium.content.browser.DeviceUtils.a(Unknown Source)
09-24 18:26:05.923 14671 14671 W System.err: 	at org.chromium.content.browser.BrowserStartupController.b(Unknown Source)
09-24 18:26:05.923 14671 14671 W System.err: 	at org.chromium.content.browser.BrowserStartupController.a(Unknown Source)
09-24 18:26:05.923 14671 14671 W System.err: 	at org.chromium.android_webview.AwBrowserProcess$1.run(Unknown Source)
09-24 18:26:05.923 14671 14671 W System.err: 	at org.chromium.base.ThreadUtils.a(Unknown Source)
09-24 18:26:05.923 14671 14671 W System.err: 	at org.chromium.android_webview.AwBrowserProcess.a(Unknown Source)
09-24 18:26:05.923 14671 14671 W System.err: 	at com.tencent.smtt.webkit.WebViewChromiumFactoryProvider.startChromiumLocked(Unknown Source)
09-24 18:26:05.923 14671 14671 W System.err: 	at com.tencent.smtt.webkit.WebViewChromiumFactoryProvider.ensureChromiumStartedLocked(Unknown Source)
09-24 18:26:05.923 14671 14671 W System.err: 	at com.tencent.smtt.webkit.WebViewChromiumFactoryProvider.startYourEngines(Unknown Source)
09-24 18:26:05.923 14671 14671 W System.err: 	at com.tencent.smtt.webkit.WebViewChromium.init(Unknown Source)
09-24 18:26:05.923 14671 14671 W System.err: 	at com.tencent.smtt.webkit.WebView.<init>(Unknown Source)
09-24 18:26:05.923 14671 14671 W System.err: 	at com.tencent.smtt.webkit.adapter.X5WebViewAdapter.<init>(Unknown Source)
09-24 18:26:05.923 14671 14671 W System.err: 	at java.lang.reflect.Constructor.newInstance(Native Method)
09-24 18:26:05.923 14671 14671 W System.err: 	at com.tencent.smtt.export.external.DexLoader.newInstance(DexLoader.java:59)
09-24 18:26:05.923 14671 14671 W System.err: 	at com.tencent.tbs.tbsshell.WebCoreProxy.newInstance(WebCoreProxy.java:139)
09-24 18:26:05.923 14671 14671 W System.err: 	at com.tencent.tbs.tbsshell.WebCoreProxy.createSDKWebview(WebCoreProxy.java:385)
09-24 18:26:05.923 14671 14671 W System.err: 	at java.lang.reflect.Method.invoke(Native Method)
09-24 18:26:05.923 14671 14671 W System.err: 	at com.tencent.smtt.export.external.DexLoader.invokeStaticMethod(DexLoader.java:79)
09-24 18:26:05.923 14671 14671 W System.err: 	at com.tencent.smtt.sdk.X5CoreWizard.createSDKWebview(X5CoreWizard.java:62)
09-24 18:26:05.923 14671 14671 W System.err: 	at com.tencent.smtt.sdk.WebView.<init>(WebView.java:286)
09-24 18:26:05.923 14671 14671 W System.err: 	at com.tencent.smtt.sdk.WebView.<init>(WebView.java:254)
09-24 18:26:05.923 14671 14671 W System.err: 	at com.tencent.smtt.sdk.WebView.<init>(WebView.java:248)
09-24 18:26:05.923 14671 14671 W System.err: 	at com.tencent.smtt.sdk.WebView.<init>(WebView.java:243)
09-24 18:26:05.923 14671 14671 W System.err: 	at com.tencent.smtt.sdk.WebView.<init>(WebView.java:238)
09-24 18:26:05.923 14671 14671 W System.err: 	at com.tencent.mtt.browser.x5.x5webview.r.<init>(RQDSRC:407)
09-24 18:26:05.923 14671 14671 W System.err: 	at com.tencent.mtt.browser.t.w.aj(RQDSRC:2729)
09-24 18:26:05.923 14671 14671 W System.err: 	at com.tencent.mtt.browser.t.w.ab(RQDSRC:2703)
09-24 18:26:05.923 14671 14671 W System.err: 	at com.tencent.mtt.browser.t.w.Z(RQDSRC:2641)
09-24 18:26:05.923 14671 14671 W System.err: 	at com.tencent.mtt.browser.engine.j.A(RQDSRC:576)
09-24 18:26:05.923 14671 14671 W System.err: 	at com.tencent.mtt.browser.engine.j$1.handleMessage(RQDSRC:244)
09-24 18:26:05.923 14671 14671 W System.err: 	at android.os.Handler.dispatchMessage(Handler.java:102)
09-24 18:26:05.923 14671 14671 W System.err: 	at android.os.Looper.loop(Looper.java:152)
09-24 18:26:05.923 14671 14671 W System.err: 	at android.app.ActivityThread.main(ActivityThread.java:5497)
09-24 18:26:05.923 14671 14671 W System.err: 	at java.lang.reflect.Method.invoke(Native Method)
09-24 18:26:05.923 14671 14671 W System.err: 	at com.android.internal.os.ZygoteInit$MethodAndArgsCaller.run(ZygoteInit.java:726)
09-24 18:26:05.923 14671 14671 W System.err: 	at com.android.internal.os.ZygoteInit.main(ZygoteInit.java:616)
09-24 18:26:05.923 14671 14671 W System.err: 	at de.robv.android.xposed.XposedBridge.main(XposedBridge.java:102)
09-24 18:26:05.923 14671 14671 W System.err: Caused by: java.lang.ClassNotFoundException: Didn't find class "android.view.HardwareCanvas" on path: DexPathList[[zip file "/data/user/0/com.android.browser/app_tbs/core_share/webview_dex.jar"],nativeLibraryDirectories=[/vendor/lib, /system/lib]]
09-24 18:26:05.924 14671 14671 W System.err: 	at dalvik.system.BaseDexClassLoader.findClass(BaseDexClassLoader.java:56)
09-24 18:26:05.924 14671 14671 W System.err: 	at java.lang.ClassLoader.loadClass(ClassLoader.java:511)
09-24 18:26:05.924 14671 14671 W System.err: 	at java.lang.ClassLoader.loadClass(ClassLoader.java:469)
09-24 18:26:05.924 14671 14671 W System.err: 	... 44 more
09-24 18:26:05.924 14671 14671 W System.err: 	Suppressed: java.lang.ClassNotFoundException: Didn't find class "android.view.HardwareCanvas" on path: DexPathList[[],nativeLibraryDirectories=[/vendor/lib, /system/lib]]
09-24 18:26:05.928 14671 14671 W System.err: 		at dalvik.system.BaseDexClassLoader.findClass(BaseDexClassLoader.java:56)
09-24 18:26:05.928 14671 14671 W System.err: 		at java.lang.ClassLoader.loadClass(ClassLoader.java:511)
09-24 18:26:05.928 14671 14671 W System.err: 		at java.lang.ClassLoader.loadClass(ClassLoader.java:504)
09-24 18:26:05.928 14671 14671 W System.err: 		... 45 more
09-24 18:26:05.929 14671 14671 W System.err: 		Suppressed: java.lang.ClassNotFoundException: Didn't find class "android.view.HardwareCanvas" on path: DexPathList[[zip file "/data/user/0/com.android.browser/app_tbs/core_share/base_module_dex.jar"],nativeLibraryDirectories=[/vendor/lib, /system/lib]]
09-24 18:26:05.930 14671 14671 W System.err: 			at dalvik.system.BaseDexClassLoader.findClass(BaseDexClassLoader.java:56)
09-24 18:26:05.930 14671 14671 W System.err: 			at java.lang.ClassLoader.loadClass(ClassLoader.java:511)
09-24 18:26:05.930 14671 14671 W System.err: 			at java.lang.ClassLoader.loadClass(ClassLoader.java:504)
09-24 18:26:05.930 14671 14671 W System.err: 			... 46 more
09-24 18:26:05.930 14671 14671 W System.err: 			Suppressed: java.lang.ClassNotFoundException: Didn't find class "android.view.HardwareCanvas" on path: DexPathList[[zip file "/system/app/QQBrowser/QQBrowser.apk"],nativeLibraryDirectories=[/system/app/QQBrowser/lib/arm, /system/app/QQBrowser/QQBrowser.apk!/lib/armeabi, /vendor/lib, /system/lib]]
09-24 18:26:05.931 14671 14671 W System.err: 				at dalvik.system.BaseDexClassLoader.findClass(BaseDexClassLoader.java:56)
09-24 18:26:05.931 14671 14671 W System.err: 				at java.lang.ClassLoader.loadClass(ClassLoader.java:511)
09-24 18:26:05.931 14671 14671 W System.err: 				at java.lang.ClassLoader.loadClass(ClassLoader.java:504)
09-24 18:26:05.931 14671 14671 W System.err: 				... 47 more
09-24 18:26:05.931 14671 14671 W System.err: 				Suppressed: java.lang.ClassNotFoundException: Didn't find class "android.view.HardwareCanvas" on path: DexPathList[[dex file "/data/dalvik-cache/xposed_XResourcesSuperClass.dex"],nativeLibraryDirectories=[/vendor/lib, /system/lib]]
09-24 18:26:05.932 14671 14671 W System.err: 					at dalvik.system.BaseDexClassLoader.findClass(BaseDexClassLoader.java:56)
09-24 18:26:05.932 14671 14671 W System.err: 					at java.lang.ClassLoader.loadClass(ClassLoader.java:511)
09-24 18:26:05.932 14671 14671 W System.err: 					at java.lang.ClassLoader.loadClass(ClassLoader.java:504)
09-24 18:26:05.932 14671 14671 W System.err: 					... 48 more
09-24 18:26:05.932 14671 14671 W System.err: 					Suppressed: java.lang.ClassNotFoundException: android.view.HardwareCanvas
09-24 18:26:05.932 14671 14671 W System.err: 						at java.lang.Class.classForName(Native Method)
09-24 18:26:05.932 14671 14671 W System.err: 						at java.lang.BootClassLoader.findClass(ClassLoader.java:781)
09-24 18:26:05.932 14671 14671 W System.err: 						at java.lang.BootClassLoader.loadClass(ClassLoader.java:841)
09-24 18:26:05.932 14671 14671 W System.err: 						at java.lang.ClassLoader.loadClass(ClassLoader.java:504)
09-24 18:26:05.932 14671 14671 W System.err: 						... 49 more
09-24 18:26:05.932 14671 14671 W System.err: 					Caused by: java.lang.NoClassDefFoundError: Class not found using the boot class loader; no stack trace available
09-24 18:26:05.955 14671 14671 I icumtt  : ICU load finished. 55
09-24 18:26:05.957 14671 14671 W chromium: [WARNING:resource_bundle.cc(315)] locale_file_path.empty()
09-24 18:26:05.958 14671 14671 E AwAssets: Error while loading asset .pak: java.io.FileNotFoundException: .pak
09-24 18:26:05.958 14671 14671 W chromium: [WARNING:aw_browser_main_parts.cc(77)] Failed to load .pak.pak from the apk too. Bringing up WebView without any locale
09-24 18:26:05.959 14671 14671 E AwAssets: Error while loading asset webviewchromium.pak: java.io.FileNotFoundException: webviewchromium.pak
09-24 18:26:05.959 14671 14671 W chromium: [WARNING:aw_browser_main_parts.cc(93)] Cannot load webviewchromium.pak assets from the apk. Falling back loading it from /data/user/0/com.android.browser/app_webview/paks
09-24 18:26:05.959 14671 14671 E chromium: [ERROR:resource_bundle.cc(668)] Failed to load /data/user/0/com.android.browser/app_webview/paks/webviewchromium.pak
09-24 18:26:05.959 14671 14671 E chromium: Some features may not be available.
09-24 18:26:06.112 14671 14746 W chromium: [WARNING:proxy_service.cc(903)] PAC support disabled because there is no system implementation
09-24 18:26:06.223  1331  4622 D ActivityManager: mImportantUids connections =1000 by uid = 10401 ConnectionRecord =ConnectionRecord{51b305 u0 CR FGSA io.github.ylimit.droidbotapp/io.github.privacystreams.accessibility.PSAccessibilityService:@a5de7c}
09-24 18:26:06.223  1331  4622 D ActivityManager: mImportantUids connections =1000 by uid = 10401 ConnectionRecord =ConnectionRecord{d18c6d6 u0 CR !FG UI !VIS io.github.ylimit.droidbotapp/.DroidBotIME:@a6a8af1}
09-24 18:26:06.234 14671 14671 I TextToSpeech: Sucessfully bound to com.svox.pico
09-24 18:26:06.234  8437  8437 V SynthProxy: About to load libttspico.so, applyFilter=true
09-24 18:26:06.246  1331  3654 W ActivityManager_Service: Unable to start service Intent { act=com.googlecode.eyesfree.braille.service.ACTION_SELF_BRAILLE_SERVICE pkg=com.googlecode.eyesfree.brailleback } U=0: not found
09-24 18:26:06.247 14671 14671 E d       : Failed to bind to service
09-24 18:26:06.307 14671 14671 W ResourceType: For resource 0x7f0203e8, entry index(1000) is beyond type entryCount(7)
09-24 18:26:06.307 14671 14671 W ResourceType: Failure getting entry for 0x7f0203e8 (t=1 e=1000) (error -75)
09-24 18:26:06.308 14671 14671 W ResourceType: No package identifier when getting value for resource number 0x00000000
09-24 18:26:06.314 14671 14671 W ResourceType: For resource 0x7f020351, entry index(849) is beyond type entryCount(7)
09-24 18:26:06.314 14671 14671 W ResourceType: Failure getting entry for 0x7f020351 (t=1 e=849) (error -75)
09-24 18:26:06.314 14671 14671 W ResourceType: No package identifier when getting value for resource number 0x00000000
09-24 18:26:06.322 14671 14671 W ResourceType: For resource 0x7f0203c2, entry index(962) is beyond type entryCount(7)
09-24 18:26:06.322 14671 14671 W ResourceType: Failure getting entry for 0x7f0203c2 (t=1 e=962) (error -75)
09-24 18:26:06.323 14671 14671 W ResourceType: No package identifier when getting value for resource number 0x00000000
09-24 18:26:06.324 14671 14671 W ResourceType: For resource 0x7f02039c, entry index(924) is beyond type entryCount(7)
09-24 18:26:06.324 14671 14671 W ResourceType: Failure getting entry for 0x7f02039c (t=1 e=924) (error -75)
09-24 18:26:06.325 14671 14671 W ResourceType: No package identifier when getting value for resource number 0x00000000
09-24 18:26:06.438 14671 14671 I Choreographer: Skipped 49 frames!  The application may be doing too much work on its main thread.
09-24 18:26:06.448 14671 14671 I TextToSpeech: Connected to ComponentInfo{com.svox.pico/com.svox.pico.PicoService}
09-24 18:26:06.464 14671 14769 I TextToSpeech: Set up connection to ComponentInfo{com.svox.pico/com.svox.pico.PicoService}
09-24 18:26:06.541 14671 14671 W ResourceType: For resource 0x7f0203c2, entry index(962) is beyond type entryCount(7)
09-24 18:26:06.541 14671 14671 W ResourceType: Failure getting entry for 0x7f0203c2 (t=1 e=962) (error -75)
09-24 18:26:06.542 14671 14671 W ResourceType: No package identifier when getting value for resource number 0x00000000
09-24 18:26:06.550 14671 14671 W ResourceType: For resource 0x7f020315, entry index(789) is beyond type entryCount(7)
09-24 18:26:06.550 14671 14671 W ResourceType: Failure getting entry for 0x7f020315 (t=1 e=789) (error -75)
09-24 18:26:06.553   357   357 W auditd  : type=1400 "MemoryCheckThre""mem""debugfs"
09-24 18:26:06.553   357   357 W auditd  : type=1400 "MemoryCheckThre""mem""debugfs"
09-24 18:26:06.551 14671 14671 W ResourceType: No package identifier when getting value for resource number 0x00000000
09-24 18:26:06.552 14671 14671 D QBViewResourceManager: create normal only
09-24 18:26:06.552 14671 14671 W ResourceType: For resource 0x7f020311, entry index(785) is beyond type entryCount(7)
09-24 18:26:06.552 14671 14671 W ResourceType: Failure getting entry for 0x7f020311 (t=1 e=785) (error -75)
09-24 18:26:06.553 14671 14671 W ResourceType: No package identifier when getting value for resource number 0x00000000
09-24 18:26:06.554 14671 14671 D QBViewResourceManager: create normal only
09-24 18:26:06.562 14671 14671 W ResourceType: No package identifier when getting value for resource number 0x00000000
09-24 18:26:06.563 14671 14671 W ResourceType: For resource 0x7f020312, entry index(786) is beyond type entryCount(7)
09-24 18:26:06.563 14671 14671 W ResourceType: Failure getting entry for 0x7f020312 (t=1 e=786) (error -75)
09-24 18:26:06.563 14671 14671 W ResourceType: No package identifier when getting value for resource number 0x00000000
09-24 18:26:06.564 14671 14671 D QBViewResourceManager: create normal only
09-24 18:26:06.565 14671 14671 W ResourceType: No package identifier when getting value for resource number 0x00000000
09-24 18:26:06.568 14671 14671 W ResourceType: For resource 0x7f02030c, entry index(780) is beyond type entryCount(7)
09-24 18:26:06.568 14671 14671 W ResourceType: Failure getting entry for 0x7f02030c (t=1 e=780) (error -75)
09-24 18:26:06.568 14671 14671 W ResourceType: No package identifier when getting value for resource number 0x00000000
09-24 18:26:06.569 14671 14671 W ResourceType: For resource 0x7f02030d, entry index(781) is beyond type entryCount(7)
09-24 18:26:06.569 14671 14671 W ResourceType: Failure getting entry for 0x7f02030d (t=1 e=781) (error -75)
09-24 18:26:06.570 14671 14671 W ResourceType: No package identifier when getting value for resource number 0x00000000
09-24 18:26:06.572 14671 14671 W ResourceType: For resource 0x7f02030e, entry index(782) is beyond type entryCount(7)
09-24 18:26:06.572 14671 14671 W ResourceType: Failure getting entry for 0x7f02030e (t=1 e=782) (error -75)
09-24 18:26:06.573 14671 14671 W ResourceType: No package identifier when getting value for resource number 0x00000000
09-24 18:26:06.574 14671 14671 D QBViewResourceManager: create normal only
09-24 18:26:06.576 14671 14671 W ResourceType: For resource 0x7f02030c, entry index(780) is beyond type entryCount(7)
09-24 18:26:06.576 14671 14671 W ResourceType: Failure getting entry for 0x7f02030c (t=1 e=780) (error -75)
09-24 18:26:06.576 14671 14671 W ResourceType: No package identifier when getting value for resource number 0x00000000
09-24 18:26:06.577 14671 14671 W ResourceType: For resource 0x7f02030d, entry index(781) is beyond type entryCount(7)
09-24 18:26:06.577 14671 14671 W ResourceType: Failure getting entry for 0x7f02030d (t=1 e=781) (error -75)
09-24 18:26:06.577 14671 14671 W ResourceType: No package identifier when getting value for resource number 0x00000000
09-24 18:26:06.578 14671 14671 W ResourceType: For resource 0x7f020310, entry index(784) is beyond type entryCount(7)
09-24 18:26:06.578 14671 14671 W ResourceType: Failure getting entry for 0x7f020310 (t=1 e=784) (error -75)
09-24 18:26:06.579 14671 14671 W ResourceType: No package identifier when getting value for resource number 0x00000000
09-24 18:26:06.580 14671 14671 D QBViewResourceManager: create normal only
09-24 18:26:06.581 14671 14671 W ResourceType: No package identifier when getting value for resource number 0x00000000
09-24 18:26:06.581 14671 14671 W ResourceType: For resource 0x7f0200c5, entry index(197) is beyond type entryCount(7)
09-24 18:26:06.581 14671 14671 W ResourceType: Failure getting entry for 0x7f0200c5 (t=1 e=197) (error -75)
09-24 18:26:06.585 14671 14671 W ResourceType: No package identifier when getting value for resource number 0x00000000
09-24 18:26:06.585 14671 14671 D QBViewResourceManager: create normal only
09-24 18:26:06.586 14671 14671 W ResourceType: For resource 0x7f02030c, entry index(780) is beyond type entryCount(7)
09-24 18:26:06.586 14671 14671 W ResourceType: Failure getting entry for 0x7f02030c (t=1 e=780) (error -75)
09-24 18:26:06.587 14671 14671 W ResourceType: No package identifier when getting value for resource number 0x00000000
09-24 18:26:06.587 14671 14671 W ResourceType: For resource 0x7f02030d, entry index(781) is beyond type entryCount(7)
09-24 18:26:06.587 14671 14671 W ResourceType: Failure getting entry for 0x7f02030d (t=1 e=781) (error -75)
09-24 18:26:06.588 14671 14671 W ResourceType: No package identifier when getting value for resource number 0x00000000
09-24 18:26:06.588 14671 14671 W ResourceType: For resource 0x7f02030e, entry index(782) is beyond type entryCount(7)
09-24 18:26:06.588 14671 14671 W ResourceType: Failure getting entry for 0x7f02030e (t=1 e=782) (error -75)
09-24 18:26:06.589 14671 14671 W ResourceType: No package identifier when getting value for resource number 0x00000000
09-24 18:26:06.589 14671 14671 D QBViewResourceManager: create normal only
09-24 18:26:06.592 14671 14671 W ResourceType: For resource 0x7f02030e, entry index(782) is beyond type entryCount(7)
09-24 18:26:06.592 14671 14671 W ResourceType: Failure getting entry for 0x7f02030e (t=1 e=782) (error -75)
09-24 18:26:06.593 14671 14671 W ResourceType: No package identifier when getting value for resource number 0x00000000
09-24 18:26:06.593 14671 14671 D QBViewResourceManager: create normal only
09-24 18:26:06.594 14671 14671 W ResourceType: No package identifier when getting value for resource number 0x00000000
09-24 18:26:06.596 14671 14671 W ResourceType: For resource 0x7f020466, entry index(1126) is beyond type entryCount(7)
09-24 18:26:06.596 14671 14671 W ResourceType: Failure getting entry for 0x7f020466 (t=1 e=1126) (error -75)
09-24 18:26:06.597 14671 14671 W ResourceType: For resource 0x7f020467, entry index(1127) is beyond type entryCount(7)
09-24 18:26:06.597 14671 14671 W ResourceType: Failure getting entry for 0x7f020467 (t=1 e=1127) (error -75)
09-24 18:26:06.617 14671 14671 D TMYPAGER: onmeasure
09-24 18:26:06.617 14671 14671 V QBViewPager: Measuring #0 com.tencent.mtt.browser.homepage.a.a.ae{c96efe9 V.E...... ......I. 0,0-0,0}: 1073742904
09-24 18:26:06.625 14671 14671 D TMYPAGER: onmeasure
09-24 18:26:06.625 14671 14671 V QBViewPager: Measuring #0 com.tencent.mtt.browser.homepage.a.a.ae{c96efe9 V.E...... ......I. 0,0-0,0}: 1073742904
09-24 18:26:06.626 14671 14671 D QBViewPager: viewpager onlayout!
09-24 18:26:06.629 14671 14671 W ResourceType: For resource 0x7f02030e, entry index(782) is beyond type entryCount(7)
09-24 18:26:06.629 14671 14671 W ResourceType: Failure getting entry for 0x7f02030e (t=1 e=782) (error -75)
09-24 18:26:06.630 14671 14671 W ResourceType: No package identifier when getting value for resource number 0x00000000
09-24 18:26:06.631 14671 14671 W ResourceType: For resource 0x7f02030b, entry index(779) is beyond type entryCount(7)
09-24 18:26:06.631 14671 14671 W ResourceType: Failure getting entry for 0x7f02030b (t=1 e=779) (error -75)
09-24 18:26:06.631 14671 14671 W ResourceType: No package identifier when getting value for resource number 0x00000000
09-24 18:26:06.634 14671 14671 D QBViewPager: ----------------------
09-24 18:26:06.634 14671 14671 D QBViewPager: scrollTo 0
09-24 18:26:06.634 14671 14671 D QBViewPager: ----------------------
09-24 18:26:06.636 14671 14671 D TMYGALLERY: viewpager onlayout!
09-24 18:26:06.644 14671 14671 W ResourceType: For resource 0x7f02039c, entry index(924) is beyond type entryCount(7)
09-24 18:26:06.644 14671 14671 W ResourceType: Failure getting entry for 0x7f02039c (t=1 e=924) (error -75)
09-24 18:26:06.645 14671 14671 W ResourceType: No package identifier when getting value for resource number 0x00000000
09-24 18:26:06.672 14671 14671 W ResourceType: For resource 0x7f02039c, entry index(924) is beyond type entryCount(7)
09-24 18:26:06.672 14671 14671 W ResourceType: Failure getting entry for 0x7f02039c (t=1 e=924) (error -75)
09-24 18:26:06.673 14671 14671 W ResourceType: No package identifier when getting value for resource number 0x00000000
09-24 18:26:06.691 14671 14671 W ResourceType: For resource 0x7f0201c1, entry index(449) is beyond type entryCount(7)
09-24 18:26:06.691 14671 14671 W ResourceType: Failure getting entry for 0x7f0201c1 (t=1 e=449) (error -75)
09-24 18:26:06.691 14671 14671 W ResourceType: No package identifier when getting value for resource number 0x00000000
09-24 18:26:06.697 14671 14671 W ResourceType: No package identifier when getting value for resource number 0x00000000
09-24 18:26:06.699 14671 14671 W ResourceType: For resource 0x7f0201c3, entry index(451) is beyond type entryCount(7)
09-24 18:26:06.699 14671 14671 W ResourceType: Failure getting entry for 0x7f0201c3 (t=1 e=451) (error -75)
09-24 18:26:06.699 14671 14671 W ResourceType: No package identifier when getting value for resource number 0x00000000
09-24 18:26:06.704 14671 14671 W ResourceType: No package identifier when getting value for resource number 0x00000000
09-24 18:26:06.705 14671 14671 W ResourceType: For resource 0x7f0201c2, entry index(450) is beyond type entryCount(7)
09-24 18:26:06.705 14671 14671 W ResourceType: Failure getting entry for 0x7f0201c2 (t=1 e=450) (error -75)
09-24 18:26:06.705 14671 14671 W ResourceType: No package identifier when getting value for resource number 0x00000000
09-24 18:26:06.706 14671 14671 W ResourceType: No package identifier when getting value for resource number 0x00000000
09-24 18:26:06.707 14671 14671 W ResourceType: For resource 0x7f0201c4, entry index(452) is beyond type entryCount(7)
09-24 18:26:06.707 14671 14671 W ResourceType: Failure getting entry for 0x7f0201c4 (t=1 e=452) (error -75)
09-24 18:26:06.707 14671 14671 W ResourceType: No package identifier when getting value for resource number 0x00000000
09-24 18:26:06.709 14671 14671 W ResourceType: No package identifier when getting value for resource number 0x00000000
09-24 18:26:06.713 14671 14671 W ResourceType: No known package when getting value for resource number 0x022400b3
09-24 18:26:06.713 14671 14671 W ResourceType: No known package when getting value for resource number 0x022400b3
09-24 18:26:06.723  1331  4402 D GpsLocationProvider: reportNmea $GPGSV,2,1,07,05,12,108,,08,00,000,,10,16,299,,12,00,000,*7D  timestamp = 1506248766723
09-24 18:26:06.723  1331  4402 D GpsLocationProvider: reportNmea $GPGSV,2,2,07,13,29,050,,14,00,000,,15,62,039,*4D  timestamp = 1506248766723
09-24 18:26:06.723  1331  4402 D GpsLocationProvider: reportNmea $GLGSV,3,1,11,66,09,080,,82,20,215,,77,44,090,,76,15,028,*6E  timestamp = 1506248766723
09-24 18:26:06.723  1331  4402 D GpsLocationProvider: reportNmea $GLGSV,3,2,11,79,00,000,,69,01,282,,84,15,330,,83,38,272,*63  timestamp = 1506248766723
09-24 18:26:06.723  1331  4402 D GpsLocationProvider: reportNmea $GLGSV,3,3,11,81,00,000,,67,49,039,,68,41,312,*51  timestamp = 1506248766723
09-24 18:26:06.723  1331  4402 D GpsLocationProvider: reportNmea $GPGSA,A,1,,,,,,,,,,,,,,,*1E  timestamp = 1506248766723
09-24 18:26:06.723  1331  4402 D GpsLocationProvider: reportNmea $GPVTG,,T,,M,,N,,K,N*2C  timestamp = 1506248766723
09-24 18:26:06.723  1331  4402 D GpsLocationProvider: reportNmea $GPRMC,,V,,,,,,,,,,N*53  timestamp = 1506248766723
09-24 18:26:06.723  1331  4402 D GpsLocationProvider: reportNmea $GPGGA,,,,,,0,,,,,,,,*66  timestamp = 1506248766723
09-24 18:26:06.748 14671 14671 W ResourceType: No package identifier when getting value for resource number 0x00000000
09-24 18:26:06.749 14671 14671 W ResourceType: No package identifier when getting value for resource number 0x00000000
09-24 18:26:06.749 14671 14671 W ResourceType: No package identifier when getting value for resource number 0x00000000
09-24 18:26:06.750 14671 14671 W ResourceType: No package identifier when getting value for resource number 0x00000000
09-24 18:26:06.751 14671 14671 W ResourceType: No package identifier when getting value for resource number 0x00000000
09-24 18:26:06.751 14671 14671 W ResourceType: No package identifier when getting value for resource number 0x00000000
09-24 18:26:06.752 14671 14671 W ResourceType: No package identifier when getting value for resource number 0x00000000
09-24 18:26:06.753 14671 14671 W ResourceType: No package identifier when getting value for resource number 0x00000000
09-24 18:26:06.753 14671 14671 W ResourceType: No package identifier when getting value for resource number 0x00000000
09-24 18:26:06.754 14671 14671 W ResourceType: No package identifier when getting value for resource number 0x00000000
09-24 18:26:06.755 14671 14671 W ResourceType: No package identifier when getting value for resource number 0x00000000
09-24 18:26:06.756 14671 14671 W ResourceType: No package identifier when getting value for resource number 0x00000000
09-24 18:26:06.759 14671 14671 W ResourceType: No package identifier when getting value for resource number 0x00000000
09-24 18:26:06.760 14671 14671 W ResourceType: No package identifier when getting value for resource number 0x00000000
09-24 18:26:06.761 14671 14671 W ResourceType: No package identifier when getting value for resource number 0x00000000
09-24 18:26:06.763 14671 14671 W ResourceType: No package identifier when getting value for resource number 0x00000000
09-24 18:26:06.764 14671 14671 W ResourceType: No package identifier when getting value for resource number 0x00000000
09-24 18:26:06.764 14671 14671 W ResourceType: No package identifier when getting value for resource number 0x00000000
09-24 18:26:06.770 14671 14671 W ResourceType: No package identifier when getting value for resource number 0x00000000
09-24 18:26:06.777 14671 14671 D QBViewPager: ----------------------
09-24 18:26:06.777 14671 14671 D QBViewPager: scrollTo 0
09-24 18:26:06.777 14671 14671 D QBViewPager: ----------------------
09-24 18:26:06.778 14671 14671 W ResourceType: No known package when getting value for resource number 0x022400b2
09-24 18:26:06.778 14671 14671 W ResourceType: No known package when getting value for resource number 0x022400b2
09-24 18:26:06.785 14671 14671 W ResourceType: No package identifier when getting value for resource number 0x00000000
09-24 18:26:06.789 14671 14671 W ResourceType: No known package when getting value for resource number 0x022400b4
09-24 18:26:06.789 14671 14671 W ResourceType: No known package when getting value for resource number 0x022400b4
09-24 18:26:06.791 14671 14671 W ResourceType: No known package when getting value for resource number 0x022400b6
09-24 18:26:06.791 14671 14671 W ResourceType: No known package when getting value for resource number 0x022400b6
09-24 18:26:06.792 14671 14671 W ResourceType: No known package when getting value for resource number 0x022400b6
09-24 18:26:06.793 14671 14671 W ResourceType: No known package when getting value for resource number 0x022400b6
09-24 18:26:06.796 14671 14671 D TMYPAGER: onmeasure
09-24 18:26:06.797 14671 14671 V QBViewPager: Measuring #0 com.tencent.mtt.browser.homepage.a.a.ae{c96efe9 V.E...... ......ID 0,0-1080,1530}: 1073742904
09-24 18:26:06.813 14671 14671 D TMYPAGER: onmeasure
09-24 18:26:06.813 14671 14671 V QBViewPager: Measuring #0 com.tencent.mtt.browser.homepage.a.a.ae{c96efe9 V.E...... ......ID 0,0-1080,1530}: 1073742904
09-24 18:26:06.815 14671 14671 D QBViewPager: viewpager onlayout!
09-24 18:26:06.818 14671 14671 D TMYGALLERY: viewpager onlayout!
09-24 18:26:06.842  1331  4500 W ActivityManager_Service: Unable to start service Intent { act=com.googlecode.eyesfree.braille.service.ACTION_SELF_BRAILLE_SERVICE pkg=com.googlecode.eyesfree.brailleback } U=0: not found
09-24 18:26:06.842 14671 14671 E d       : Failed to bind to service
09-24 18:26:06.846   357   357 W auditd  : type=1400 "MemoryCheckThre""mem""debugfs"
09-24 18:26:06.846   357   357 W auditd  : type=1400 "MemoryCheckThre""mem""debugfs"
09-24 18:26:06.866 14671 14671 I TextToSpeech: Sucessfully bound to com.svox.pico
09-24 18:26:06.868  1331  4650 W ActivityManager_Service: Unable to start service Intent { act=com.googlecode.eyesfree.braille.service.ACTION_SELF_BRAILLE_SERVICE pkg=com.googlecode.eyesfree.brailleback } U=0: not found
09-24 18:26:06.868 14671 14671 E d       : Failed to bind to service
09-24 18:26:06.931   357   357 W auditd  : type=1400 "ps""/proc/350""proc"
09-24 18:26:06.932   357   357 W auditd  : type=1400 "ps""task""proc"
09-24 18:26:06.918 14671 14671 I TextToSpeech: Connected to ComponentInfo{com.svox.pico/com.svox.pico.PicoService}
09-24 18:26:06.921 14671 14671 W ResourceType: No known package when getting value for resource number 0x022400af
09-24 18:26:06.921 14671 14671 W ResourceType: No known package when getting value for resource number 0x022400af
09-24 18:26:06.924 14671 14671 W ResourceType: No known package when getting value for resource number 0x022400b3
09-24 18:26:06.924 14671 14671 W ResourceType: No known package when getting value for resource number 0x022400b3
09-24 18:26:06.928 14671 14671 W ResourceType: No known package when getting value for resource number 0x022400b4
09-24 18:26:06.928 14671 14671 W ResourceType: No known package when getting value for resource number 0x022400b4
09-24 18:26:06.930 14671 14671 W ResourceType: No known package when getting value for resource number 0x022400b6
09-24 18:26:06.930 14671 14671 W ResourceType: No known package when getting value for resource number 0x022400b6
09-24 18:26:06.935 14671 14671 W ResourceType: No known package when getting value for resource number 0x022400b6
09-24 18:26:06.935 14671 14671 W ResourceType: No known package when getting value for resource number 0x022400b6
09-24 18:26:06.937 14671 14786 I TextToSpeech: Set up connection to ComponentInfo{com.svox.pico/com.svox.pico.PicoService}
09-24 18:26:06.991 14671 14766 W chromium: [WARNING:jni_string.cc(28)] ConvertJavaStringToUTF8 called with null string.
09-24 18:26:06.991 14671 14766 W chromium: [WARNING:jni_string.cc(28)] ConvertJavaStringToUTF8 called with null string.
09-24 18:26:07.073 14671 14680 W art     : Suspending all threads took: 7.481ms
09-24 18:26:07.086 14671 14680 I art     : Background sticky concurrent mark sweep GC freed 44575(4MB) AllocSpace objects, 0(0B) LOS objects, 32% free, 5MB/8MB, paused 8.640ms total 40.667ms
09-24 18:26:07.120   357   357 W auditd  : type=1400 "MemoryCheckThre""mem""debugfs"
09-24 18:26:07.121   357   357 W auditd  : type=1400 "MemoryCheckThre""mem""debugfs"
09-24 18:26:07.121 14671 14768 W System.err: java.io.FileNotFoundException: x5memcfg.properties
09-24 18:26:07.124 14671 14768 W System.err: 	at android.content.res.AssetManager.openAsset(Native Method)
09-24 18:26:07.124 14671 14768 W System.err: 	at android.content.res.AssetManager.open(AssetManager.java:313)
09-24 18:26:07.124 14671 14768 W System.err: 	at android.content.res.AssetManager.open(AssetManager.java:287)
09-24 18:26:07.124 14671 14768 W System.err: 	at org.chromium.base.MemoryChecker.c(Unknown Source)
09-24 18:26:07.124 14671 14768 W System.err: 	at org.chromium.base.MemoryChecker.a(Unknown Source)
09-24 18:26:07.124 14671 14768 W System.err: 	at org.chromium.base.MemoryChecker.c(Unknown Source)
09-24 18:26:07.124 14671 14768 W System.err: 	at org.chromium.base.MemoryChecker.b(Unknown Source)
09-24 18:26:07.124 14671 14768 W System.err: 	at org.chromium.base.MemoryChecker$MemoryCheckHandler.handleMessage(Unknown Source)
09-24 18:26:07.124 14671 14768 W System.err: 	at android.os.Handler.dispatchMessage(Handler.java:102)
09-24 18:26:07.124 14671 14768 W System.err: 	at android.os.Looper.loop(Looper.java:152)
09-24 18:26:07.124 14671 14768 W System.err: 	at android.os.HandlerThread.run(HandlerThread.java:61)
09-24 18:26:07.299 14671 14671 W ResourceType: No package identifier when getting name for resource number 0x00018704
09-24 18:26:07.300 14671 14671 W ResourceType: No package identifier when getting name for resource number 0x00000001
09-24 18:26:07.300 14671 14671 W ResourceType: No package identifier when getting name for resource number 0x00000002
09-24 18:26:07.300 14671 14671 W ResourceType: No package identifier when getting name for resource number 0x000f0002
09-24 18:26:07.301 14671 14671 W ResourceType: No package identifier when getting name for resource number 0x00000001
09-24 18:26:07.301 14671 14671 W ResourceType: No package identifier when getting name for resource number 0x000f0001
09-24 18:26:07.302 14671 14671 W ResourceType: No package identifier when getting name for resource number 0x000f0002
09-24 18:26:07.302 14671 14671 W ResourceType: No package identifier when getting name for resource number 0x000f0002
09-24 18:26:07.303 14671 14671 W ResourceType: No package identifier when getting name for resource number 0x00000001
09-24 18:26:07.303 14671 14671 W ResourceType: No package identifier when getting name for resource number 0x00000064
09-24 18:26:07.303 14671 14671 W ResourceType: No package identifier when getting name for resource number 0x00000065
09-24 18:26:07.304 14671 14671 W ResourceType: No package identifier when getting name for resource number 0x00000068
09-24 18:26:07.304 14671 14671 W ResourceType: No package identifier when getting name for resource number 0x00000066
09-24 18:26:07.304 14671 14671 W ResourceType: No package identifier when getting name for resource number 0x00000067
09-24 18:26:07.304 14671 14671 W ResourceType: No package identifier when getting name for resource number 0x00000062
09-24 18:26:07.304 14671 14671 W ResourceType: No package identifier when getting name for resource number 0x000000c8
09-24 18:26:07.305 14671 14671 W ResourceType: No package identifier when getting name for resource number 0x000000ca
09-24 18:26:07.305 14671 14671 W ResourceType: No package identifier when getting name for resource number 0x000000cb
09-24 18:26:07.305 14671 14671 W ResourceType: No package identifier when getting name for resource number 0x000000c9
09-24 18:26:07.305 14671 14671 W ResourceType: No package identifier when getting name for resource number 0x00000061
09-24 18:26:07.345  4131  4131 D wpa_supplicant: wlan0: Control interface command 'SIGNAL_POLL'
09-24 18:26:07.347  4131  4131 D wpa_supplicant: CTRL-DEBUG: global_ctrl_sock-sendto: sock=12 sndbuf=212992 outq=0 send_len=48
09-24 18:26:07.369  1331  3827 W ActivityManager_Service: Unable to start service Intent { act=com.googlecode.eyesfree.braille.service.ACTION_SELF_BRAILLE_SERVICE pkg=com.googlecode.eyesfree.brailleback } U=0: not found
09-24 18:26:07.369 14671 14671 E d       : Failed to bind to service
09-24 18:26:07.404   540  3643 D audio_hw_primary: out_standby: enter: stream (0xf2987f00) usecase(1: low-latency-playback)
09-24 18:26:07.443   357   357 W auditd  : type=1400 "MemoryCheckThre""mem""debugfs"
09-24 18:26:07.443   357   357 W auditd  : type=1400 "MemoryCheckThre""mem""debugfs"
09-24 18:26:07.424 14671 14803 I DpmTcmClient: RegisterTcmMonitor from: com.android.okhttp.TcmIdleTimerMonitor
09-24 18:26:07.432 14671 14768 I memcheck: needTrimMemory: trimFrom = 0, vmSize = 1750208, totalPss = 63154, avail = 2127080, sRunningMemAgressiveGrowthLimit = 2277924, sRunningMemGentleGrowthLimit = 2277924, sAvailableMemoryThreshold = 221184
09-24 18:26:07.482   540  3643 D audio_hw_primary: disable_audio_route: reset and update mixer path: low-latency-playback speaker
09-24 18:26:07.484   540  3643 D soundtrigger: audio_extn_sound_trigger_update_stream_status: uc_id 1 of type 0 for Event 2, with Raise=0
09-24 18:26:07.484   540  3643 D hardware_info: hw_info_append_hw_type : device_name = speaker
09-24 18:26:07.484   540  3643 D audio_hw_primary: disable_snd_device: snd_device(2: speaker)
09-24 18:26:07.484   540  3643 I soundtrigger: audio_extn_sound_trigger_update_device_status: device 0x2 of type 0 for Event 0, with Raise=0
09-24 18:26:07.579 14671 14671 W ResourceType: No package identifier when getting name for resource number 0x00018704
09-24 18:26:07.579 14671 14671 W ResourceType: No package identifier when getting name for resource number 0x00000001
09-24 18:26:07.580 14671 14671 W ResourceType: No package identifier when getting name for resource number 0x00000002
09-24 18:26:07.580 14671 14671 W ResourceType: No package identifier when getting name for resource number 0x000f0002
09-24 18:26:07.581 14671 14671 W ResourceType: No package identifier when getting name for resource number 0x00000001
09-24 18:26:07.581 14671 14671 W ResourceType: No package identifier when getting name for resource number 0x000f0001
09-24 18:26:07.581 14671 14671 W ResourceType: No package identifier when getting name for resource number 0x000f0002
09-24 18:26:07.582 14671 14671 W ResourceType: No package identifier when getting name for resource number 0x000f0002
09-24 18:26:07.582 14671 14671 W ResourceType: No package identifier when getting name for resource number 0x00000001
09-24 18:26:07.582 14671 14671 W ResourceType: No package identifier when getting name for resource number 0x00000064
09-24 18:26:07.583 14671 14671 W ResourceType: No package identifier when getting name for resource number 0x00000065
09-24 18:26:07.583 14671 14671 W ResourceType: No package identifier when getting name for resource number 0x00000068
09-24 18:26:07.583 14671 14671 W ResourceType: No package identifier when getting name for resource number 0x00000066
09-24 18:26:07.583 14671 14671 W ResourceType: No package identifier when getting name for resource number 0x00000067
09-24 18:26:07.583 14671 14671 W ResourceType: No package identifier when getting name for resource number 0x00000062
09-24 18:26:07.584 14671 14671 W ResourceType: No package identifier when getting name for resource number 0x000000c8
09-24 18:26:07.584 14671 14671 W ResourceType: No package identifier when getting name for resource number 0x000000ca
09-24 18:26:07.584 14671 14671 W ResourceType: No package identifier when getting name for resource number 0x000000cb
09-24 18:26:07.584 14671 14671 W ResourceType: No package identifier when getting name for resource number 0x000000c9
09-24 18:26:07.584 14671 14671 W ResourceType: No package identifier when getting name for resource number 0x00000061
09-24 18:26:07.615   357   357 W auditd  : type=1400 "MemoryCheckThre""mem""debugfs"
09-24 18:26:07.616   357   357 W auditd  : type=1400 "MemoryCheckThre""mem""debugfs"
09-24 18:26:07.666 14671 14671 I chromium: [INFO:SkUtilsArm.cpp(179)] Device supports ARM NEON instructions!
09-24 18:26:07.666 14671 14671 I chromium: 
09-24 18:26:07.722  1331  4402 D GpsLocationProvider: reportNmea $GPGSV,2,1,07,05,12,108,,08,00,000,,10,16,299,,12,00,000,*7D  timestamp = 1506248767722
09-24 18:26:07.722  1331  4402 D GpsLocationProvider: reportNmea $GPGSV,2,2,07,13,29,050,,14,00,000,,15,62,039,*4D  timestamp = 1506248767722
